ARM Linker, 5.03 [Build 24] [MDK-ARM Standard][RL-ARM]

==============================================================================

Section Cross References

    stm32fxxx_it.o(i.EXTI1_IRQHandler) refers to stm32f2xx_exti.o(i.EXTI_GetITStatus) for EXTI_GetITStatus
    stm32fxxx_it.o(i.EXTI1_IRQHandler) refers to stm32f2xx_exti.o(i.EXTI_ClearITPendingBit) for EXTI_ClearITPendingBit
    stm32fxxx_it.o(i.EXTI1_IRQHandler) refers to dual_core_demo.o(.bss) for USB_Host
    stm32fxxx_it.o(i.OTG_FS_IRQHandler) refers to usb_hcd_int.o(i.USBH_OTG_ISR_Handler) for USBH_OTG_ISR_Handler
    stm32fxxx_it.o(i.OTG_FS_IRQHandler) refers to dual_core_demo.o(.bss) for USB_OTG_FS_Core
    stm32fxxx_it.o(i.OTG_HS_IRQHandler) refers to usb_hcd_int.o(i.USBH_OTG_ISR_Handler) for USBH_OTG_ISR_Handler
    stm32fxxx_it.o(i.OTG_HS_IRQHandler) refers to dual_core_demo.o(.bss) for USB_OTG_Core
    stm32fxxx_it.o(i.SysTick_Handler) refers to stm322xg_eval_ioe.o(i.Key_ReadIOPin) for Key_ReadIOPin
    stm32fxxx_it.o(i.SysTick_Handler) refers to dual_core_demo.o(i.Demo_ProbeKey) for Demo_ProbeKey
    stm32fxxx_it.o(i.TIM2_IRQHandler) refers to usb_bsp.o(i.USB_OTG_BSP_TimerIRQ) for USB_OTG_BSP_TimerIRQ
    usb_bsp.o(i.BSP_Delay) refers to usb_bsp.o(i.BSP_SetTime) for BSP_SetTime
    usb_bsp.o(i.BSP_Delay) refers to stm32f2xx_tim.o(i.TIM_Cmd) for TIM_Cmd
    usb_bsp.o(i.BSP_Delay) refers to usb_bsp.o(.data) for .data
    usb_bsp.o(i.BSP_SetTime) refers to stm32f2xx_tim.o(i.TIM_Cmd) for TIM_Cmd
    usb_bsp.o(i.BSP_SetTime) refers to stm32f2xx_tim.o(i.TIM_ITConfig) for TIM_ITConfig
    usb_bsp.o(i.BSP_SetTime) refers to stm32f2xx_tim.o(i.TIM_TimeBaseInit) for TIM_TimeBaseInit
    usb_bsp.o(i.BSP_SetTime) refers to stm32f2xx_tim.o(i.TIM_ClearITPendingBit) for TIM_ClearITPendingBit
    usb_bsp.o(i.BSP_SetTime) refers to stm32f2xx_tim.o(i.TIM_ARRPreloadConfig) for TIM_ARRPreloadConfig
    usb_bsp.o(i.USB_OTG_BSP_ConfigVBUS) refers to stm32f2xx_rcc.o(i.RCC_AHB1PeriphClockCmd) for RCC_AHB1PeriphClockCmd
    usb_bsp.o(i.USB_OTG_BSP_ConfigVBUS) refers to stm32f2xx_gpio.o(i.GPIO_Init) for GPIO_Init
    usb_bsp.o(i.USB_OTG_BSP_ConfigVBUS) refers to stm32f2xx_gpio.o(i.GPIO_SetBits) for GPIO_SetBits
    usb_bsp.o(i.USB_OTG_BSP_ConfigVBUS) refers to usb_bsp.o(i.USB_OTG_BSP_mDelay) for USB_OTG_BSP_mDelay
    usb_bsp.o(i.USB_OTG_BSP_DriveVBUS) refers to stm32f2xx_gpio.o(i.GPIO_ResetBits) for GPIO_ResetBits
    usb_bsp.o(i.USB_OTG_BSP_DriveVBUS) refers to stm32f2xx_gpio.o(i.GPIO_SetBits) for GPIO_SetBits
    usb_bsp.o(i.USB_OTG_BSP_EnableInterrupt) refers to misc.o(i.NVIC_PriorityGroupConfig) for NVIC_PriorityGroupConfig
    usb_bsp.o(i.USB_OTG_BSP_EnableInterrupt) refers to misc.o(i.NVIC_Init) for NVIC_Init
    usb_bsp.o(i.USB_OTG_BSP_Init) refers to stm32f2xx_rcc.o(i.RCC_AHB1PeriphClockCmd) for RCC_AHB1PeriphClockCmd
    usb_bsp.o(i.USB_OTG_BSP_Init) refers to stm32f2xx_gpio.o(i.GPIO_Init) for GPIO_Init
    usb_bsp.o(i.USB_OTG_BSP_Init) refers to stm32f2xx_gpio.o(i.GPIO_PinAFConfig) for GPIO_PinAFConfig
    usb_bsp.o(i.USB_OTG_BSP_Init) refers to stm32f2xx_rcc.o(i.RCC_APB2PeriphClockCmd) for RCC_APB2PeriphClockCmd
    usb_bsp.o(i.USB_OTG_BSP_Init) refers to stm32f2xx_rcc.o(i.RCC_AHB2PeriphClockCmd) for RCC_AHB2PeriphClockCmd
    usb_bsp.o(i.USB_OTG_BSP_Init) refers to misc.o(i.NVIC_SetVectorTable) for NVIC_SetVectorTable
    usb_bsp.o(i.USB_OTG_BSP_Init) refers to misc.o(i.NVIC_PriorityGroupConfig) for NVIC_PriorityGroupConfig
    usb_bsp.o(i.USB_OTG_BSP_Init) refers to misc.o(i.NVIC_Init) for NVIC_Init
    usb_bsp.o(i.USB_OTG_BSP_Init) refers to stm32f2xx_rcc.o(i.RCC_APB1PeriphClockCmd) for RCC_APB1PeriphClockCmd
    usb_bsp.o(i.USB_OTG_BSP_TimerIRQ) refers to stm32f2xx_tim.o(i.TIM_GetITStatus) for TIM_GetITStatus
    usb_bsp.o(i.USB_OTG_BSP_TimerIRQ) refers to stm32f2xx_tim.o(i.TIM_ClearITPendingBit) for TIM_ClearITPendingBit
    usb_bsp.o(i.USB_OTG_BSP_TimerIRQ) refers to stm32f2xx_tim.o(i.TIM_Cmd) for TIM_Cmd
    usb_bsp.o(i.USB_OTG_BSP_TimerIRQ) refers to usb_bsp.o(.data) for .data
    usb_bsp.o(i.USB_OTG_BSP_mDelay) refers to usb_bsp.o(i.BSP_Delay) for BSP_Delay
    usb_bsp.o(i.USB_OTG_BSP_uDelay) refers to usb_bsp.o(i.BSP_Delay) for BSP_Delay
    main.o(i.main) refers to dual_core_demo.o(i.Demo_Init) for Demo_Init
    main.o(i.main) refers to dual_core_demo.o(i.Demo_Process) for Demo_Process
    main.o(i.main) refers to stm32_eval.o(i.STM_EVAL_LEDToggle) for STM_EVAL_LEDToggle
    dual_core_demo.o(i.Demo_Application) refers to dual_core_demo.o(i.Demo_SelectItem) for Demo_SelectItem
    dual_core_demo.o(i.Demo_Application) refers to usb_hcd.o(i.HCD_IsDeviceConnected) for HCD_IsDeviceConnected
    dual_core_demo.o(i.Demo_Application) refers to printf8.o(i.__0printf$8) for __2printf
    dual_core_demo.o(i.Demo_Application) refers to usbh_core.o(i.USBH_DeInit) for USBH_DeInit
    dual_core_demo.o(i.Demo_Application) refers to ff.o(i.f_mount) for f_mount
[...]
    .data                                    0x200001cc   Section       23  usbh_hid_keybd.o(.data)
    shift                                    0x200001cc   Data           1  usbh_hid_keybd.o(.data)
    key_newest                               0x200001cd   Data           1  usbh_hid_keybd.o(.data)
    nbr_keys                                 0x200001ce   Data           1  usbh_hid_keybd.o(.data)
    nbr_keys_new                             0x200001cf   Data           1  usbh_hid_keybd.o(.data)
    nbr_keys_last                            0x200001d0   Data           1  usbh_hid_keybd.o(.data)
    keys                                     0x200001d1   Data           6  usbh_hid_keybd.o(.data)
    keys_new                                 0x200001d7   Data           6  usbh_hid_keybd.o(.data)
    keys_last                                0x200001dd   Data           6  usbh_hid_keybd.o(.data)
    .data                                    0x200001e3   Section        1  usbh_msc_scsi.o(.data)
    status                                   0x200001e3   Data           1  usbh_msc_scsi.o(.data)
    .data                                    0x200001e4   Section       16  usbh_msc_bot.o(.data)
    error_direction                          0x200001e4   Data           1  usbh_msc_bot.o(.data)
    remainingDataLength                      0x200001e8   Data           4  usbh_msc_bot.o(.data)
    datapointer                              0x200001ec   Data           4  usbh_msc_bot.o(.data)
    BOTStallErrorCount                       0x200001f0   Data           4  usbh_msc_bot.o(.data)
    .data                                    0x200001f4   Section        2  usbh_msc_core.o(.data)
    maxLunExceed                             0x200001f5   Data           1  usbh_msc_core.o(.data)
    .data                                    0x200001f8   Section       16  usbh_msc_core.o(.data)
    .data                                    0x20000208   Section        1  usbh_msc_fatfs.o(.data)
    Stat                                     0x20000208   Data           1  usbh_msc_fatfs.o(.data)
    .data                                    0x2000020c   Section       16  usbh_core.o(.data)
    timeout                                  0x2000020c   Data           2  usbh_core.o(.data)
    .data                                    0x2000021c   Section        4  stdout.o(.data)
    .bss                                     0x20000220   Section     5260  dual_core_demo.o(.bss)
    lfn                                      0x20000220   Data         256  dual_core_demo.o(.bss)
    lfn                                      0x20000320   Data         256  dual_core_demo.o(.bss)
    .bss                                     0x200016ac   Section      624  lcd_log.o(.bss)
    .bss                                     0x2000191c   Section      512  ff.o(.bss)
    LfnBuf                                   0x2000191c   Data         512  ff.o(.bss)
    .bss                                     0x20001b1c   Section       94  usbh_hid_core.o(.bss)
    .bss                                     0x20001b7c   Section      528  usbh_msc_scsi.o(.bss)
    .bss                                     0x20001d8c   Section       64  usbh_msc_bot.o(.bss)
    .bss                                     0x20001dcc   Section      522  usbh_msc_core.o(.bss)
    STACK                                    0x20001fd8   Section     1024  startup_stm32f2xx.o(STACK)

    Global Symbols

    Symbol Name                              Value     Ov Type        Size  Object(Section)

    BuildAttributes$$THM_ISAv4$P$D$K$B$S$PE$A:L22UL41UL21$X:L11$S22US41US21$IEEE1$IW$USESV6$~STKCKD$USESV7$~SHL$OSPACE$ROPI$EBA8$MICROLIB$REQ8$PRES8$EABIv2 0x00000000   Number         0  anon$$obj.o ABSOLUTE
    __ARM_use_no_argv                        0x00000000   Number         0  main.o ABSOLUTE
    _printf_a                                0x00000000   Number         0  stubs.o ABSOLUTE
    _printf_c                                0x00000000   Number         0  stubs.o ABSOLUTE
    _printf_charcount                        0x00000000   Number         0  stubs.o ABSOLUTE
    _printf_d                                0x00000000   Number         0  stubs.o ABSOLUTE
    _printf_e                                0x00000000   Number         0  stubs.o ABSOLUTE
    _printf_f                                0x00000000   Number         0  stubs.o ABSOLUTE
    _printf_flags                            0x00000000   Number         0  stubs.o ABSOLUTE
    _printf_fp_dec                           0x00000000   Number         0  stubs.o ABSOLUTE
    _printf_fp_hex                           0x00000000   Number         0  stubs.o ABSOLUTE
    _printf_g                                0x00000000   Number         0  stubs.o ABSOLUTE
    _printf_i                                0x00000000   Number         0  stubs.o ABSOLUTE
    _printf_int_dec                          0x00000000   Number         0  stubs.o ABSOLUTE
    _printf_l                                0x00000000   Number         0  stubs.o ABSOLUTE
    _printf_lc                               0x00000000   Number         0  stubs.o ABSOLUTE
    _printf_ll                               0x00000000   Number         0  stubs.o ABSOLUTE
    _printf_lld                              0x00000000   Number         0  stubs.o ABSOLUTE
    _printf_lli                              0x00000000   Number         0  stubs.o ABSOLUTE
    _printf_llo                              0x00000000   Number         0  stubs.o ABSOLUTE
    _printf_llu                              0x00000000   Number         0  stubs.o ABSOLUTE
    _printf_llx                              0x00000000   Number         0  stubs.o ABSOLUTE
    _printf_longlong_dec                     0x00000000   Number         0  stubs.o ABSOLUTE
    _printf_longlong_hex                     0x00000000   Number         0  stubs.o ABSOLUTE
    _printf_longlong_oct                     0x00000000   Number         0  stubs.o ABSOLUTE
    _printf_ls                               0x00000000   Number         0  stubs.o ABSOLUTE
    _printf_mbtowc                           0x00000000   Number         0  stubs.o ABSOLUTE
    _printf_n                                0x00000000   Number         0  stubs.o ABSOLUTE
    _printf_o                                0x00000000   Number         0  stubs.o ABSOLUTE
    _printf_p                                0x00000000   Number         0  stubs.o ABSOLUTE
    _printf_percent                          0x00000000   Number         0  stubs.o ABSOLUTE
    _printf_pre_padding                      0x00000000   Number         0  stubs.o ABSOLUTE
    _printf_return_value                     0x00000000   Number         0  stubs.o ABSOLUTE
    _printf_s                                0x00000000   Number         0  stubs.o ABSOLUTE
    _printf_sizespec                         0x00000000   Number         0  stubs.o ABSOLUTE
    _printf_str                              0x00000000   Number         0  stubs.o ABSOLUTE
    _printf_truncate_signed                  0x00000000   Number         0  stubs.o ABSOLUTE
    _printf_truncate_unsigned                0x00000000   Number         0  stubs.o ABSOLUTE
    _printf_u                                0x00000000   Number         0  stubs.o ABSOLUTE
    _printf_wc                               0x00000000   Number         0  stubs.o ABSOLUTE
    _printf_wctomb                           0x00000000   Number         0  stubs.o ABSOLUTE
    _printf_widthprec                        0x00000000   Number         0  stubs.o ABSOLUTE
    _printf_x                                0x00000000   Number         0  stubs.o ABSOLUTE
    __cpp_initialize__aeabi_                  - Undefined Weak Reference
    __cxa_finalize                            - Undefined Weak Reference
    _clock_init                               - Undefined Weak Reference
    _microlib_exit                            - Undefined Weak Reference
    __Vectors_Size                           0x00000184   Number         0  startup_stm32f2xx.o ABSOLUTE
    __Vectors                                0x08000000   Data           4  startup_stm32f2xx.o(RESET)
    __Vectors_End                            0x08000184   Data           0  startup_stm32f2xx.o(RESET)
    __main                                   0x08000185   Thumb Code     0  entry.o(.ARM.Collect$$$$00000000)
    _main_stk                                0x08000185   Thumb Code     0  entry2.o(.ARM.Collect$$$$00000001)
    _main_scatterload                        0x08000189   Thumb Code     0  entry5.o(.ARM.Collect$$$$00000004)
    __main_after_scatterload                 0x0800018d   Thumb Code     0  entry5.o(.ARM.Collect$$$$00000004)
    _main_clock                              0x0800018d   Thumb Code     0  entry7b.o(.ARM.Collect$$$$00000008)
    _main_cpp_init                           0x0800018d   Thumb Code     0  entry8b.o(.ARM.Collect$$$$0000000A)
    _main_init                               0x0800018d   Thumb Code     0  entry9a.o(.ARM.Collect$$$$0000000B)
    __rt_final_cpp                           0x08000195   Thumb Code     0  entry10a.o(.ARM.Collect$$$$0000000D)
    __rt_final_exit                          0x08000195   Thumb Code     0  entry11a.o(.ARM.Collect$$$$0000000F)
    Reset_Handler                            0x08000199   Thumb Code     8  startup_stm32f2xx.o(.text)
    ADC_IRQHandler                           0x080001b3   Thumb Code     0  startup_stm32f2xx.o(.text)
    CAN1_RX0_IRQHandler                      0x080001b3   Thumb Code     0  startup_stm32f2xx.o(.text)
    CAN1_RX1_IRQHandler                      0x080001b3   Thumb Code     0  startup_stm32f2xx.o(.text)
    CAN1_SCE_IRQHandler                      0x080001b3   Thumb Code     0  startup_stm32f2xx.o(.text)
    CAN1_TX_IRQHandler                       0x080001b3   Thumb Code     0  startup_stm32f2xx.o(.text)
    CAN2_RX0_IRQHandler                      0x080001b3   Thumb Code     0  startup_stm32f2xx.o(.text)
    CAN2_RX1_IRQHandler                      0x080001b3   Thumb Code     0  startup_stm32f2xx.o(.text)
    CAN2_SCE_IRQHandler                      0x080001b3   Thumb Code     0  startup_stm32f2xx.o(.text)
    CAN2_TX_IRQHandler                       0x080001b3   Thumb Code     0  startup_stm32f2xx.o(.text)
    CRYP_IRQHandler                          0x080001b3   Thumb Code     0  startup_stm32f2xx.o(.text)
    DCMI_IRQHandler                          0x080001b3   Thumb Code     0  startup_stm32f2xx.o(.text)
    DMA1_Stream0_IRQHandler                  0x080001b3   Thumb Code     0  startup_stm32f2xx.o(.text)
    DMA1_Stream1_IRQHandler                  0x080001b3   Thumb Code     0  startup_stm32f2xx.o(.text)
    DMA1_Stream2_IRQHandler                  0x080001b3   Thumb Code     0  startup_stm32f2xx.o(.text)
    DMA1_Stream3_IRQHandler                  0x080001b3   Thumb Code     0  startup_stm32f2xx.o(.text)
    DMA1_Stream4_IRQHandler                  0x080001b3   Thumb Code     0  startup_stm32f2xx.o(.text)
    DMA1_Stream5_IRQHandler                  0x080001b3   Thumb Code     0  startup_stm32f2xx.o(.text)
    DMA1_Stream6_IRQHandler                  0x080001b3   Thumb Code     0  startup_stm32f2xx.o(.text)
    DMA1_Stream7_IRQHandler                  0x080001b3   Thumb Code     0  startup_stm32f2xx.o(.text)
    DMA2_Stream0_IRQHandler                  0x080001b3   Thumb Code     0  startup_stm32f2xx.o(.text)
    DMA2_Stream1_IRQHandler                  0x080001b3   Thumb Code     0  startup_stm32f2xx.o(.text)
    DMA2_Stream2_IRQHandler                  0x080001b3   Thumb Code     0  startup_stm32f2xx.o(.text)
    DMA2_Stream3_IRQHandler                  0x080001b3   Thumb Code     0  startup_stm32f2xx.o(.text)
    DMA2_Stream4_IRQHandler                  0x080001b3   Thumb Code     0  startup_stm32f2xx.o(.text)
    DMA2_Stream5_IRQHandler                  0x080001b3   Thumb Code     0  startup_stm32f2xx.o(.text)
    DMA2_Stream6_IRQHandler                  0x080001b3   Thumb Code     0  startup_stm32f2xx.o(.text)
    DMA2_Stream7_IRQHandler                  0x080001b3   Thumb Code     0  startup_stm32f2xx.o(.text)
    ETH_IRQHandler                           0x080001b3   Thumb Code     0  startup_stm32f2xx.o(.text)
    ETH_WKUP_IRQHandler                      0x080001b3   Thumb Code     0  startup_stm32f2xx.o(.text)
    EXTI0_IRQHandler                         0x080001b3   Thumb Code     0  startup_stm32f2xx.o(.text)
    EXTI15_10_IRQHandler                     0x080001b3   Thumb Code     0  startup_stm32f2xx.o(.text)
    EXTI2_IRQHandler                         0x080001b3   Thumb Code     0  startup_stm32f2xx.o(.text)
    EXTI3_IRQHandler                         0x080001b3   Thumb Code     0  startup_stm32f2xx.o(.text)
    EXTI4_IRQHandler                         0x080001b3   Thumb Code     0  startup_stm32f2xx.o(.text)
    EXTI9_5_IRQHandler                       0x080001b3   Thumb Code     0  startup_stm32f2xx.o(.text)
    FLASH_IRQHandler                         0x080001b3   Thumb Code     0  startup_stm32f2xx.o(.text)
    FSMC_IRQHandler                          0x080001b3   Thumb Code     0  startup_stm32f2xx.o(.text)
    HASH_RNG_IRQHandler                      0x080001b3   Thumb Code     0  startup_stm32f2xx.o(.text)
    I2C1_ER_IRQHandler                       0x080001b3   Thumb Code     0  startup_stm32f2xx.o(.text)
    I2C1_EV_IRQHandler                       0x080001b3   Thumb Code     0  startup_stm32f2xx.o(.text)
    I2C2_ER_IRQHandler                       0x080001b3   Thumb Code     0  startup_stm32f2xx.o(.text)
    I2C2_EV_IRQHandler                       0x080001b3   Thumb Code     0  startup_stm32f2xx.o(.text)
    I2C3_ER_IRQHandler                       0x080001b3   Thumb Code     0  startup_stm32f2xx.o(.text)
    I2C3_EV_IRQHandler                       0x080001b3   Thumb Code     0  startup_stm32f2xx.o(.text)
    OTG_FS_WKUP_IRQHandler                   0x080001b3   Thumb Code     0  startup_stm32f2xx.o(.text)
    OTG_HS_EP1_IN_IRQHandler                 0x080001b3   Thumb Code     0  startup_stm32f2xx.o(.text)
    OTG_HS_EP1_OUT_IRQHandler                0x080001b3   Thumb Code     0  startup_stm32f2xx.o(.text)
    OTG_HS_WKUP_IRQHandler                   0x080001b3   Thumb Code     0  startup_stm32f2xx.o(.text)
    PVD_IRQHandler                           0x080001b3   Thumb Code     0  startup_stm32f2xx.o(.text)
    RCC_IRQHandler                           0x080001b3   Thumb Code     0  startup_stm32f2xx.o(.text)
    RTC_Alarm_IRQHandler                     0x080001b3   Thumb Code     0  startup_stm32f2xx.o(.text)
    RTC_WKUP_IRQHandler                      0x080001b3   Thumb Code     0  startup_stm32f2xx.o(.text)
    SDIO_IRQHandler                          0x080001b3   Thumb Code     0  startup_stm32f2xx.o(.text)
    SPI1_IRQHandler                          0x080001b3   Thumb Code     0  startup_stm32f2xx.o(.text)
    SPI2_IRQHandler                          0x080001b3   Thumb Code     0  startup_stm32f2xx.o(.text)
    SPI3_IRQHandler                          0x080001b3   Thumb Code     0  startup_stm32f2xx.o(.text)
    TAMP_STAMP_IRQHandler                    0x080001b3   Thumb Code     0  startup_stm32f2xx.o(.text)
    TIM1_BRK_TIM9_IRQHandler                 0x080001b3   Thumb Code     0  startup_stm32f2xx.o(.text)
    TIM1_CC_IRQHandler                       0x080001b3   Thumb Code     0  startup_stm32f2xx.o(.text)
    TIM1_TRG_COM_TIM11_IRQHandler            0x080001b3   Thumb Code     0  startup_stm32f2xx.o(.text)
    TIM1_UP_TIM10_IRQHandler                 0x080001b3   Thumb Code     0  startup_stm32f2xx.o(.text)
    TIM3_IRQHandler                          0x080001b3   Thumb Code     0  startup_stm32f2xx.o(.text)
    TIM4_IRQHandler                          0x080001b3   Thumb Code     0  startup_stm32f2xx.o(.text)
    TIM5_IRQHandler                          0x080001b3   Thumb Code     0  startup_stm32f2xx.o(.text)
    TIM6_DAC_IRQHandler                      0x080001b3   Thumb Code     0  startup_stm32f2xx.o(.text)
    TIM7_IRQHandler                          0x080001b3   Thumb Code     0  startup_stm32f2xx.o(.text)
    TIM8_BRK_TIM12_IRQHandler                0x080001b3   Thumb Code     0  startup_stm32f2xx.o(.text)
    TIM8_CC_IRQHandler                       0x080001b3   Thumb Code     0  startup_stm32f2xx.o(.text)
    TIM8_TRG_COM_TIM14_IRQHandler            0x080001b3   Thumb Code     0  startup_stm32f2xx.o(.text)
    TIM8_UP_TIM13_IRQHandler                 0x080001b3   Thumb Code     0  startup_stm32f2xx.o(.text)
    UART4_IRQHandler                         0x080001b3   Thumb Code     0  startup_stm32f2xx.o(.text)
    UART5_IRQHandler                         0x080001b3   Thumb Code     0  startup_stm32f2xx.o(.text)
    USART1_IRQHandler                        0x080001b3   Thumb Code     0  startup_stm32f2xx.o(.text)
    USART2_IRQHandler                        0x080001b3   Thumb Code     0  startup_stm32f2xx.o(.text)
    USART3_IRQHandler                        0x080001b3   Thumb Code     0  startup_stm32f2xx.o(.text)
    USART6_IRQHandler                        0x080001b3   Thumb Code     0  startup_stm32f2xx.o(.text)
    WWDG_IRQHandler                          0x080001b3   Thumb Code     0  startup_stm32f2xx.o(.text)
    strstr                                   0x080001bd   Thumb Code    36  strstr.o(.text)
    __aeabi_uldivmod                         0x080001e1   Thumb Code    98  uldiv.o(.text)
    __scatterload                            0x08000245   Thumb Code    28  init.o(.text)
    __scatterload_rt2                        0x08000245   Thumb Code     0  init.o(.text)
    __aeabi_llsl                             0x08000269   Thumb Code    30  llshl.o(.text)
    _ll_shift_l                              0x08000269   Thumb Code     0  llshl.o(.text)
    __aeabi_llsr                             0x08000287   Thumb Code    32  llushr.o(.text)
    _ll_ushift_r                             0x08000287   Thumb Code     0  llushr.o(.text)
    __decompress                             0x080002a7   Thumb Code     0  __dczerorl2.o(.text)
    __decompress1                            0x080002a7   Thumb Code    92  __dczerorl2.o(.text)
    BusFault_Handler                         0x08000393   Thumb Code     2  stm32fxxx_it.o(i.BusFault_Handler)
    DebugMon_Handler                         0x08000395   Thumb Code     2  stm32fxxx_it.o(i.DebugMon_Handler)
    Demo_Init                                0x08000a51   Thumb Code   168  dual_core_demo.o(i.Demo_Init)
    Demo_ProbeKey                            0x08000b9d   Thumb Code   120  dual_core_demo.o(i.Demo_ProbeKey)
    Demo_Process                             0x08000c21   Thumb Code    46  dual_core_demo.o(i.Demo_Process)
    EXTI1_IRQHandler                         0x08000d29   Thumb Code    32  stm32fxxx_it.o(i.EXTI1_IRQHandler)
    EXTI_ClearITPendingBit                   0x08000d4d   Thumb Code     6  stm32f2xx_exti.o(i.EXTI_ClearITPendingBit)
    EXTI_GetITStatus                         0x08000d59   Thumb Code    28  stm32f2xx_exti.o(i.EXTI_GetITStatus)
    GPIO_Init                                0x08000eed   Thumb Code   162  stm32f2xx_gpio.o(i.GPIO_Init)
    GPIO_PinAFConfig                         0x08000f8f   Thumb Code    32  stm32f2xx_gpio.o(i.GPIO_PinAFConfig)
    GPIO_ReadInputDataBit                    0x08000faf   Thumb Code    14  stm32f2xx_gpio.o(i.GPIO_ReadInputDataBit)
    GPIO_ResetBits                           0x08000fbd   Thumb Code     4  stm32f2xx_gpio.o(i.GPIO_ResetBits)
    GPIO_SetBits                             0x08000fc1   Thumb Code     4  stm32f2xx_gpio.o(i.GPIO_SetBits)
    HCD_GetCurrentFrame                      0x08000fc5   Thumb Code     8  usb_hcd.o(i.HCD_GetCurrentFrame)
    HCD_GetCurrentSpeed                      0x08000fcd   Thumb Code    12  usb_hcd.o(i.HCD_GetCurrentSpeed)
    HCD_GetURB_State                         0x08000fd9   Thumb Code     8  usb_hcd.o(i.HCD_GetURB_State)
    HCD_GetXferCnt                           0x08000fe1   Thumb Code    10  usb_hcd.o(i.HCD_GetXferCnt)
    HCD_Init                                 0x08000feb   Thumb Code    86  usb_hcd.o(i.HCD_Init)
    HCD_IsDeviceConnected                    0x08001041   Thumb Code     6  usb_hcd.o(i.HCD_IsDeviceConnected)
    HCD_ResetPort                            0x08001047   Thumb Code    10  usb_hcd.o(i.HCD_ResetPort)
    HCD_SubmitRequest                        0x08001051   Thumb Code    20  usb_hcd.o(i.HCD_SubmitRequest)
    HID_MOUSE_ButtonPressed                  0x08001065   Thumb Code    68  usbh_usr_lcd.o(i.HID_MOUSE_ButtonPressed)
    HID_MOUSE_ButtonReleased                 0x080010a9   Thumb Code    68  usbh_usr_lcd.o(i.HID_MOUSE_ButtonReleased)
    HID_MOUSE_UpdatePosition                 0x080010ed   Thumb Code   164  usbh_usr_lcd.o(i.HID_MOUSE_UpdatePosition)
    HardFault_Handler                        0x08001195   Thumb Code     2  stm32fxxx_it.o(i.HardFault_Handler)
    IOE_Config                               0x08001199   Thumb Code    98  stm322xg_eval_ioe.o(i.IOE_Config)
    Key_ReadIOPin                            0x08001409   Thumb Code   212  stm322xg_eval_ioe.o(i.Key_ReadIOPin)
    LCD_Clear                                0x080014e5   Thumb Code   144  ltm022a69b.o(i.LCD_Clear)
    LCD_ClearLine                            0x08001579   Thumb Code    32  ltm022a69b.o(i.LCD_ClearLine)
    LCD_DisplayChar                          0x0800159d   Thumb Code    26  ltm022a69b.o(i.LCD_DisplayChar)
    LCD_DisplayStringLine                    0x080015bd   Thumb Code    42  ltm022a69b.o(i.LCD_DisplayStringLine)
    LCD_DrawChar                             0x080015ed   Thumb Code   214  ltm022a69b.o(i.LCD_DrawChar)
    LCD_DrawFullRect                         0x080016cd   Thumb Code   166  ltm022a69b.o(i.LCD_DrawFullRect)
    LCD_DrawRect                             0x0800177d   Thumb Code    84  ltm022a69b.o(i.LCD_DrawRect)
    LCD_GetFont                              0x080017d5   Thumb Code     6  ltm022a69b.o(i.LCD_GetFont)
    LCD_LOG_ClearTextZone                    0x080017e1   Thumb Code    38  lcd_log.o(i.LCD_LOG_ClearTextZone)
    LCD_LOG_DeInit                           0x08001809   Thumb Code    34  lcd_log.o(i.LCD_LOG_DeInit)
    LCD_LOG_Init                             0x08001831   Thumb Code    16  lcd_log.o(i.LCD_LOG_Init)
    LCD_LOG_SetHeader                        0x08001841   Thumb Code   136  lcd_log.o(i.LCD_LOG_SetHeader)
    LCD_SEND_COMMAND                         0x08001971   Thumb Code    94  ltm022a69b.o(i.LCD_SEND_COMMAND)
    LCD_SetBackColor                         0x080019d5   Thumb Code    12  ltm022a69b.o(i.LCD_SetBackColor)
    LCD_SetFont                              0x080019e5   Thumb Code     6  ltm022a69b.o(i.LCD_SetFont)
    LCD_SetTextColor                         0x080019f1   Thumb Code    12  ltm022a69b.o(i.LCD_SetTextColor)
    LCD_WRITE_COMMAND                        0x08001a01   Thumb Code    94  ltm022a69b.o(i.LCD_WRITE_COMMAND)
    LCD_WRITE_DATA                           0x08001a65   Thumb Code    22  ltm022a69b.o(i.LCD_WRITE_DATA)
    LCD_WRITE_REG                            0x08001a7d   Thumb Code    60  ltm022a69b.o(i.LCD_WRITE_REG)
    LCD_WriteRAM_Prepare                     0x08001abd   Thumb Code    34  ltm022a69b.o(i.LCD_WriteRAM_Prepare)
    MemManage_Handler                        0x08001b01   Thumb Code     2  stm32fxxx_it.o(i.MemManage_Handler)
    NMI_Handler                              0x08001b03   Thumb Code     2  stm32fxxx_it.o(i.NMI_Handler)
    NVIC_Init                                0x08001b05   Thumb Code    92  misc.o(i.NVIC_Init)
    NVIC_PriorityGroupConfig                 0x08001b69   Thumb Code    10  misc.o(i.NVIC_PriorityGroupConfig)
    NVIC_SetVectorTable                      0x08001b7d   Thumb Code    12  misc.o(i.NVIC_SetVectorTable)
    OTG_FS_IRQHandler                        0x08001b91   Thumb Code     6  stm32fxxx_it.o(i.OTG_FS_IRQHandler)
    OTG_HS_IRQHandler                        0x08001b9d   Thumb Code     6  stm32fxxx_it.o(i.OTG_HS_IRQHandler)
    PendSV_Handler                           0x08001ba9   Thumb Code     2  stm32fxxx_it.o(i.PendSV_Handler)
    RCC_AHB1PeriphClockCmd                   0x08001bad   Thumb Code    18  stm32f2xx_rcc.o(i.RCC_AHB1PeriphClockCmd)
    RCC_AHB2PeriphClockCmd                   0x08001bc5   Thumb Code    18  stm32f2xx_rcc.o(i.RCC_AHB2PeriphClockCmd)
    RCC_APB1PeriphClockCmd                   0x08001bdd   Thumb Code    18  stm32f2xx_rcc.o(i.RCC_APB1PeriphClockCmd)
    RCC_APB1PeriphResetCmd                   0x08001bf5   Thumb Code    18  stm32f2xx_rcc.o(i.RCC_APB1PeriphResetCmd)
    RCC_APB2PeriphClockCmd                   0x08001c0d   Thumb Code    18  stm32f2xx_rcc.o(i.RCC_APB2PeriphClockCmd)
    RCC_APB2PeriphResetCmd                   0x08001c25   Thumb Code    18  stm32f2xx_rcc.o(i.RCC_APB2PeriphResetCmd)
    SPI0_Init                                0x08001c3d   Thumb Code   166  ltm022a69b.o(i.SPI0_Init)
    SPI0_communication                       0x08001cf1   Thumb Code    48  ltm022a69b.o(i.SPI0_communication)
    SPI_Cmd                                  0x08001d25   Thumb Code    20  stm32f2xx_spi.o(i.SPI_Cmd)
    SPI_I2S_DeInit                           0x08001d39   Thumb Code    72  stm32f2xx_spi.o(i.SPI_I2S_DeInit)
    SPI_I2S_GetFlagStatus                    0x08001d8d   Thumb Code    14  stm32f2xx_spi.o(i.SPI_I2S_GetFlagStatus)
    SPI_I2S_ReceiveData                      0x08001d9b   Thumb Code     4  stm32f2xx_spi.o(i.SPI_I2S_ReceiveData)
    SPI_I2S_SendData                         0x08001d9f   Thumb Code     4  stm32f2xx_spi.o(i.SPI_I2S_SendData)
    SPI_Init                                 0x08001da3   Thumb Code    56  stm32f2xx_spi.o(i.SPI_Init)
    STM322xG_LCD_Init                        0x08001ddd   Thumb Code   580  ltm022a69b.o(i.STM322xG_LCD_Init)
    STM_EVAL_LEDInit                         0x08002025   Thumb Code    62  stm32_eval.o(i.STM_EVAL_LEDInit)
    STM_EVAL_LEDOff                          0x0800206d   Thumb Code    16  stm32_eval.o(i.STM_EVAL_LEDOff)
    STM_EVAL_LEDOn                           0x08002085   Thumb Code    16  stm32_eval.o(i.STM_EVAL_LEDOn)
    STM_EVAL_LEDToggle                       0x0800209d   Thumb Code    20  stm32_eval.o(i.STM_EVAL_LEDToggle)
    SVC_Handler                              0x080020b9   Thumb Code     2  stm32fxxx_it.o(i.SVC_Handler)
    SysTick_Handler                          0x0800229d   Thumb Code    14  stm32fxxx_it.o(i.SysTick_Handler)
    SystemInit                               0x080022ad   Thumb Code    62  system_stm32f2xx.o(i.SystemInit)
    TIM2_IRQHandler                          0x080022fd   Thumb Code     4  stm32fxxx_it.o(i.TIM2_IRQHandler)
    TIM_ARRPreloadConfig                     0x08002301   Thumb Code    20  stm32f2xx_tim.o(i.TIM_ARRPreloadConfig)
    TIM_ClearITPendingBit                    0x08002315   Thumb Code     6  stm32f2xx_tim.o(i.TIM_ClearITPendingBit)
    TIM_Cmd                                  0x0800231b   Thumb Code    20  stm32f2xx_tim.o(i.TIM_Cmd)
    TIM_GetITStatus                          0x0800232f   Thumb Code    24  stm32f2xx_tim.o(i.TIM_GetITStatus)
    TIM_ITConfig                             0x08002347   Thumb Code    16  stm32f2xx_tim.o(i.TIM_ITConfig)
    TIM_TimeBaseInit                         0x08002359   Thumb Code    96  stm32f2xx_tim.o(i.TIM_TimeBaseInit)
    USBH_Alloc_Channel                       0x08002461   Thumb Code    52  usbh_hcs.o(i.USBH_Alloc_Channel)
    USBH_BulkReceiveData                     0x08002495   Thumb Code    38  usbh_ioreq.o(i.USBH_BulkReceiveData)
    USBH_BulkSendData                        0x080024bb   Thumb Code    40  usbh_ioreq.o(i.USBH_BulkSendData)
    USBH_ClrFeature                          0x080024e3   Thumb Code    46  usbh_stdreq.o(i.USBH_ClrFeature)
    USBH_Connect                             0x08002511   Thumb Code    18  usbh_core.o(i.USBH_Connect)
    USBH_CtlReceiveData                      0x08002523   Thumb Code    34  usbh_ioreq.o(i.USBH_CtlReceiveData)
    USBH_CtlReq                              0x08002545   Thumb Code    80  usbh_ioreq.o(i.USBH_CtlReq)
    USBH_CtlSendData                         0x08002595   Thumb Code    54  usbh_ioreq.o(i.USBH_CtlSendData)
    USBH_CtlSendSetup                        0x080025cb   Thumb Code    36  usbh_ioreq.o(i.USBH_CtlSendSetup)
    USBH_DeAllocate_AllChannel               0x080025ef   Thumb Code    24  usbh_hcs.o(i.USBH_DeAllocate_AllChannel)
    USBH_DeInit                              0x08002607   Thumb Code    52  usbh_core.o(i.USBH_DeInit)
    USBH_Disconnect                          0x0800263b   Thumb Code    18  usbh_core.o(i.USBH_Disconnect)
    USBH_ErrorHandle                         0x0800264d   Thumb Code    40  usbh_core.o(i.USBH_ErrorHandle)
    USBH_Free_Channel                        0x08002675   Thumb Code    26  usbh_hcs.o(i.USBH_Free_Channel)
    USBH_GetDescriptor                       0x0800268f   Thumb Code    48  usbh_stdreq.o(i.USBH_GetDescriptor)
    USBH_Get_CfgDesc                         0x080026cd   Thumb Code    58  usbh_stdreq.o(i.USBH_Get_CfgDesc)
    USBH_Get_DevDesc                         0x08002707   Thumb Code   132  usbh_stdreq.o(i.USBH_Get_DevDesc)
    USBH_Get_StringDesc                      0x0800278b   Thumb Code    72  usbh_stdreq.o(i.USBH_Get_StringDesc)
    USBH_HID_USR_Configuration_DescAvailable 0x08002a99   Thumb Code    22  usbh_hid_usr.o(i.USBH_HID_USR_Configuration_DescAvailable)
    USBH_HID_USR_DeInit                      0x08002ab9   Thumb Code     2  usbh_hid_usr.o(i.USBH_HID_USR_DeInit)
    USBH_HID_USR_DeviceAddressAssigned       0x08002abb   Thumb Code     2  usbh_hid_usr.o(i.USBH_HID_USR_DeviceAddressAssigned)
    USBH_HID_USR_DeviceAttached              0x08002abd   Thumb Code     2  usbh_hid_usr.o(i.USBH_HID_USR_DeviceAttached)
    USBH_HID_USR_DeviceDisconnected          0x08002ac1   Thumb Code    36  usbh_hid_usr.o(i.USBH_HID_USR_DeviceDisconnected)
    USBH_HID_USR_DeviceNotSupported          0x08002af9   Thumb Code    14  usbh_hid_usr.o(i.USBH_HID_USR_DeviceNotSupported)
    USBH_HID_USR_DeviceSpeedDetected         0x08002b2d   Thumb Code    46  usbh_hid_usr.o(i.USBH_HID_USR_DeviceSpeedDetected)
    USBH_HID_USR_Device_DescAvailable        0x08002b65   Thumb Code     2  usbh_hid_usr.o(i.USBH_HID_USR_Device_DescAvailable)
    USBH_HID_USR_EnumerationDone             0x08002b69   Thumb Code    24  usbh_hid_usr.o(i.USBH_HID_USR_EnumerationDone)
    USBH_HID_USR_Init                        0x08002b8d   Thumb Code     2  usbh_hid_usr.o(i.USBH_HID_USR_Init)
    USBH_HID_USR_Manufacturer_String         0x08002b91   Thumb Code    32  usbh_hid_usr.o(i.USBH_HID_USR_Manufacturer_String)
    USBH_HID_USR_OverCurrentDetected         0x08002bd1   Thumb Code    30  usbh_hid_usr.o(i.USBH_HID_USR_OverCurrentDetected)
    USBH_HID_USR_Product_String              0x08002c1d   Thumb Code    32  usbh_hid_usr.o(i.USBH_HID_USR_Product_String)
    USBH_HID_USR_ResetDevice                 0x08002c59   Thumb Code     2  usbh_hid_usr.o(i.USBH_HID_USR_ResetDevice)
    USBH_HID_USR_SerialNum_String            0x08002c5d   Thumb Code    32  usbh_hid_usr.o(i.USBH_HID_USR_SerialNum_String)
    USBH_HID_USR_UnrecoveredError            0x08002c9d   Thumb Code    30  usbh_hid_usr.o(i.USBH_HID_USR_UnrecoveredError)
    USBH_HID_USR_UserInput                   0x08002ccd   Thumb Code    14  usbh_hid_usr.o(i.USBH_HID_USR_UserInput)
    USBH_HandleControl                       0x08002ce1   Thumb Code   458  usbh_core.o(i.USBH_HandleControl)
    USBH_Init                                0x08003035   Thumb Code    78  usbh_core.o(i.USBH_Init)
    USBH_InterruptReceiveData                0x08003089   Thumb Code    50  usbh_ioreq.o(i.USBH_InterruptReceiveData)
    USBH_MSC_BOT_Abort                       0x080030bd   Thumb Code    48  usbh_msc_bot.o(i.USBH_MSC_BOT_Abort)
    USBH_MSC_DecodeCSW                       0x08003101   Thumb Code    78  usbh_msc_bot.o(i.USBH_MSC_DecodeCSW)
    USBH_MSC_ErrorHandle                     0x0800315d   Thumb Code    42  usbh_msc_core.o(i.USBH_MSC_ErrorHandle)
    USBH_MSC_HandleBOTXfer                   0x080032f1   Thumb Code   514  usbh_msc_bot.o(i.USBH_MSC_HandleBOTXfer)
    USBH_MSC_Init                            0x08003501   Thumb Code    40  usbh_msc_bot.o(i.USBH_MSC_Init)
    USBH_MSC_ModeSense6                      0x08003611   Thumb Code   142  usbh_msc_scsi.o(i.USBH_MSC_ModeSense6)
    USBH_MSC_Read10                          0x080036ad   Thumb Code   204  usbh_msc_scsi.o(i.USBH_MSC_Read10)
    USBH_MSC_ReadCapacity10                  0x08003785   Thumb Code   148  usbh_msc_scsi.o(i.USBH_MSC_ReadCapacity10)
    USBH_MSC_RequestSense                    0x08003825   Thumb Code   146  usbh_msc_scsi.o(i.USBH_MSC_RequestSense)
    USBH_MSC_TestUnitReady                   0x080038c5   Thumb Code   116  usbh_msc_scsi.o(i.USBH_MSC_TestUnitReady)
    USBH_MSC_Write10                         0x08003945   Thumb Code   148  usbh_msc_scsi.o(i.USBH_MSC_Write10)
    USBH_Modify_Channel                      0x080039e1   Thumb Code    50  usbh_hcs.o(i.USBH_Modify_Channel)
    USBH_OTG_ISR_Handler                     0x08003a13   Thumb Code   168  usb_hcd_int.o(i.USBH_OTG_ISR_Handler)
    USBH_Open_Channel                        0x08003abb   Thumb Code    80  usbh_hcs.o(i.USBH_Open_Channel)
    USBH_Process                             0x08003bf5   Thumb Code   414  usbh_core.o(i.USBH_Process)
    USBH_SetAddress                          0x08003d93   Thumb Code    24  usbh_stdreq.o(i.USBH_SetAddress)
    USBH_SetCfg                              0x08003dab   Thumb Code    24  usbh_stdreq.o(i.USBH_SetCfg)
    USBH_USR_Configuration_DescAvailable     0x08003dc5   Thumb Code    22  usbh_msc_usr.o(i.USBH_USR_Configuration_DescAvailable)
    USBH_USR_DeInit                          0x08003de5   Thumb Code     8  usbh_msc_usr.o(i.USBH_USR_DeInit)
    USBH_USR_DeviceAddressAssigned           0x08003df1   Thumb Code     2  usbh_msc_usr.o(i.USBH_USR_DeviceAddressAssigned)
    USBH_USR_DeviceAttached                  0x08003df3   Thumb Code     2  usbh_msc_usr.o(i.USBH_USR_DeviceAttached)
    USBH_USR_DeviceDisconnected              0x08003df5   Thumb Code    36  usbh_msc_usr.o(i.USBH_USR_DeviceDisconnected)
    USBH_USR_DeviceNotSupported              0x08003e2d   Thumb Code    14  usbh_msc_usr.o(i.USBH_USR_DeviceNotSupported)
    USBH_USR_DeviceSpeedDetected             0x08003e6d   Thumb Code    46  usbh_msc_usr.o(i.USBH_USR_DeviceSpeedDetected)
    USBH_USR_Device_DescAvailable            0x08003ea5   Thumb Code     2  usbh_msc_usr.o(i.USBH_USR_Device_DescAvailable)
    USBH_USR_EnumerationDone                 0x08003ea9   Thumb Code    24  usbh_msc_usr.o(i.USBH_USR_EnumerationDone)
    USBH_USR_Init                            0x08003ecd   Thumb Code     2  usbh_msc_usr.o(i.USBH_USR_Init)
    USBH_USR_MSC_Application                 0x08003ecf   Thumb Code     4  usbh_msc_usr.o(i.USBH_USR_MSC_Application)
    USBH_USR_Manufacturer_String             0x08003ed5   Thumb Code    16  usbh_msc_usr.o(i.USBH_USR_Manufacturer_String)
    USBH_USR_OverCurrentDetected             0x08003f05   Thumb Code    30  usbh_msc_usr.o(i.USBH_USR_OverCurrentDetected)
    USBH_USR_Product_String                  0x08003f51   Thumb Code    16  usbh_msc_usr.o(i.USBH_USR_Product_String)
    USBH_USR_ResetDevice                     0x08003f7d   Thumb Code     2  usbh_msc_usr.o(i.USBH_USR_ResetDevice)
    USBH_USR_SerialNum_String                0x08003f81   Thumb Code    16  usbh_msc_usr.o(i.USBH_USR_SerialNum_String)
    USBH_USR_UnrecoveredError                0x08003fb1   Thumb Code    30  usbh_msc_usr.o(i.USBH_USR_UnrecoveredError)
    USBH_USR_UserInput                       0x08003fe1   Thumb Code     4  usbh_msc_usr.o(i.USBH_USR_UserInput)
    USB_OTG_BSP_ConfigVBUS                   0x08003fe5   Thumb Code    60  usb_bsp.o(i.USB_OTG_BSP_ConfigVBUS)
    USB_OTG_BSP_DriveVBUS                    0x08004025   Thumb Code    18  usb_bsp.o(i.USB_OTG_BSP_DriveVBUS)
    USB_OTG_BSP_EnableInterrupt              0x0800403d   Thumb Code    66  usb_bsp.o(i.USB_OTG_BSP_EnableInterrupt)
    USB_OTG_BSP_Init                         0x08004081   Thumb Code   480  usb_bsp.o(i.USB_OTG_BSP_Init)
    USB_OTG_BSP_TimerIRQ                     0x0800426d   Thumb Code    50  usb_bsp.o(i.USB_OTG_BSP_TimerIRQ)
    USB_OTG_BSP_mDelay                       0x080042a5   Thumb Code     6  usb_bsp.o(i.USB_OTG_BSP_mDelay)
    USB_OTG_BSP_uDelay                       0x080042ab   Thumb Code     6  usb_bsp.o(i.USB_OTG_BSP_uDelay)
    USB_OTG_CoreInit                         0x080042b1   Thumb Code   218  usb_core.o(i.USB_OTG_CoreInit)
    USB_OTG_CoreInitHost                     0x0800438d   Thumb Code   198  usb_core.o(i.USB_OTG_CoreInitHost)
    USB_OTG_DisableGlobalInt                 0x080044ad   Thumb Code    16  usb_core.o(i.USB_OTG_DisableGlobalInt)
    USB_OTG_DriveVbus                        0x080044bd   Thumb Code    52  usb_core.o(i.USB_OTG_DriveVbus)
    USB_OTG_EnableGlobalInt                  0x080044f1   Thumb Code    16  usb_core.o(i.USB_OTG_EnableGlobalInt)
    USB_OTG_EnableHostInt                    0x08004501   Thumb Code    62  usb_core.o(i.USB_OTG_EnableHostInt)
    USB_OTG_FlushRxFifo                      0x08004545   Thumb Code    52  usb_core.o(i.USB_OTG_FlushRxFifo)
    USB_OTG_FlushTxFifo                      0x0800457d   Thumb Code    60  usb_core.o(i.USB_OTG_FlushTxFifo)
    USB_OTG_HC_DoPing                        0x080045bd   Thumb Code    42  usb_core.o(i.USB_OTG_HC_DoPing)
    USB_OTG_HC_Halt                          0x080045e7   Thumb Code    60  usb_core.o(i.USB_OTG_HC_Halt)
    USB_OTG_HC_Init                          0x08004623   Thumb Code   236  usb_core.o(i.USB_OTG_HC_Init)
    USB_OTG_HC_StartXfer                     0x0800470f   Thumb Code   258  usb_core.o(i.USB_OTG_HC_StartXfer)
    USB_OTG_InitFSLSPClkSel                  0x08004811   Thumb Code    12  usb_core.o(i.USB_OTG_InitFSLSPClkSel)
    USB_OTG_IsEvenFrame                      0x0800481d   Thumb Code    12  usb_core.o(i.USB_OTG_IsEvenFrame)
    USB_OTG_IsHostMode                       0x08004829   Thumb Code    14  usb_core.o(i.USB_OTG_IsHostMode)
    USB_OTG_ReadCoreItr                      0x08004837   Thumb Code    10  usb_core.o(i.USB_OTG_ReadCoreItr)
    USB_OTG_ReadHPRT0                        0x08004841   Thumb Code    12  usb_core.o(i.USB_OTG_ReadHPRT0)
    USB_OTG_ReadHostAllChannels_intr         0x0800484d   Thumb Code     6  usb_core.o(i.USB_OTG_ReadHostAllChannels_intr)
    USB_OTG_ReadPacket                       0x08004853   Thumb Code    32  usb_core.o(i.USB_OTG_ReadPacket)
    USB_OTG_ResetPort                        0x08004873   Thumb Code    42  usb_core.o(i.USB_OTG_ResetPort)
    USB_OTG_SelectCore                       0x0800489d   Thumb Code   192  usb_core.o(i.USB_OTG_SelectCore)
    USB_OTG_SetCurrentMode                   0x08004961   Thumb Code    42  usb_core.o(i.USB_OTG_SetCurrentMode)
    USB_OTG_WritePacket                      0x080056f5   Thumb Code    40  usb_core.o(i.USB_OTG_WritePacket)
    USR_KEYBRD_Init                          0x0800571d   Thumb Code    50  usbh_hid_usr.o(i.USR_KEYBRD_Init)
    USR_KEYBRD_ProcessData                   0x0800578d   Thumb Code   170  usbh_hid_usr.o(i.USR_KEYBRD_ProcessData)
    USR_MOUSE_Init                           0x08005865   Thumb Code    98  usbh_hid_usr.o(i.USR_MOUSE_Init)
    USR_MOUSE_ProcessData                    0x080058e5   Thumb Code   138  usbh_hid_usr.o(i.USR_MOUSE_ProcessData)
    UsageFault_Handler                       0x0800599d   Thumb Code     2  stm32fxxx_it.o(i.UsageFault_Handler)
    __0printf$8                              0x080059a1   Thumb Code    22  printf8.o(i.__0printf$8)
    __1printf$8                              0x080059a1   Thumb Code     0  printf8.o(i.__0printf$8)
    __2printf                                0x080059a1   Thumb Code     0  printf8.o(i.__0printf$8)
    __0sprintf$8                             0x080059c1   Thumb Code    34  printf8.o(i.__0sprintf$8)
    __1sprintf$8                             0x080059c1   Thumb Code     0  printf8.o(i.__0sprintf$8)
    __2sprintf                               0x080059c1   Thumb Code     0  printf8.o(i.__0sprintf$8)
    __scatterload_copy                       0x080059e9   Thumb Code    14  handlers.o(i.__scatterload_copy)
    __scatterload_null                       0x080059f7   Thumb Code     2  handlers.o(i.__scatterload_null)
    __scatterload_zeroinit                   0x080059f9   Thumb Code    14  handlers.o(i.__scatterload_zeroinit)
    chk_mounted                              0x08005edd   Thumb Code   440  ff.o(i.chk_mounted)
    clust2sect                               0x080060a1   Thumb Code    24  ff.o(i.clust2sect)
    delay_10us                               0x08006341   Thumb Code     2  ltm022a69b.o(i.delay_10us)
    disk_initialize                          0x08006889   Thumb Code    24  usbh_msc_fatfs.o(i.disk_initialize)
    disk_ioctl                               0x080068a9   Thumb Code    56  usbh_msc_fatfs.o(i.disk_ioctl)
    disk_read                                0x080068e9   Thumb Code    86  usbh_msc_fatfs.o(i.disk_read)
    disk_status                              0x0800694d   Thumb Code    12  usbh_msc_fatfs.o(i.disk_status)
    disk_write                               0x0800695d   Thumb Code    96  usbh_msc_fatfs.o(i.disk_write)
    f_close                                  0x080069c9   Thumb Code    18  ff.o(i.f_close)
    f_mount                                  0x080069dd   Thumb Code    26  ff.o(i.f_mount)
    f_open                                   0x080069fd   Thumb Code   334  ff.o(i.f_open)
    f_opendir                                0x08006b51   Thumb Code    82  ff.o(i.f_opendir)
    f_read                                   0x08006ba9   Thumb Code   344  ff.o(i.f_read)
    f_readdir                                0x08006d01   Thumb Code    84  ff.o(i.f_readdir)
    f_sync                                   0x08006d59   Thumb Code   164  ff.o(i.f_sync)
    f_write                                  0x08006dfd   Thumb Code   404  ff.o(i.f_write)
    ff_convert                               0x08006f91   Thumb Code    50  ccsbcs.o(i.ff_convert)
    ff_wtoupper                              0x08006fc9   Thumb Code    28  ccsbcs.o(i.ff_wtoupper)
    fputc                                    0x08007059   Thumb Code   244  lcd_log.o(i.fputc)
    gen_numname                              0x08007155   Thumb Code   104  ff.o(i.gen_numname)
    get_fat                                  0x080071bd   Thumb Code   178  ff.o(i.get_fat)
    get_fattime                              0x0800726f   Thumb Code     4  fattime.o(i.get_fattime)
    lcd_ctrl_port_init                       0x0800733d   Thumb Code    54  ltm022a69b.o(i.lcd_ctrl_port_init)
    lcd_draw_dot                             0x08007379   Thumb Code   112  ltm022a69b.o(i.lcd_draw_dot)
    lcd_draw_line                            0x080073ed   Thumb Code   214  ltm022a69b.o(i.lcd_draw_line)
    main                                     0x080074c5   Thumb Code    58  main.o(i.main)
    put_fat                                  0x0800758b   Thumb Code   232  ff.o(i.put_fat)
    MSG_HID_DEV_DISCONNECTED                 0x080077c6   Data          28  usbh_hid_usr.o(.constdata)
    MSG_HID_DEV_ENUMERATED                   0x080077e2   Data          30  usbh_hid_usr.o(.constdata)
    MSG_HID_DEV_HIGHSPEED                    0x08007800   Data          35  usbh_hid_usr.o(.constdata)
    MSG_HID_DEV_FULLSPEED                    0x08007823   Data          35  usbh_hid_usr.o(.constdata)
    MSG_HID_DEV_LOWSPEED                     0x08007846   Data          34  usbh_hid_usr.o(.constdata)
    MSG_HID_DEV_ERROR                        0x08007868   Data          22  usbh_hid_usr.o(.constdata)
    MSG_HID_CLASS                            0x0800787e   Data          29  usbh_hid_usr.o(.constdata)
    USB_HID_MouseStatus                      0x0800789b   Data          32  usbh_hid_usr.o(.constdata)
    USB_HID_KeybrdStatus                     0x080078bb   Data          35  usbh_hid_usr.o(.constdata)
    MSG_UNREC_ERROR                          0x080078de   Data          32  usbh_hid_usr.o(.constdata)
    MSG_DEV_DISCONNECTED                     0x080078fe   Data          28  usbh_msc_usr.o(.constdata)
    MSG_DEV_ENUMERATED                       0x0800791a   Data          31  usbh_msc_usr.o(.constdata)
    MSG_DEV_HIGHSPEED                        0x08007939   Data          35  usbh_msc_usr.o(.constdata)
    MSG_DEV_FULLSPEED                        0x0800795c   Data          35  usbh_msc_usr.o(.constdata)
    MSG_DEV_LOWSPEED                         0x0800797f   Data          34  usbh_msc_usr.o(.constdata)
    MSG_DEV_ERROR                            0x080079a1   Data          22  usbh_msc_usr.o(.constdata)
    MSG_MSC_CLASS                            0x080079b7   Data          38  usbh_msc_usr.o(.constdata)
    MSG_MSC_UNREC_ERROR                      0x080079dd   Data          32  usbh_msc_usr.o(.constdata)
    COM_TX_PIN_SOURCE                        0x08007a00   Data           1  stm32_eval.o(.constdata)
    COM_RX_PIN_SOURCE                        0x08007a01   Data           1  stm32_eval.o(.constdata)
    COM_TX_AF                                0x08007a02   Data           1  stm32_eval.o(.constdata)
    COM_RX_AF                                0x08007a03   Data           1  stm32_eval.o(.constdata)
    COM_TX_PIN                               0x08007a04   Data           2  stm32_eval.o(.constdata)
    COM_RX_PIN                               0x08007a06   Data           2  stm32_eval.o(.constdata)
    BUTTON_PORT_SOURCE                       0x08007a08   Data           3  stm32_eval.o(.constdata)
    BUTTON_PIN_SOURCE                        0x08007a0b   Data           3  stm32_eval.o(.constdata)
    BUTTON_IRQn                              0x08007a0e   Data           3  stm32_eval.o(.constdata)
    COM_USART_CLK                            0x08007a14   Data           4  stm32_eval.o(.constdata)
    COM_TX_PORT_CLK                          0x08007a18   Data           4  stm32_eval.o(.constdata)
    COM_RX_PORT_CLK                          0x08007a1c   Data           4  stm32_eval.o(.constdata)
    BUTTON_PIN                               0x08007a20   Data           6  stm32_eval.o(.constdata)
    BUTTON_EXTI_LINE                         0x08007a26   Data           6  stm32_eval.o(.constdata)
    GPIO_PIN                                 0x08007a2c   Data           8  stm32_eval.o(.constdata)
    GPIO_CLK                                 0x08007a34   Data          16  stm32_eval.o(.constdata)
    BUTTON_CLK                               0x08007a44   Data          12  stm32_eval.o(.constdata)
    ASCII16x24_Table                         0x08007a50   Data        4560  ltm022a69b.o(.constdata)
    ASCII12x12_Table                         0x08008c20   Data        2304  ltm022a69b.o(.constdata)
    ASCII8x12_Table                          0x08009520   Data        2304  ltm022a69b.o(.constdata)
    Region$$Table$$Base                      0x0800a6fc   Number         0  anon$$obj.o(Region$$Table)
    Region$$Table$$Limit                     0x0800a71c   Number         0  anon$$obj.o(Region$$Table)
    BSP_delay                                0x20000000   Data           4  usb_bsp.o(.data)
    DEMO_HID_ShowData                        0x20000004   Data           1  dual_core_demo.o(.data)
    USBH_USR_ApplicationState                0x20000005   Data           1  dual_core_demo.o(.data)
    line_idx                                 0x20000006   Data           1  dual_core_demo.o(.data)
    wait_user_input                          0x20000007   Data           1  dual_core_demo.o(.data)
    USBFS_EnumDone                           0x20000008   Data           1  dual_core_demo.o(.data)
    USBHS_EnumDone                           0x20000009   Data           1  dual_core_demo.o(.data)
    HS_DemoDisconnHandled                    0x2000000a   Data           1  dual_core_demo.o(.data)
    FS_DemoDisconnHandled                    0x2000000b   Data           1  dual_core_demo.o(.data)
    demo                                     0x20000014   Data           5  dual_core_demo.o(.data)
    DEMO_main_menu                           0x2000001c   Data          12  dual_core_demo.o(.data)
    DEMO_MSC_menu                            0x20000028   Data          16  dual_core_demo.o(.data)
    DEMO_HID_menu                            0x20000038   Data          12  dual_core_demo.o(.data)
    writeTextBuff                            0x20000044   Data          62  dual_core_demo.o(.data)
    DEMO_StartHID                            0x20000082   Data           1  usbh_hid_usr.o(.data)
    Xpos                                     0x20000083   Data           1  usbh_hid_usr.o(.data)
    Ypos                                     0x20000084   Data           2  usbh_hid_usr.o(.data)
    USR_HID_cb                               0x2000008c   Data          72  usbh_hid_usr.o(.data)
    USR_MSC_cb                               0x200000d4   Data          72  usbh_msc_usr.o(.data)
    x_loc                                    0x2000011c   Data           2  usbh_usr_lcd.o(.data)
    y_loc                                    0x2000011e   Data           2  usbh_usr_lcd.o(.data)
    prev_x                                   0x20000120   Data           2  usbh_usr_lcd.o(.data)
    prev_y                                   0x20000122   Data           2  usbh_usr_lcd.o(.data)
    SystemCoreClock                          0x20000124   Data           4  system_stm32f2xx.o(.data)
    AHBPrescTable                            0x20000128   Data          16  system_stm32f2xx.o(.data)
    COM_USART                                0x20000138   Data           4  stm32_eval.o(.data)
    COM_TX_PORT                              0x2000013c   Data           4  stm32_eval.o(.data)
    COM_RX_PORT                              0x20000140   Data           4  stm32_eval.o(.data)
    NVIC_InitStructure                       0x20000144   Data           4  stm32_eval.o(.data)
    GPIO_PORT                                0x20000148   Data          16  stm32_eval.o(.data)
    BUTTON_PORT                              0x20000158   Data          12  stm32_eval.o(.data)
    LCD_CacheBuffer_yptr_invert              0x20000164   Data           1  lcd_log.o(.data)
    LCD_ScrollActive                         0x20000165   Data           1  lcd_log.o(.data)
    LCD_Lock                                 0x20000166   Data           1  lcd_log.o(.data)
    LCD_Scrolled                             0x20000167   Data           1  lcd_log.o(.data)
    LCD_LineColor                            0x20000168   Data           2  lcd_log.o(.data)
    LCD_CacheBuffer_xptr                     0x2000016a   Data           2  lcd_log.o(.data)
    LCD_CacheBuffer_yptr_top                 0x2000016c   Data           2  lcd_log.o(.data)
    LCD_CacheBuffer_yptr_bottom              0x2000016e   Data           2  lcd_log.o(.data)
    LCD_CacheBuffer_yptr_top_bak             0x20000170   Data           2  lcd_log.o(.data)
    LCD_CacheBuffer_yptr_bottom_bak          0x20000172   Data           2  lcd_log.o(.data)
    LCD_ScrollBackStep                       0x20000174   Data           2  lcd_log.o(.data)
    keydone                                  0x20000176   Data           1  stm322xg_eval_ioe.o(.data)
    Font16x24                                0x20000184   Data           8  ltm022a69b.o(.data)
    Font12x12                                0x2000018c   Data           8  ltm022a69b.o(.data)
    Font8x12                                 0x20000194   Data           8  ltm022a69b.o(.data)
    HID_MOUSE_cb                             0x200001a4   Data           8  usbh_hid_mouse.o(.data)
    HID_MOUSE_Data                           0x200001ac   Data           4  usbh_hid_mouse.o(.data)
    flag                                     0x200001b0   Data           1  usbh_hid_core.o(.data)
    HID_cb                                   0x200001b4   Data          16  usbh_hid_core.o(.data)
    HID_KEYBRD_cb                            0x200001c4   Data           8  usbh_hid_keybd.o(.data)
    MSCErrorCount                            0x200001f4   Data           1  usbh_msc_core.o(.data)
    USBH_MSC_cb                              0x200001f8   Data          16  usbh_msc_core.o(.data)
    USBH_DeviceConnStatus_cb                 0x20000210   Data          12  usbh_core.o(.data)
    __stdout                                 0x2000021c   Data           4  stdout.o(.data)
    Image_Buf                                0x20000420   Data        1024  dual_core_demo.o(.bss)
    fatfs                                    0x20000820   Data         560  dual_core_demo.o(.bss)
    file                                     0x20000a50   Data         548  dual_core_demo.o(.bss)
    USB_OTG_Core                             0x20000c74   Data        1200  dual_core_demo.o(.bss)
    USB_Host                                 0x20001124   Data         108  dual_core_demo.o(.bss)
    USB_OTG_FS_Core                          0x20001190   Data        1200  dual_core_demo.o(.bss)
    USB_FS_Host                              0x20001640   Data         108  dual_core_demo.o(.bss)
    LCD_CacheBuffer                          0x200016ac   Data         624  lcd_log.o(.bss)
    HID_Machine                              0x20001b1c   Data          84  usbh_hid_core.o(.bss)
    HID_Desc                                 0x20001b70   Data          10  usbh_hid_core.o(.bss)
    USBH_MSC_Param                           0x20001b7c   Data          16  usbh_msc_scsi.o(.bss)
    USBH_DataInBuffer                        0x20001b8c   Data         512  usbh_msc_scsi.o(.bss)
    USBH_MSC_CBWData                         0x20001d8c   Data          32  usbh_msc_bot.o(.bss)
    USBH_MSC_CSWData                         0x20001dac   Data          16  usbh_msc_bot.o(.bss)
    USBH_MSC_BOTXferParam                    0x20001dbc   Data          16  usbh_msc_bot.o(.bss)
    MSC_Machine                              0x20001dcc   Data         522  usbh_msc_core.o(.bss)
    __initial_sp                             0x200023d8   Data           0  startup_stm32f2xx.o(STACK)



==============================================================================

Memory Map of the image

  Image Entry point : 0x08000185

  Load Region LR_IROM1 (Base: 0x08000000, Size: 0x0000a93c, Max: 0x00100000, ABSOLUTE, COMPRESSED[0x0000a868])

    Execution Region ER_IROM1 (Base: 0x08000000, Size: 0x0000a71c, Max: 0x00100000, ABSOLUTE)

    Base Addr    Size         Type   Attr      Idx    E Section Name        Object

    0x08000000   0x00000184   Data   RO          860    RESET               startup_stm32f2xx.o
    0x08000184   0x00000000   Code   RO         4741  * .ARM.Collect$$$$00000000  mc_w.l(entry.o)
    0x08000184   0x00000004   Code   RO         5007    .ARM.Collect$$$$00000001  mc_w.l(entry2.o)
    0x08000188   0x00000004   Code   RO         5010    .ARM.Collect$$$$00000004  mc_w.l(entry5.o)
    0x0800018c   0x00000000   Code   RO         5012    .ARM.Collect$$$$00000008  mc_w.l(entry7b.o)
    0x0800018c   0x00000000   Code   RO         5014    .ARM.Collect$$$$0000000A  mc_w.l(entry8b.o)
    0x0800018c   0x00000008   Code   RO         5015    .ARM.Collect$$$$0000000B  mc_w.l(entry9a.o)
    0x08000194   0x00000000   Code   RO         5017    .ARM.Collect$$$$0000000D  mc_w.l(entry10a.o)
    0x08000194   0x00000000   Code   RO         5019    .ARM.Collect$$$$0000000F  mc_w.l(entry11a.o)
    0x08000194   0x00000004   Code   RO         5008    .ARM.Collect$$$$00002712  mc_w.l(entry2.o)
    0x08000198   0x00000024   Code   RO          861    .text               startup_stm32f2xx.o
    0x080001bc   0x00000024   Code   RO         4744    .text               mc_w.l(strstr.o)
    0x080001e0   0x00000062   Code   RO         5024    .text               mc_w.l(uldiv.o)
    0x08000242   0x00000002   PAD
    0x08000244   0x00000024   Code   RO         5037    .text               mc_w.l(init.o)
    0x08000268   0x0000001e   Code   RO         5039    .text               mc_w.l(llshl.o)
    0x08000286   0x00000020   Code   RO         5041    .text               mc_w.l(llushr.o)
    0x080002a6   0x0000005c   Code   RO         5055    .text               mc_w.l(__dczerorl2.o)
    0x08000302   0x00000002   PAD
    0x08000304   0x00000024   Code   RO          233    i.BSP_Delay         usb_bsp.o
    0x08000328   0x0000006a   Code   RO          234    i.BSP_SetTime       usb_bsp.o
    0x08000392   0x00000002   Code   RO            1    i.BusFault_Handler  stm32fxxx_it.o
    0x08000394   0x00000002   Code   RO            2    i.DebugMon_Handler  stm32fxxx_it.o
    0x08000396   0x00000002   PAD
    0x08000398   0x000005c8   Code   RO          343    i.Demo_Application  dual_core_demo.o
    0x08000960   0x000000f0   Code   RO          344    i.Demo_HandleDisconnect  dual_core_demo.o
    0x08000a50   0x0000014c   Code   RO          345    i.Demo_Init         dual_core_demo.o
    0x08000b9c   0x00000084   Code   RO          346    i.Demo_ProbeKey     dual_core_demo.o
    0x08000c20   0x0000003c   Code   RO          347    i.Demo_Process      dual_core_demo.o
    0x08000c5c   0x000000ca   Code   RO          348    i.Demo_SelectItem   dual_core_demo.o
    0x08000d26   0x00000002   PAD
    0x08000d28   0x00000024   Code   RO            3    i.EXTI1_IRQHandler  stm32fxxx_it.o
    0x08000d4c   0x0000000c   Code   RO         1616    i.EXTI_ClearITPendingBit  stm32f2xx_exti.o
    0x08000d58   0x00000020   Code   RO         1620    i.EXTI_GetITStatus  stm32f2xx_exti.o
    0x08000d78   0x00000174   Code   RO          349    i.Explore_Disk      dual_core_demo.o
    0x08000eec   0x000000a2   Code   RO         1976    i.GPIO_Init         stm32f2xx_gpio.o
    0x08000f8e   0x00000020   Code   RO         1977    i.GPIO_PinAFConfig  stm32f2xx_gpio.o
    0x08000fae   0x0000000e   Code   RO         1980    i.GPIO_ReadInputDataBit  stm32f2xx_gpio.o
    0x08000fbc   0x00000004   Code   RO         1983    i.GPIO_ResetBits    stm32f2xx_gpio.o
    0x08000fc0   0x00000004   Code   RO         1984    i.GPIO_SetBits      stm32f2xx_gpio.o
    0x08000fc4   0x00000008   Code   RO         4613    i.HCD_GetCurrentFrame  usb_hcd.o
    0x08000fcc   0x0000000c   Code   RO         4614    i.HCD_GetCurrentSpeed  usb_hcd.o
    0x08000fd8   0x00000008   Code   RO         4616    i.HCD_GetURB_State  usb_hcd.o
    0x08000fe0   0x0000000a   Code   RO         4617    i.HCD_GetXferCnt    usb_hcd.o
    0x08000fea   0x00000056   Code   RO         4619    i.HCD_Init          usb_hcd.o
    0x08001040   0x00000006   Code   RO         4620    i.HCD_IsDeviceConnected  usb_hcd.o
    0x08001046   0x0000000a   Code   RO         4621    i.HCD_ResetPort     usb_hcd.o
    0x08001050   0x00000014   Code   RO         4622    i.HCD_SubmitRequest  usb_hcd.o
    0x08001064   0x00000044   Code   RO          784    i.HID_MOUSE_ButtonPressed  usbh_usr_lcd.o
    0x080010a8   0x00000044   Code   RO          785    i.HID_MOUSE_ButtonReleased  usbh_usr_lcd.o
    0x080010ec   0x000000a8   Code   RO          786    i.HID_MOUSE_UpdatePosition  usbh_usr_lcd.o
    0x08001194   0x00000002   Code   RO            4    i.HardFault_Handler  stm32fxxx_it.o
    0x08001196   0x00000002   PAD
    0x08001198   0x00000068   Code   RO         1215    i.IOE_Config        stm322xg_eval_ioe.o
    0x08001200   0x00000114   Code   RO          350    i.Image_Browser     dual_core_demo.o
    0x08001314   0x000000f0   Code   RO         4048    i.KEYBRD_Decode     usbh_hid_keybd.o
    0x08001404   0x00000004   Code   RO         4049    i.KEYBRD_Init       usbh_hid_keybd.o
    0x08001408   0x000000dc   Code   RO         1217    i.Key_ReadIOPin     stm322xg_eval_ioe.o
    0x080014e4   0x00000094   Code   RO         1245    i.LCD_Clear         ltm022a69b.o
    0x08001578   0x00000024   Code   RO         1246    i.LCD_ClearLine     ltm022a69b.o
    0x0800159c   0x00000020   Code   RO         1247    i.LCD_DisplayChar   ltm022a69b.o
    0x080015bc   0x00000030   Code   RO         1248    i.LCD_DisplayStringLine  ltm022a69b.o
    0x080015ec   0x000000e0   Code   RO         1249    i.LCD_DrawChar      ltm022a69b.o
    0x080016cc   0x000000b0   Code   RO         1250    i.LCD_DrawFullRect  ltm022a69b.o
    0x0800177c   0x00000058   Code   RO         1251    i.LCD_DrawRect      ltm022a69b.o
    0x080017d4   0x0000000c   Code   RO         1252    i.LCD_GetFont       ltm022a69b.o
    0x080017e0   0x00000026   Code   RO          969    i.LCD_LOG_ClearTextZone  lcd_log.o
    0x08001806   0x00000002   PAD
    0x08001808   0x00000028   Code   RO          970    i.LCD_LOG_DeInit    lcd_log.o
    0x08001830   0x00000010   Code   RO          971    i.LCD_LOG_Init      lcd_log.o
    0x08001840   0x00000090   Code   RO          973    i.LCD_LOG_SetHeader  lcd_log.o
    0x080018d0   0x000000a0   Code   RO          974    i.LCD_LOG_UpdateDisplay  lcd_log.o
    0x08001970   0x00000064   Code   RO         1253    i.LCD_SEND_COMMAND  ltm022a69b.o
    0x080019d4   0x00000010   Code   RO         1254    i.LCD_SetBackColor  ltm022a69b.o
    0x080019e4   0x0000000c   Code   RO         1256    i.LCD_SetFont       ltm022a69b.o
    0x080019f0   0x00000010   Code   RO         1257    i.LCD_SetTextColor  ltm022a69b.o
    0x08001a00   0x00000064   Code   RO         1258    i.LCD_WRITE_COMMAND  ltm022a69b.o
    0x08001a64   0x00000016   Code   RO         1259    i.LCD_WRITE_DATA    ltm022a69b.o
    0x08001a7a   0x00000002   PAD
    0x08001a7c   0x00000040   Code   RO         1260    i.LCD_WRITE_REG     ltm022a69b.o
    0x08001abc   0x00000028   Code   RO         1261    i.LCD_WriteRAM_Prepare  ltm022a69b.o
    0x08001ae4   0x00000018   Code   RO         3975    i.MOUSE_Decode      usbh_hid_mouse.o
    0x08001afc   0x00000004   Code   RO         3976    i.MOUSE_Init        usbh_hid_mouse.o
    0x08001b00   0x00000002   Code   RO            5    i.MemManage_Handler  stm32fxxx_it.o
    0x08001b02   0x00000002   Code   RO            6    i.NMI_Handler       stm32fxxx_it.o
    0x08001b04   0x00000064   Code   RO          295    i.NVIC_Init         misc.o
    0x08001b68   0x00000014   Code   RO          296    i.NVIC_PriorityGroupConfig  misc.o
    0x08001b7c   0x00000014   Code   RO          297    i.NVIC_SetVectorTable  misc.o
    0x08001b90   0x0000000c   Code   RO            7    i.OTG_FS_IRQHandler  stm32fxxx_it.o
    0x08001b9c   0x0000000c   Code   RO            8    i.OTG_HS_IRQHandler  stm32fxxx_it.o
    0x08001ba8   0x00000002   Code   RO            9    i.PendSV_Handler    stm32fxxx_it.o
    0x08001baa   0x00000002   PAD
    0x08001bac   0x00000018   Code   RO         2341    i.RCC_AHB1PeriphClockCmd  stm32f2xx_rcc.o
    0x08001bc4   0x00000018   Code   RO         2344    i.RCC_AHB2PeriphClockCmd  stm32f2xx_rcc.o
    0x08001bdc   0x00000018   Code   RO         2350    i.RCC_APB1PeriphClockCmd  stm32f2xx_rcc.o
    0x08001bf4   0x00000018   Code   RO         2352    i.RCC_APB1PeriphResetCmd  stm32f2xx_rcc.o
    0x08001c0c   0x00000018   Code   RO         2353    i.RCC_APB2PeriphClockCmd  stm32f2xx_rcc.o
    0x08001c24   0x00000018   Code   RO         2355    i.RCC_APB2PeriphResetCmd  stm32f2xx_rcc.o
    0x08001c3c   0x000000b4   Code   RO         1262    i.SPI0_Init         ltm022a69b.o
    0x08001cf0   0x00000034   Code   RO         1263    i.SPI0_communication  ltm022a69b.o
    0x08001d24   0x00000014   Code   RO         2618    i.SPI_Cmd           stm32f2xx_spi.o
    0x08001d38   0x00000054   Code   RO         2625    i.SPI_I2S_DeInit    stm32f2xx_spi.o
    0x08001d8c   0x0000000e   Code   RO         2626    i.SPI_I2S_GetFlagStatus  stm32f2xx_spi.o
    0x08001d9a   0x00000004   Code   RO         2629    i.SPI_I2S_ReceiveData  stm32f2xx_spi.o
    0x08001d9e   0x00000004   Code   RO         2630    i.SPI_I2S_SendData  stm32f2xx_spi.o
    0x08001da2   0x00000038   Code   RO         2631    i.SPI_Init          stm32f2xx_spi.o
    0x08001dda   0x00000002   PAD
    0x08001ddc   0x00000248   Code   RO         1264    i.STM322xG_LCD_Init  ltm022a69b.o
    0x08002024   0x00000048   Code   RO          871    i.STM_EVAL_LEDInit  stm32_eval.o
    0x0800206c   0x00000018   Code   RO          872    i.STM_EVAL_LEDOff   stm32_eval.o
    0x08002084   0x00000018   Code   RO          873    i.STM_EVAL_LEDOn    stm32_eval.o
    0x0800209c   0x0000001c   Code   RO          874    i.STM_EVAL_LEDToggle  stm32_eval.o
    0x080020b8   0x00000002   Code   RO           10    i.SVC_Handler       stm32fxxx_it.o
    0x080020ba   0x00000002   PAD
    0x080020bc   0x00000098   Code   RO          829    i.SetSysClock       system_stm32f2xx.o
    0x08002154   0x00000148   Code   RO          351    i.Show_Image        dual_core_demo.o
    0x0800229c   0x0000000e   Code   RO           11    i.SysTick_Handler   stm32fxxx_it.o
    0x080022aa   0x00000002   PAD
    0x080022ac   0x00000050   Code   RO          831    i.SystemInit        system_stm32f2xx.o
    0x080022fc   0x00000004   Code   RO           12    i.TIM2_IRQHandler   stm32fxxx_it.o
    0x08002300   0x00000014   Code   RO         2945    i.TIM_ARRPreloadConfig  stm32f2xx_tim.o
    0x08002314   0x00000006   Code   RO         2952    i.TIM_ClearITPendingBit  stm32f2xx_tim.o
    0x0800231a   0x00000014   Code   RO         2957    i.TIM_Cmd           stm32f2xx_tim.o
    0x0800232e   0x00000018   Code   RO         2978    i.TIM_GetITStatus   stm32f2xx_tim.o
    0x08002346   0x00000010   Code   RO         2982    i.TIM_ITConfig      stm32f2xx_tim.o
    0x08002356   0x00000002   PAD
    0x08002358   0x0000007c   Code   RO         3029    i.TIM_TimeBaseInit  stm32f2xx_tim.o
    0x080023d4   0x0000008c   Code   RO          352    i.Toggle_Leds       dual_core_demo.o
    0x08002460   0x00000034   Code   RO         4353    i.USBH_Alloc_Channel  usbh_hcs.o
    0x08002494   0x00000026   Code   RO         4389    i.USBH_BulkReceiveData  usbh_ioreq.o
    0x080024ba   0x00000028   Code   RO         4390    i.USBH_BulkSendData  usbh_ioreq.o
    0x080024e2   0x0000002e   Code   RO         4239    i.USBH_ClrFeature   usbh_stdreq.o
    0x08002510   0x00000012   Code   RO         4297    i.USBH_Connect      usbh_core.o
    0x08002522   0x00000022   Code   RO         4391    i.USBH_CtlReceiveData  usbh_ioreq.o
    0x08002544   0x00000050   Code   RO         4392    i.USBH_CtlReq       usbh_ioreq.o
    0x08002594   0x00000036   Code   RO         4393    i.USBH_CtlSendData  usbh_ioreq.o
    0x080025ca   0x00000024   Code   RO         4394    i.USBH_CtlSendSetup  usbh_ioreq.o
    0x080025ee   0x00000018   Code   RO         4354    i.USBH_DeAllocate_AllChannel  usbh_hcs.o
    0x08002606   0x00000034   Code   RO         4298    i.USBH_DeInit       usbh_core.o
    0x0800263a   0x00000012   Code   RO         4299    i.USBH_Disconnect   usbh_core.o
    0x0800264c   0x00000028   Code   RO         4300    i.USBH_ErrorHandle  usbh_core.o
    0x08002674   0x0000001a   Code   RO         4355    i.USBH_Free_Channel  usbh_hcs.o
    0x0800268e   0x00000030   Code   RO         4240    i.USBH_GetDescriptor  usbh_stdreq.o
    0x080026be   0x0000000e   Code   RO         4241    i.USBH_GetNextDesc  usbh_stdreq.o
    0x080026cc   0x0000003a   Code   RO         4242    i.USBH_Get_CfgDesc  usbh_stdreq.o
    0x08002706   0x00000084   Code   RO         4243    i.USBH_Get_DevDesc  usbh_stdreq.o
    0x0800278a   0x00000048   Code   RO         4244    i.USBH_Get_StringDesc  usbh_stdreq.o
    0x080027d2   0x00000002   PAD
    0x080027d4   0x000000e4   Code   RO         3998    i.USBH_HID_ClassRequest  usbh_hid_core.o
    0x080028b8   0x000000c0   Code   RO         3999    i.USBH_HID_Handle   usbh_hid_core.o
    0x08002978   0x00000048   Code   RO         4000    i.USBH_HID_InterfaceDeInit  usbh_hid_core.o
    0x080029c0   0x000000d8   Code   RO         4001    i.USBH_HID_InterfaceInit  usbh_hid_core.o
    0x08002a98   0x00000020   Code   RO          485    i.USBH_HID_USR_Configuration_DescAvailable  usbh_hid_usr.o
    0x08002ab8   0x00000002   Code   RO          486    i.USBH_HID_USR_DeInit  usbh_hid_usr.o
    0x08002aba   0x00000002   Code   RO          487    i.USBH_HID_USR_DeviceAddressAssigned  usbh_hid_usr.o
    0x08002abc   0x00000002   Code   RO          488    i.USBH_HID_USR_DeviceAttached  usbh_hid_usr.o
    0x08002abe   0x00000002   PAD
    0x08002ac0   0x00000038   Code   RO          489    i.USBH_HID_USR_DeviceDisconnected  usbh_hid_usr.o
    0x08002af8   0x00000034   Code   RO          490    i.USBH_HID_USR_DeviceNotSupported  usbh_hid_usr.o
    0x08002b2c   0x00000038   Code   RO          491    i.USBH_HID_USR_DeviceSpeedDetected  usbh_hid_usr.o
    0x08002b64   0x00000002   Code   RO          492    i.USBH_HID_USR_Device_DescAvailable  usbh_hid_usr.o
    0x08002b66   0x00000002   PAD
    0x08002b68   0x00000024   Code   RO          493    i.USBH_HID_USR_EnumerationDone  usbh_hid_usr.o
    0x08002b8c   0x00000002   Code   RO          494    i.USBH_HID_USR_Init  usbh_hid_usr.o
    0x08002b8e   0x00000002   PAD
    0x08002b90   0x00000040   Code   RO          495    i.USBH_HID_USR_Manufacturer_String  usbh_hid_usr.o
    0x08002bd0   0x0000004c   Code   RO          496    i.USBH_HID_USR_OverCurrentDetected  usbh_hid_usr.o
    0x08002c1c   0x0000003c   Code   RO          497    i.USBH_HID_USR_Product_String  usbh_hid_usr.o
    0x08002c58   0x00000002   Code   RO          498    i.USBH_HID_USR_ResetDevice  usbh_hid_usr.o
    0x08002c5a   0x00000002   PAD
    0x08002c5c   0x00000040   Code   RO          499    i.USBH_HID_USR_SerialNum_String  usbh_hid_usr.o
    0x08002c9c   0x00000030   Code   RO          500    i.USBH_HID_USR_UnrecoveredError  usbh_hid_usr.o
    0x08002ccc   0x00000014   Code   RO          501    i.USBH_HID_USR_UserInput  usbh_hid_usr.o
    0x08002ce0   0x000001d0   Code   RO         4301    i.USBH_HandleControl  usbh_core.o
    0x08002eb0   0x00000184   Code   RO         4302    i.USBH_HandleEnum   usbh_core.o
    0x08003034   0x00000054   Code   RO         4303    i.USBH_Init         usbh_core.o
    0x08003088   0x00000032   Code   RO         4395    i.USBH_InterruptReceiveData  usbh_ioreq.o
    0x080030ba   0x00000002   PAD
    0x080030bc   0x00000038   Code   RO         4122    i.USBH_MSC_BOT_Abort  usbh_msc_bot.o
    0x080030f4   0x0000000c   Code   RO         4159    i.USBH_MSC_ClassRequest  usbh_msc_core.o
    0x08003100   0x0000005c   Code   RO         4123    i.USBH_MSC_DecodeCSW  usbh_msc_bot.o
    0x0800315c   0x00000034   Code   RO         4160    i.USBH_MSC_ErrorHandle  usbh_msc_core.o
    0x08003190   0x00000160   Code   RO         4161    i.USBH_MSC_Handle   usbh_msc_core.o
    0x080032f0   0x00000210   Code   RO         4124    i.USBH_MSC_HandleBOTXfer  usbh_msc_bot.o
    0x08003500   0x0000003c   Code   RO         4125    i.USBH_MSC_Init     usbh_msc_bot.o
    0x0800353c   0x00000038   Code   RO         4162    i.USBH_MSC_InterfaceDeInit  usbh_msc_core.o
    0x08003574   0x0000009c   Code   RO         4163    i.USBH_MSC_InterfaceInit  usbh_msc_core.o
    0x08003610   0x0000009c   Code   RO         4072    i.USBH_MSC_ModeSense6  usbh_msc_scsi.o
    0x080036ac   0x000000d8   Code   RO         4073    i.USBH_MSC_Read10   usbh_msc_scsi.o
    0x08003784   0x000000a0   Code   RO         4074    i.USBH_MSC_ReadCapacity10  usbh_msc_scsi.o
    0x08003824   0x000000a0   Code   RO         4075    i.USBH_MSC_RequestSense  usbh_msc_scsi.o
    0x080038c4   0x00000080   Code   RO         4076    i.USBH_MSC_TestUnitReady  usbh_msc_scsi.o
    0x08003944   0x0000009c   Code   RO         4077    i.USBH_MSC_Write10  usbh_msc_scsi.o
    0x080039e0   0x00000032   Code   RO         4356    i.USBH_Modify_Channel  usbh_hcs.o
    0x08003a12   0x000000a8   Code   RO         4679    i.USBH_OTG_ISR_Handler  usb_hcd_int.o
    0x08003aba   0x00000050   Code   RO         4357    i.USBH_Open_Channel  usbh_hcs.o
    0x08003b0a   0x000000ea   Code   RO         4245    i.USBH_ParseCfgDesc  usbh_stdreq.o
    0x08003bf4   0x0000019e   Code   RO         4304    i.USBH_Process      usbh_core.o
    0x08003d92   0x00000018   Code   RO         4246    i.USBH_SetAddress   usbh_stdreq.o
    0x08003daa   0x00000018   Code   RO         4247    i.USBH_SetCfg       usbh_stdreq.o
    0x08003dc2   0x00000002   PAD
    0x08003dc4   0x00000020   Code   RO          640    i.USBH_USR_Configuration_DescAvailable  usbh_msc_usr.o
    0x08003de4   0x0000000c   Code   RO          641    i.USBH_USR_DeInit   usbh_msc_usr.o
    0x08003df0   0x00000002   Code   RO          642    i.USBH_USR_DeviceAddressAssigned  usbh_msc_usr.o
    0x08003df2   0x00000002   Code   RO          643    i.USBH_USR_DeviceAttached  usbh_msc_usr.o
    0x08003df4   0x00000038   Code   RO          644    i.USBH_USR_DeviceDisconnected  usbh_msc_usr.o
    0x08003e2c   0x00000040   Code   RO          645    i.USBH_USR_DeviceNotSupported  usbh_msc_usr.o
    0x08003e6c   0x00000038   Code   RO          646    i.USBH_USR_DeviceSpeedDetected  usbh_msc_usr.o
    0x08003ea4   0x00000002   Code   RO          647    i.USBH_USR_Device_DescAvailable  usbh_msc_usr.o
    0x08003ea6   0x00000002   PAD
    0x08003ea8   0x00000024   Code   RO          648    i.USBH_USR_EnumerationDone  usbh_msc_usr.o
    0x08003ecc   0x00000002   Code   RO          649    i.USBH_USR_Init     usbh_msc_usr.o
    0x08003ece   0x00000004   Code   RO          650    i.USBH_USR_MSC_Application  usbh_msc_usr.o
    0x08003ed2   0x00000002   PAD
    0x08003ed4   0x00000030   Code   RO          651    i.USBH_USR_Manufacturer_String  usbh_msc_usr.o
    0x08003f04   0x0000004c   Code   RO          652    i.USBH_USR_OverCurrentDetected  usbh_msc_usr.o
    0x08003f50   0x0000002c   Code   RO          653    i.USBH_USR_Product_String  usbh_msc_usr.o
    0x08003f7c   0x00000002   Code   RO          654    i.USBH_USR_ResetDevice  usbh_msc_usr.o
    0x08003f7e   0x00000002   PAD
    0x08003f80   0x00000030   Code   RO          655    i.USBH_USR_SerialNum_String  usbh_msc_usr.o
    0x08003fb0   0x00000030   Code   RO          656    i.USBH_USR_UnrecoveredError  usbh_msc_usr.o
    0x08003fe0   0x00000004   Code   RO          657    i.USBH_USR_UserInput  usbh_msc_usr.o
    0x08003fe4   0x00000040   Code   RO          235    i.USB_OTG_BSP_ConfigVBUS  usb_bsp.o
    0x08004024   0x00000018   Code   RO          236    i.USB_OTG_BSP_DriveVBUS  usb_bsp.o
    0x0800403c   0x00000042   Code   RO          237    i.USB_OTG_BSP_EnableInterrupt  usb_bsp.o
    0x0800407e   0x00000002   PAD
    0x08004080   0x000001ec   Code   RO          238    i.USB_OTG_BSP_Init  usb_bsp.o
    0x0800426c   0x00000038   Code   RO          239    i.USB_OTG_BSP_TimerIRQ  usb_bsp.o
    0x080042a4   0x00000006   Code   RO          240    i.USB_OTG_BSP_mDelay  usb_bsp.o
    0x080042aa   0x00000006   Code   RO          241    i.USB_OTG_BSP_uDelay  usb_bsp.o
    0x080042b0   0x000000da   Code   RO         4443    i.USB_OTG_CoreInit  usb_core.o
    0x0800438a   0x00000002   PAD
    0x0800438c   0x000000c6   Code   RO         4444    i.USB_OTG_CoreInitHost  usb_core.o
    0x08004452   0x00000002   PAD
    0x08004454   0x00000058   Code   RO         4445    i.USB_OTG_CoreReset  usb_core.o
    0x080044ac   0x00000010   Code   RO         4446    i.USB_OTG_DisableGlobalInt  usb_core.o
    0x080044bc   0x00000034   Code   RO         4447    i.USB_OTG_DriveVbus  usb_core.o
    0x080044f0   0x00000010   Code   RO         4448    i.USB_OTG_EnableGlobalInt  usb_core.o
    0x08004500   0x00000044   Code   RO         4449    i.USB_OTG_EnableHostInt  usb_core.o
    0x08004544   0x00000038   Code   RO         4450    i.USB_OTG_FlushRxFifo  usb_core.o
    0x0800457c   0x00000040   Code   RO         4451    i.USB_OTG_FlushTxFifo  usb_core.o
    0x080045bc   0x0000002a   Code   RO         4453    i.USB_OTG_HC_DoPing  usb_core.o
    0x080045e6   0x0000003c   Code   RO         4454    i.USB_OTG_HC_Halt   usb_core.o
    0x08004622   0x000000ec   Code   RO         4455    i.USB_OTG_HC_Init   usb_core.o
    0x0800470e   0x00000102   Code   RO         4456    i.USB_OTG_HC_StartXfer  usb_core.o
    0x08004810   0x0000000c   Code   RO         4457    i.USB_OTG_InitFSLSPClkSel  usb_core.o
    0x0800481c   0x0000000c   Code   RO         4459    i.USB_OTG_IsEvenFrame  usb_core.o
    0x08004828   0x0000000e   Code   RO         4460    i.USB_OTG_IsHostMode  usb_core.o
    0x08004836   0x0000000a   Code   RO         4461    i.USB_OTG_ReadCoreItr  usb_core.o
    0x08004840   0x0000000c   Code   RO         4462    i.USB_OTG_ReadHPRT0  usb_core.o
    0x0800484c   0x00000006   Code   RO         4463    i.USB_OTG_ReadHostAllChannels_intr  usb_core.o
    0x08004852   0x00000020   Code   RO         4465    i.USB_OTG_ReadPacket  usb_core.o
    0x08004872   0x0000002a   Code   RO         4466    i.USB_OTG_ResetPort  usb_core.o
    0x0800489c   0x000000c4   Code   RO         4467    i.USB_OTG_SelectCore  usb_core.o
    0x08004960   0x0000002a   Code   RO         4468    i.USB_OTG_SetCurrentMode  usb_core.o
    0x0800498a   0x0000002e   Code   RO         4680    i.USB_OTG_USBH_handle_Disconnect_ISR  usb_hcd_int.o
    0x080049b8   0x00000046   Code   RO         4681    i.USB_OTG_USBH_handle_IncompletePeriodicXfer_ISR  usb_hcd_int.o
    0x080049fe   0x00000056   Code   RO         4682    i.USB_OTG_USBH_handle_hc_ISR  usb_hcd_int.o
    0x08004a54   0x00000426   Code   RO         4683    i.USB_OTG_USBH_handle_hc_n_In_ISR  usb_hcd_int.o
    0x08004e7a   0x00000388   Code   RO         4684    i.USB_OTG_USBH_handle_hc_n_Out_ISR  usb_hcd_int.o
    0x08005202   0x0000012c   Code   RO         4685    i.USB_OTG_USBH_handle_nptxfempty_ISR  usb_hcd_int.o
    0x0800532e   0x00000118   Code   RO         4686    i.USB_OTG_USBH_handle_port_ISR  usb_hcd_int.o
    0x08005446   0x0000012e   Code   RO         4687    i.USB_OTG_USBH_handle_ptxfempty_ISR  usb_hcd_int.o
    0x08005574   0x00000164   Code   RO         4688    i.USB_OTG_USBH_handle_rx_qlvl_ISR  usb_hcd_int.o
    0x080056d8   0x0000001c   Code   RO         4689    i.USB_OTG_USBH_handle_sof_ISR  usb_hcd_int.o
    0x080056f4   0x00000028   Code   RO         4470    i.USB_OTG_WritePacket  usb_core.o
    0x0800571c   0x00000070   Code   RO          502    i.USR_KEYBRD_Init   usbh_hid_usr.o
    0x0800578c   0x000000d8   Code   RO          503    i.USR_KEYBRD_ProcessData  usbh_hid_usr.o
    0x08005864   0x00000080   Code   RO          504    i.USR_MOUSE_Init    usbh_hid_usr.o
    0x080058e4   0x000000b8   Code   RO          505    i.USR_MOUSE_ProcessData  usbh_hid_usr.o
    0x0800599c   0x00000002   Code   RO           13    i.UsageFault_Handler  stm32fxxx_it.o
    0x0800599e   0x00000002   PAD
    0x080059a0   0x00000020   Code   RO         4953    i.__0printf$8       mc_w.l(printf8.o)
    0x080059c0   0x00000028   Code   RO         4955    i.__0sprintf$8      mc_w.l(printf8.o)
    0x080059e8   0x0000000e   Code   RO         5049    i.__scatterload_copy  mc_w.l(handlers.o)
    0x080059f6   0x00000002   Code   RO         5050    i.__scatterload_null  mc_w.l(handlers.o)
    0x080059f8   0x0000000e   Code   RO         5051    i.__scatterload_zeroinit  mc_w.l(handlers.o)
    0x08005a06   0x00000002   PAD
    0x08005a08   0x00000408   Code   RO         4960    i._printf_core      mc_w.l(printf8.o)
    0x08005e10   0x00000026   Code   RO         4961    i._printf_post_padding  mc_w.l(printf8.o)
    0x08005e36   0x00000030   Code   RO         4962    i._printf_pre_padding  mc_w.l(printf8.o)
    0x08005e66   0x0000000a   Code   RO         4964    i._sputc            mc_w.l(printf8.o)
    0x08005e70   0x0000005c   Code   RO         3688    i.check_fs          ff.o
    0x08005ecc   0x00000010   Code   RO         3689    i.chk_chr           ff.o
    0x08005edc   0x000001c4   Code   RO         3690    i.chk_mounted       ff.o
    0x080060a0   0x00000018   Code   RO         3691    i.clust2sect        ff.o
    0x080060b8   0x00000096   Code   RO         3692    i.create_chain      ff.o
    0x0800614e   0x00000002   PAD
    0x08006150   0x000001f0   Code   RO         3693    i.create_name       ff.o
    0x08006340   0x00000002   Code   RO         1266    i.delay_10us        ltm022a69b.o
    0x08006342   0x00000002   PAD
    0x08006344   0x00000134   Code   RO         3694    i.dir_find          ff.o
    0x08006478   0x000000ee   Code   RO         3695    i.dir_next          ff.o
    0x08006566   0x00000002   PAD
    0x08006568   0x000000f0   Code   RO         3696    i.dir_read          ff.o
    0x08006658   0x000001b0   Code   RO         3697    i.dir_register      ff.o
    0x08006808   0x0000007e   Code   RO         3699    i.dir_seek          ff.o
    0x08006886   0x00000002   PAD
    0x08006888   0x00000020   Code   RO         4200    i.disk_initialize   usbh_msc_fatfs.o
    0x080068a8   0x00000040   Code   RO         4201    i.disk_ioctl        usbh_msc_fatfs.o
    0x080068e8   0x00000064   Code   RO         4202    i.disk_read         usbh_msc_fatfs.o
    0x0800694c   0x00000010   Code   RO         4203    i.disk_status       usbh_msc_fatfs.o
    0x0800695c   0x0000006c   Code   RO         4204    i.disk_write        usbh_msc_fatfs.o
    0x080069c8   0x00000012   Code   RO         3701    i.f_close           ff.o
    0x080069da   0x00000002   PAD
    0x080069dc   0x00000020   Code   RO         3707    i.f_mount           ff.o
    0x080069fc   0x00000154   Code   RO         3708    i.f_open            ff.o
    0x08006b50   0x00000058   Code   RO         3709    i.f_opendir         ff.o
    0x08006ba8   0x00000158   Code   RO         3713    i.f_read            ff.o
    0x08006d00   0x00000058   Code   RO         3714    i.f_readdir         ff.o
    0x08006d58   0x000000a4   Code   RO         3717    i.f_sync            ff.o
    0x08006dfc   0x00000194   Code   RO         3721    i.f_write           ff.o
    0x08006f90   0x00000038   Code   RO         3668    i.ff_convert        ccsbcs.o
    0x08006fc8   0x00000024   Code   RO         3669    i.ff_wtoupper       ccsbcs.o
    0x08006fec   0x0000006c   Code   RO         3722    i.follow_path       ff.o
    0x08007058   0x000000fc   Code   RO          975    i.fputc             lcd_log.o
    0x08007154   0x00000068   Code   RO         3723    i.gen_numname       ff.o
    0x080071bc   0x000000b2   Code   RO         3724    i.get_fat           ff.o
    0x0800726e   0x00000004   Code   RO         3960    i.get_fattime       fattime.o
    0x08007272   0x000000ca   Code   RO         3725    i.get_fileinfo      ff.o
    0x0800733c   0x0000003c   Code   RO         1268    i.lcd_ctrl_port_init  ltm022a69b.o
    0x08007378   0x00000074   Code   RO         1273    i.lcd_draw_dot      ltm022a69b.o
    0x080073ec   0x000000d6   Code   RO         1274    i.lcd_draw_line     ltm022a69b.o
    0x080074c2   0x00000002   PAD
    0x080074c4   0x0000003a   Code   RO          331    i.main              main.o
    0x080074fe   0x00000002   PAD
    0x08007500   0x00000012   Code   RO         3726    i.mem_cpy           ff.o
    0x08007512   0x0000000e   Code   RO         3727    i.mem_set           ff.o
    0x08007520   0x0000006a   Code   RO         3728    i.move_window       ff.o
    0x0800758a   0x000000e8   Code   RO         3729    i.put_fat           ff.o
    0x08007672   0x00000062   Code   RO         3730    i.remove_chain      ff.o
    0x080076d4   0x0000001a   Code   RO         3731    i.sum_sfn           ff.o
    0x080076ee   0x000000b8   Code   RO         3732    i.sync              ff.o
    0x080077a6   0x00000020   Code   RO         3733    i.validate          ff.o
    0x080077c6   0x00000138   Data   RO          508    .constdata          usbh_hid_usr.o
    0x080078fe   0x000000ff   Data   RO          659    .constdata          usbh_msc_usr.o
    0x080079fd   0x00000003   PAD
    0x08007a00   0x00000050   Data   RO          881    .constdata          stm32_eval.o
    0x08007a50   0x000011d0   Data   RO         1276    .constdata          ltm022a69b.o
    0x08008c20   0x00000900   Data   RO         1277    .constdata          ltm022a69b.o
    0x08009520   0x00000900   Data   RO         1278    .constdata          ltm022a69b.o
    0x08009e20   0x000004c0   Data   RO         3670    .constdata          ccsbcs.o
    0x0800a2e0   0x000000d2   Data   RO         3735    .constdata          ff.o
    0x0800a3b2   0x000001ec   Data   RO         4050    .constdata          usbh_hid_keybd.o
    0x0800a59e   0x0000015e   Data   RO          355    .conststring        dual_core_demo.o
    0x0800a6fc   0x00000020   Data   RO         5047    Region$$Table       anon$$obj.o


    Execution Region RW_IRAM1 (Base: 0x20000000, Size: 0x000023d8, Max: 0x00020000, ABSOLUTE, COMPRESSED[0x0000014c])

    Base Addr    Size         Type   Attr      Idx    E Section Name        Object

    0x20000000   0x00000004   Data   RW          242    .data               usb_bsp.o
    0x20000004   0x0000007e   Data   RW          356    .data               dual_core_demo.o
    0x20000082   0x00000007   Data   RW          509    .data               usbh_hid_usr.o
    0x20000089   0x00000003   PAD
    0x2000008c   0x00000048   Data   RW          510    .data               usbh_hid_usr.o
    0x200000d4   0x00000048   Data   RW          664    .data               usbh_msc_usr.o
    0x2000011c   0x00000008   Data   RW          787    .data               usbh_usr_lcd.o
    0x20000124   0x00000014   Data   RW          832    .data               system_stm32f2xx.o
    0x20000138   0x0000002c   Data   RW          882    .data               stm32_eval.o
    0x20000164   0x00000012   Data   RW          977    .data               lcd_log.o
    0x20000176   0x00000001   Data   RW         1218    .data               stm322xg_eval_ioe.o
    0x20000177   0x00000001   PAD
    0x20000178   0x00000014   Data   RW         1281    .data               ltm022a69b.o
    0x2000018c   0x00000008   Data   RW         1282    .data               ltm022a69b.o
    0x20000194   0x00000008   Data   RW         1283    .data               ltm022a69b.o
    0x2000019c   0x00000008   Data   RW         3736    .data               ff.o
    0x200001a4   0x00000008   Data   RW         3977    .data               usbh_hid_mouse.o
    0x200001ac   0x00000004   Data   RW         3978    .data               usbh_hid_mouse.o
    0x200001b0   0x00000001   Data   RW         4005    .data               usbh_hid_core.o
    0x200001b1   0x00000003   PAD
    0x200001b4   0x00000010   Data   RW         4006    .data               usbh_hid_core.o
    0x200001c4   0x00000008   Data   RW         4051    .data               usbh_hid_keybd.o
    0x200001cc   0x00000017   Data   RW         4052    .data               usbh_hid_keybd.o
    0x200001e3   0x00000001   Data   RW         4080    .data               usbh_msc_scsi.o
    0x200001e4   0x00000010   Data   RW         4127    .data               usbh_msc_bot.o
    0x200001f4   0x00000002   Data   RW         4165    .data               usbh_msc_core.o
    0x200001f6   0x00000002   PAD
    0x200001f8   0x00000010   Data   RW         4166    .data               usbh_msc_core.o
    0x20000208   0x00000001   Data   RW         4205    .data               usbh_msc_fatfs.o
    0x20000209   0x00000003   PAD
    0x2000020c   0x00000010   Data   RW         4305    .data               usbh_core.o
    0x2000021c   0x00000004   Data   RW         5021    .data               mc_w.l(stdout.o)
    0x20000220   0x0000148c   Zero   RW          354    .bss                dual_core_demo.o
    0x200016ac   0x00000270   Zero   RW          976    .bss                lcd_log.o
    0x2000191c   0x00000200   Zero   RW         3734    .bss                ff.o
    0x20001b1c   0x0000005e   Zero   RW         4003    .bss                usbh_hid_core.o
    0x20001b7a   0x00000002   PAD
    0x20001b7c   0x00000210   Zero   RW         4078    .bss                usbh_msc_scsi.o
    0x20001d8c   0x00000040   Zero   RW         4126    .bss                usbh_msc_bot.o
    0x20001dcc   0x0000020a   Zero   RW         4164    .bss                usbh_msc_core.o
    0x20001fd6   0x00000002   PAD
    0x20001fd8   0x00000400   Zero   RW          858    STACK               startup_stm32f2xx.o


==============================================================================

Image component sizes


      Code (inc. data)   RO Data    RW Data    ZI Data      Debug   Object Name

        92         14       1216          0          0       1891   ccsbcs.o
         0          0          0          0          0         32   core_cm3.o
      3562       1024        350        126       5260      34119   dual_core_demo.o
         4          0          0          0          0        490   fattime.o
      5354         78        210          8        512      27542   ff.o
       650         32          0         18        624       5893   lcd_log.o
      2342        118       9168         36          0      17357   ltm022a69b.o
        58          0          0          0          0        735   main.o
       140         26          0          0          0       2125   misc.o
        36          8        388          0       1024        892   startup_stm32f2xx.o
       324         14          0          1          0       3263   stm322xg_eval_ioe.o
       148         34         80         44          0       4063   stm32_eval.o
        44         10          0          0          0       1164   stm32f2xx_exti.o
       216          0          0          0          0       3443   stm32f2xx_gpio.o
       144         36          0          0          0       3510   stm32f2xx_rcc.o
       182         12          0          0          0       4151   stm32f2xx_spi.o
       210         28          0          0          0       5192   stm32f2xx_tim.o
        94         16          0          0          0     300367   stm32fxxx_it.o
       232         30          0         20          0       1737   system_stm32f2xx.o
       856         32          0          4          0       5760   usb_bsp.o
      1790         22          0          0          0      16405   usb_core.o
       160          0          0          0          0       4799   usb_hcd.o
      3602          0          0          0          0      10307   usb_hcd_int.o
      1478         54          0         16          0       6681   usbh_core.o
       232          0          0          0          0       3716   usbh_hcs.o
       708         48          0         17         94       6372   usbh_hid_core.o
       244         12        492         31          0       2376   usbh_hid_keybd.o
        28          4          0         12          0       2206   usbh_hid_mouse.o
      1216        436        312         79          0      13375   usbh_hid_usr.o
       332          0          0          0          0       5206   usbh_ioreq.o
       736         66          0         16         64       6625   usbh_msc_bot.o
       628         50          0         18        522       5577   usbh_msc_core.o
       320         46          0          1          0       4294   usbh_msc_fatfs.o
       976         72          0          1        528       6984   usbh_msc_scsi.o
       538        262        255         72          0      22721   usbh_msc_usr.o
       652          0          0          0          0       6963   usbh_stdreq.o
       304          4          0          8          0       2380   usbh_usr_lcd.o

    ----------------------------------------------------------------------
     28694       2588      12506        540       8632     550713   Object Totals
         0          0         32          0          0          0   (incl. Generated)
        62          0          3         12          4          0   (incl. Padding)

    ----------------------------------------------------------------------

      Code (inc. data)   RO Data    RW Data    ZI Data      Debug   Library Member Name

        92          0          0          0          0          0   __dczerorl2.o
         0          0          0          0          0          0   entry.o
         0          0          0          0          0          0   entry10a.o
         0          0          0          0          0          0   entry11a.o
         8          4          0          0          0          0   entry2.o
         4          0          0          0          0          0   entry5.o
         0          0          0          0          0          0   entry7b.o
         0          0          0          0          0          0   entry8b.o
         8          4          0          0          0          0   entry9a.o
        30          0          0          0          0          0   handlers.o
        36          8          0          0          0         68   init.o
        30          0          0          0          0         68   llshl.o
        32          0          0          0          0         68   llushr.o
      1200         60          0          0          0        504   printf8.o
         0          0          0          4          0          0   stdout.o
        36          0          0          0          0         80   strstr.o
        98          0          0          0          0         92   uldiv.o

    ----------------------------------------------------------------------
      1580         76          0          4          0        880   Library Totals
         6          0          0          0          0          0   (incl. Padding)

    ----------------------------------------------------------------------

      Code (inc. data)   RO Data    RW Data    ZI Data      Debug   Library Name

      1574         76          0          4          0        880   mc_w.l

    ----------------------------------------------------------------------
      1580         76          0          4          0        880   Library Totals

    ----------------------------------------------------------------------

==============================================================================


      Code (inc. data)   RO Data    RW Data    ZI Data      Debug   

     30274       2664      12506        544       8632     537137   Grand Totals
     30274       2664      12506        332       8632     537137   ELF Image Totals (compressed)
     30274       2664      12506        332          0          0   ROM Totals

==============================================================================

    Total RO  Size (Code + RO Data)                42780 (  41.78kB)
    Total RW  Size (RW Data + ZI Data)              9176 (   8.96kB)
    Total ROM Size (Code + RO Data + RW Data)      43112 (  42.10kB)

==============================================================================

