ARM Linker, 5.03 [Build 24] [MDK-ARM Standard][RL-ARM]

==============================================================================

Section Cross References

    app.o(i.main) refers to usbd_core.o(i.USBD_Init) for USBD_Init
    app.o(i.main) refers to stm32_eval.o(i.STM_EVAL_LEDToggle) for STM_EVAL_LEDToggle
    app.o(i.main) refers to usbd_usr.o(.data) for USR_cb
    app.o(i.main) refers to usbd_msc_core.o(.data) for USBD_MSC_cb
    app.o(i.main) refers to usbd_desc.o(.data) for USR_desc
    app.o(i.main) refers to app.o(.bss) for .bss
    stm32fxxx_it.o(i.OTG_HS_EP1_IN_IRQHandler) refers to usb_dcd_int.o(i.USBD_OTG_EP1IN_ISR_Handler) for USBD_OTG_EP1IN_ISR_Handler
    stm32fxxx_it.o(i.OTG_HS_EP1_IN_IRQHandler) refers to app.o(.bss) for USB_OTG_dev
    stm32fxxx_it.o(i.OTG_HS_EP1_OUT_IRQHandler) refers to usb_dcd_int.o(i.USBD_OTG_EP1OUT_ISR_Handler) for USBD_OTG_EP1OUT_ISR_Handler
    stm32fxxx_it.o(i.OTG_HS_EP1_OUT_IRQHandler) refers to app.o(.bss) for USB_OTG_dev
    stm32fxxx_it.o(i.OTG_HS_IRQHandler) refers to usb_dcd_int.o(i.USBD_OTG_ISR_Handler) for USBD_OTG_ISR_Handler
    stm32fxxx_it.o(i.OTG_HS_IRQHandler) refers to app.o(.bss) for USB_OTG_dev
    stm32fxxx_it.o(i.SDIO_IRQHandler) refers to stm32_eval_sdio_sd.o(i.SD_ProcessIRQSrc) for SD_ProcessIRQSrc
    usb_bsp.o(i.USB_OTG_BSP_EnableInterrupt) refers to misc.o(i.NVIC_PriorityGroupConfig) for NVIC_PriorityGroupConfig
    usb_bsp.o(i.USB_OTG_BSP_EnableInterrupt) refers to misc.o(i.NVIC_Init) for NVIC_Init
    usb_bsp.o(i.USB_OTG_BSP_Init) refers to stm32f2xx_rcc.o(i.RCC_AHB1PeriphClockCmd) for RCC_AHB1PeriphClockCmd
    usb_bsp.o(i.USB_OTG_BSP_Init) refers to stm32f2xx_gpio.o(i.GPIO_PinAFConfig) for GPIO_PinAFConfig
    usb_bsp.o(i.USB_OTG_BSP_Init) refers to stm32f2xx_gpio.o(i.GPIO_Init) for GPIO_Init
    usb_bsp.o(i.USB_OTG_BSP_mDelay) refers to usb_bsp.o(i.USB_OTG_BSP_uDelay) for USB_OTG_BSP_uDelay
    usbd_usr.o(i.USBD_USR_DeviceConfigured) refers to printfb.o(i.__0printf$bare) for __2printf
    usbd_usr.o(i.USBD_USR_DeviceConfigured) refers to lcd_log.o(.data) for LCD_LineColor
    usbd_usr.o(i.USBD_USR_DeviceReset) refers to lcd_log.o(i.LCD_LOG_SetFooter) for LCD_LOG_SetFooter
    usbd_usr.o(i.USBD_USR_DeviceSuspended) refers to printfb.o(i.__0printf$bare) for __2printf
    usbd_usr.o(i.USBD_USR_DeviceSuspended) refers to lcd_log.o(.data) for LCD_LineColor
    usbd_usr.o(i.USBD_USR_Init) refers to stm32_eval.o(i.STM_EVAL_LEDInit) for STM_EVAL_LEDInit
    usbd_usr.o(i.USBD_USR_Init) refers to ltm022a69b.o(i.STM322xG_LCD_Init) for STM322xG_LCD_Init
    usbd_usr.o(i.USBD_USR_Init) refers to lcd_log.o(i.LCD_LOG_Init) for LCD_LOG_Init
    usbd_usr.o(i.USBD_USR_Init) refers to lcd_log.o(i.LCD_LOG_SetHeader) for LCD_LOG_SetHeader
    usbd_usr.o(i.USBD_USR_Init) refers to printfb.o(i.__0printf$bare) for __2printf
    usbd_usr.o(i.USBD_USR_Init) refers to lcd_log.o(i.LCD_LOG_SetFooter) for LCD_LOG_SetFooter
    usbd_usr.o(i.USBD_USR_Init) refers to ltm022a69b.o(i.LCD_SetTextColor) for LCD_SetTextColor
    usbd_usr.o(i.USBD_USR_Init) refers to ltm022a69b.o(i.LCD_DisplayStringLine) for LCD_DisplayStringLine
    usbd_usr.o(i.USBD_USR_Init) refers to lcd_log.o(.data) for LCD_LineColor
    usbd_usr.o(.data) refers to usbd_usr.o(i.USBD_USR_Init) for USBD_USR_Init
    usbd_usr.o(.data) refers to usbd_usr.o(i.USBD_USR_DeviceReset) for USBD_USR_DeviceReset
    usbd_usr.o(.data) refers to usbd_usr.o(i.USBD_USR_DeviceConfigured) for USBD_USR_DeviceConfigured
    usbd_usr.o(.data) refers to usbd_usr.o(i.USBD_USR_DeviceSuspended) for USBD_USR_DeviceSuspended
    usbd_usr.o(.data) refers to usbd_usr.o(i.USBD_USR_DeviceResumed) for USBD_USR_DeviceResumed
    usbd_storage_msd.o(i.STORAGE_GetCapacity) refers to stm32_eval_sdio_sd.o(i.SD_GetStatus) for SD_GetStatus
    usbd_storage_msd.o(i.STORAGE_GetCapacity) refers to stm32_eval_sdio_sd.o(.bss) for SDCardInfo
    usbd_storage_msd.o(i.STORAGE_Init) refers to misc.o(i.NVIC_Init) for NVIC_Init
    usbd_storage_msd.o(i.STORAGE_Init) refers to stm32_eval_sdio_sd.o(i.SD_Init) for SD_Init
    usbd_storage_msd.o(i.STORAGE_IsReady) refers to stm32_eval_sdio_sd.o(i.SD_GetStatus) for SD_GetStatus
    usbd_storage_msd.o(i.STORAGE_IsReady) refers to stm32_eval_sdio_sd.o(i.SD_Init) for SD_Init
    usbd_storage_msd.o(i.STORAGE_IsReady) refers to usbd_storage_msd.o(.data) for .data
    usbd_storage_msd.o(i.STORAGE_Read) refers to stm32_eval_sdio_sd.o(i.SD_ReadMultiBlocks) for SD_ReadMultiBlocks
    usbd_storage_msd.o(i.STORAGE_Read) refers to stm32_eval_sdio_sd.o(i.SD_WaitReadOperation) for SD_WaitReadOperation
    usbd_storage_msd.o(i.STORAGE_Read) refers to stm32_eval_sdio_sd.o(i.SD_GetStatus) for SD_GetStatus
    usbd_storage_msd.o(i.STORAGE_Write) refers to stm32_eval_sdio_sd.o(i.SD_WriteMultiBlocks) for SD_WriteMultiBlocks
    usbd_storage_msd.o(i.STORAGE_Write) refers to stm32_eval_sdio_sd.o(i.SD_WaitWriteOperation) for SD_WaitWriteOperation
[...]
    i.SDIO_IRQHandler                        0x08001b28   Section        0  stm32fxxx_it.o(i.SDIO_IRQHandler)
    i.SDIO_ITConfig                          0x08001b2c   Section        0  stm32f2xx_sdio.o(i.SDIO_ITConfig)
    i.SDIO_Init                              0x08001b44   Section        0  stm32f2xx_sdio.o(i.SDIO_Init)
    i.SDIO_ReadData                          0x08001b70   Section        0  stm32f2xx_sdio.o(i.SDIO_ReadData)
    i.SDIO_SendCommand                       0x08001b7c   Section        0  stm32f2xx_sdio.o(i.SDIO_SendCommand)
    i.SDIO_SetPowerState                     0x08001ba4   Section        0  stm32f2xx_sdio.o(i.SDIO_SetPowerState)
    i.SD_DMAEndOfTransferStatus              0x08001bbc   Section        0  stm32_eval.o(i.SD_DMAEndOfTransferStatus)
    i.SD_Detect                              0x08001bcc   Section        0  stm32_eval_sdio_sd.o(i.SD_Detect)
    i.SD_EnableWideBusOperation              0x08001bf0   Section        0  stm32_eval_sdio_sd.o(i.SD_EnableWideBusOperation)
    i.SD_GetCardInfo                         0x08001c64   Section        0  stm32_eval_sdio_sd.o(i.SD_GetCardInfo)
    i.SD_GetState                            0x08001ea0   Section        0  stm32_eval_sdio_sd.o(i.SD_GetState)
    i.SD_GetStatus                           0x08001ec2   Section        0  stm32_eval_sdio_sd.o(i.SD_GetStatus)
    i.SD_Init                                0x08001edc   Section        0  stm32_eval_sdio_sd.o(i.SD_Init)
    i.SD_InitializeCards                     0x08001f5c   Section        0  stm32_eval_sdio_sd.o(i.SD_InitializeCards)
    i.SD_LowLevel_DMA_RxConfig               0x0800205c   Section        0  stm32_eval.o(i.SD_LowLevel_DMA_RxConfig)
    i.SD_LowLevel_DMA_TxConfig               0x080020d8   Section        0  stm32_eval.o(i.SD_LowLevel_DMA_TxConfig)
    i.SD_LowLevel_Init                       0x08002158   Section        0  stm32_eval.o(i.SD_LowLevel_Init)
    i.SD_PowerON                             0x08002218   Section        0  stm32_eval_sdio_sd.o(i.SD_PowerON)
    i.SD_ProcessIRQSrc                       0x08002400   Section        0  stm32_eval_sdio_sd.o(i.SD_ProcessIRQSrc)
    i.SD_ReadMultiBlocks                     0x08002444   Section        0  stm32_eval_sdio_sd.o(i.SD_ReadMultiBlocks)
    i.SD_SelectDeselect                      0x08002500   Section        0  stm32_eval_sdio_sd.o(i.SD_SelectDeselect)
    i.SD_SendStatus                          0x0800252c   Section        0  stm32_eval_sdio_sd.o(i.SD_SendStatus)
    i.SD_WaitReadOperation                   0x08002560   Section        0  stm32_eval_sdio_sd.o(i.SD_WaitReadOperation)
    i.SD_WaitWriteOperation                  0x08002588   Section        0  stm32_eval_sdio_sd.o(i.SD_WaitWriteOperation)
    i.SD_WriteMultiBlocks                    0x080025b8   Section        0  stm32_eval_sdio_sd.o(i.SD_WriteMultiBlocks)
    i.SPI0_Init                              0x08002698   Section        0  ltm022a69b.o(i.SPI0_Init)
    i.SPI0_communication                     0x0800274c   Section        0  ltm022a69b.o(i.SPI0_communication)
    i.SPI_Cmd                                0x08002780   Section        0  stm32f2xx_spi.o(i.SPI_Cmd)
    i.SPI_I2S_DeInit                         0x08002794   Section        0  stm32f2xx_spi.o(i.SPI_I2S_DeInit)
    i.SPI_I2S_GetFlagStatus                  0x080027e8   Section        0  stm32f2xx_spi.o(i.SPI_I2S_GetFlagStatus)
    i.SPI_I2S_ReceiveData                    0x080027f6   Section        0  stm32f2xx_spi.o(i.SPI_I2S_ReceiveData)
    i.SPI_I2S_SendData                       0x080027fa   Section        0  stm32f2xx_spi.o(i.SPI_I2S_SendData)
    i.SPI_Init                               0x080027fe   Section        0  stm32f2xx_spi.o(i.SPI_Init)
    i.STM322xG_LCD_Init                      0x08002838   Section        0  ltm022a69b.o(i.STM322xG_LCD_Init)
    i.STM_EVAL_LEDInit                       0x08002a80   Section        0  stm32_eval.o(i.STM_EVAL_LEDInit)
    i.STM_EVAL_LEDToggle                     0x08002ac8   Section        0  stm32_eval.o(i.STM_EVAL_LEDToggle)
    i.STORAGE_GetCapacity                    0x08002ae4   Section        0  usbd_storage_msd.o(i.STORAGE_GetCapacity)
    i.STORAGE_GetMaxLun                      0x08002b0c   Section        0  usbd_storage_msd.o(i.STORAGE_GetMaxLun)
    i.STORAGE_Init                           0x08002b10   Section        0  usbd_storage_msd.o(i.STORAGE_Init)
    i.STORAGE_IsReady                        0x08002b3c   Section        0  usbd_storage_msd.o(i.STORAGE_IsReady)
    i.STORAGE_IsWriteProtected               0x08002b68   Section        0  usbd_storage_msd.o(i.STORAGE_IsWriteProtected)
    i.STORAGE_Read                           0x08002b6c   Section        0  usbd_storage_msd.o(i.STORAGE_Read)
    i.STORAGE_Write                          0x08002b94   Section        0  usbd_storage_msd.o(i.STORAGE_Write)
    i.SVC_Handler                            0x08002bba   Section        0  stm32fxxx_it.o(i.SVC_Handler)
    i.SetSysClock                            0x08002bbc   Section        0  system_stm32f2xx.o(i.SetSysClock)
    SetSysClock                              0x08002bbd   Thumb Code   140  system_stm32f2xx.o(i.SetSysClock)
    i.SysTick_Handler                        0x08002c54   Section        0  stm32fxxx_it.o(i.SysTick_Handler)
    i.SystemInit                             0x08002c58   Section        0  system_stm32f2xx.o(i.SystemInit)
    i.USBD_ClrCfg                            0x08002ca8   Section        0  usbd_core.o(i.USBD_ClrCfg)
    i.USBD_CtlContinueRx                     0x08002cb6   Section        0  usbd_ioreq.o(i.USBD_CtlContinueRx)
    i.USBD_CtlContinueSendData               0x08002cc8   Section        0  usbd_ioreq.o(i.USBD_CtlContinueSendData)
    i.USBD_CtlError                          0x08002cda   Section        0  usbd_req.o(i.USBD_CtlError)
    i.USBD_CtlReceiveStatus                  0x08002cfe   Section        0  usbd_ioreq.o(i.USBD_CtlReceiveStatus)
    i.USBD_CtlSendData                       0x08002d20   Section        0  usbd_ioreq.o(i.USBD_CtlSendData)
    i.USBD_CtlSendStatus                     0x08002d40   Section        0  usbd_ioreq.o(i.USBD_CtlSendStatus)
    i.USBD_DataInStage                       0x08002d62   Section        0  usbd_core.o(i.USBD_DataInStage)
    USBD_DataInStage                         0x08002d63   Thumb Code   150  usbd_core.o(i.USBD_DataInStage)
    i.USBD_DataOutStage                      0x08002df8   Section        0  usbd_core.o(i.USBD_DataOutStage)
    USBD_DataOutStage                        0x08002df9   Thumb Code   120  usbd_core.o(i.USBD_DataOutStage)
    i.USBD_GetDescriptor                     0x08002e70   Section        0  usbd_req.o(i.USBD_GetDescriptor)
    USBD_GetDescriptor                       0x08002e71   Thumb Code   292  usbd_req.o(i.USBD_GetDescriptor)
    i.USBD_GetRxCount                        0x08002f98   Section        0  usbd_ioreq.o(i.USBD_GetRxCount)
    i.USBD_GetString                         0x08002fa8   Section        0  usbd_req.o(i.USBD_GetString)
    i.USBD_Init                              0x08002fee   Section        0  usbd_core.o(i.USBD_Init)
    i.USBD_IsoINIncomplete                   0x08003024   Section        0  usbd_core.o(i.USBD_IsoINIncomplete)
    USBD_IsoINIncomplete                     0x08003025   Thumb Code    14  usbd_core.o(i.USBD_IsoINIncomplete)
    i.USBD_IsoOUTIncomplete                  0x08003032   Section        0  usbd_core.o(i.USBD_IsoOUTIncomplete)
    USBD_IsoOUTIncomplete                    0x08003033   Thumb Code    14  usbd_core.o(i.USBD_IsoOUTIncomplete)
    i.USBD_MSC_DataIn                        0x08003040   Section        0  usbd_msc_core.o(i.USBD_MSC_DataIn)
    i.USBD_MSC_DataOut                       0x0800304a   Section        0  usbd_msc_core.o(i.USBD_MSC_DataOut)
    i.USBD_MSC_DeInit                        0x08003054   Section        0  usbd_msc_core.o(i.USBD_MSC_DeInit)
    i.USBD_MSC_GetCfgDesc                    0x08003070   Section        0  usbd_msc_core.o(i.USBD_MSC_GetCfgDesc)
    i.USBD_MSC_GetOtherCfgDesc               0x0800307c   Section        0  usbd_msc_core.o(i.USBD_MSC_GetOtherCfgDesc)
    i.USBD_MSC_Init                          0x08003088   Section        0  usbd_msc_core.o(i.USBD_MSC_Init)
    i.USBD_MSC_Setup                         0x080030c0   Section        0  usbd_msc_core.o(i.USBD_MSC_Setup)
    i.USBD_OTG_EP1IN_ISR_Handler             0x08003188   Section        0  usb_dcd_int.o(i.USBD_OTG_EP1IN_ISR_Handler)
    i.USBD_OTG_EP1OUT_ISR_Handler            0x08003214   Section        0  usb_dcd_int.o(i.USBD_OTG_EP1OUT_ISR_Handler)
    i.USBD_OTG_ISR_Handler                   0x0800326c   Section        0  usb_dcd_int.o(i.USBD_OTG_ISR_Handler)
    i.USBD_ParseSetupRequest                 0x080033ec   Section        0  usbd_req.o(i.USBD_ParseSetupRequest)
    i.USBD_Reset                             0x08003430   Section        0  usbd_core.o(i.USBD_Reset)
    USBD_Reset                               0x08003431   Thumb Code    46  usbd_core.o(i.USBD_Reset)
    i.USBD_Resume                            0x0800345e   Section        0  usbd_core.o(i.USBD_Resume)
    USBD_Resume                              0x0800345f   Thumb Code    22  usbd_core.o(i.USBD_Resume)
    i.USBD_SOF                               0x08003474   Section        0  usbd_core.o(i.USBD_SOF)
    USBD_SOF                                 0x08003475   Thumb Code    16  usbd_core.o(i.USBD_SOF)
    i.USBD_SetCfg                            0x08003484   Section        0  usbd_core.o(i.USBD_SetCfg)
    i.USBD_SetConfig                         0x080034a0   Section        0  usbd_req.o(i.USBD_SetConfig)
    USBD_SetConfig                           0x080034a1   Thumb Code   112  usbd_req.o(i.USBD_SetConfig)
    i.USBD_SetFeature                        0x08003514   Section        0  usbd_req.o(i.USBD_SetFeature)
    USBD_SetFeature                          0x08003515   Thumb Code   112  usbd_req.o(i.USBD_SetFeature)
    i.USBD_SetupStage                        0x08003584   Section        0  usbd_core.o(i.USBD_SetupStage)
    USBD_SetupStage                          0x08003585   Thumb Code    72  usbd_core.o(i.USBD_SetupStage)
    i.USBD_StdDevReq                         0x080035cc   Section        0  usbd_req.o(i.USBD_StdDevReq)
    i.USBD_StdEPReq                          0x080036c0   Section        0  usbd_req.o(i.USBD_StdEPReq)
    i.USBD_StdItfReq                         0x08003794   Section        0  usbd_req.o(i.USBD_StdItfReq)
    i.USBD_Suspend                           0x080037ca   Section        0  usbd_core.o(i.USBD_Suspend)
    USBD_Suspend                             0x080037cb   Thumb Code    20  usbd_core.o(i.USBD_Suspend)
    i.USBD_USR_ConfigStrDescriptor           0x080037e0   Section        0  usbd_desc.o(i.USBD_USR_ConfigStrDescriptor)
    i.USBD_USR_DeviceConfigured              0x08003800   Section        0  usbd_usr.o(i.USBD_USR_DeviceConfigured)
    i.USBD_USR_DeviceDescriptor              0x08003830   Section        0  usbd_desc.o(i.USBD_USR_DeviceDescriptor)
    i.USBD_USR_DeviceReset                   0x0800383c   Section        0  usbd_usr.o(i.USBD_USR_DeviceReset)
    i.USBD_USR_DeviceResumed                 0x080038c8   Section        0  usbd_usr.o(i.USBD_USR_DeviceResumed)
    i.USBD_USR_DeviceSuspended               0x080038cc   Section        0  usbd_usr.o(i.USBD_USR_DeviceSuspended)
    i.USBD_USR_Init                          0x080038fc   Section        0  usbd_usr.o(i.USBD_USR_Init)
    i.USBD_USR_InterfaceStrDescriptor        0x080039e0   Section        0  usbd_desc.o(i.USBD_USR_InterfaceStrDescriptor)
    i.USBD_USR_LangIDStrDescriptor           0x08003a04   Section        0  usbd_desc.o(i.USBD_USR_LangIDStrDescriptor)
    i.USBD_USR_ManufacturerStrDescriptor     0x08003a10   Section        0  usbd_desc.o(i.USBD_USR_ManufacturerStrDescriptor)
    i.USBD_USR_ProductStrDescriptor          0x08003a38   Section        0  usbd_desc.o(i.USBD_USR_ProductStrDescriptor)
    i.USBD_USR_SerialStrDescriptor           0x08003a84   Section        0  usbd_desc.o(i.USBD_USR_SerialStrDescriptor)
    i.USB_OTG_BSP_EnableInterrupt            0x08003ac0   Section        0  usb_bsp.o(i.USB_OTG_BSP_EnableInterrupt)
    i.USB_OTG_BSP_Init                       0x08003b28   Section        0  usb_bsp.o(i.USB_OTG_BSP_Init)
    i.USB_OTG_BSP_mDelay                     0x08003c60   Section        0  usb_bsp.o(i.USB_OTG_BSP_mDelay)
    i.USB_OTG_BSP_uDelay                     0x08003c6a   Section        0  usb_bsp.o(i.USB_OTG_BSP_uDelay)
    i.USB_OTG_CoreInit                       0x08003c7a   Section        0  usb_core.o(i.USB_OTG_CoreInit)
    i.USB_OTG_CoreInitDev                    0x08003d54   Section        0  usb_core.o(i.USB_OTG_CoreInitDev)
    i.USB_OTG_CoreReset                      0x08003ea8   Section        0  usb_core.o(i.USB_OTG_CoreReset)
    USB_OTG_CoreReset                        0x08003ea9   Thumb Code    84  usb_core.o(i.USB_OTG_CoreReset)
    i.USB_OTG_DisableGlobalInt               0x08003f00   Section        0  usb_core.o(i.USB_OTG_DisableGlobalInt)
    i.USB_OTG_EP0Activate                    0x08003f10   Section        0  usb_core.o(i.USB_OTG_EP0Activate)
    i.USB_OTG_EP0StartXfer                   0x08003f4c   Section        0  usb_core.o(i.USB_OTG_EP0StartXfer)
    i.USB_OTG_EP0_OutStart                   0x08004004   Section        0  usb_core.o(i.USB_OTG_EP0_OutStart)
    i.USB_OTG_EPActivate                     0x08004028   Section        0  usb_core.o(i.USB_OTG_EPActivate)
    i.USB_OTG_EPClearStall                   0x08004090   Section        0  usb_core.o(i.USB_OTG_EPClearStall)
    i.USB_OTG_EPDeactivate                   0x080040c2   Section        0  usb_core.o(i.USB_OTG_EPDeactivate)
    i.USB_OTG_EPSetStall                     0x08004110   Section        0  usb_core.o(i.USB_OTG_EPSetStall)
    i.USB_OTG_EPStartXfer                    0x08004140   Section        0  usb_core.o(i.USB_OTG_EPStartXfer)
    i.USB_OTG_EnableDevInt                   0x08004264   Section        0  usb_core.o(i.USB_OTG_EnableDevInt)
    i.USB_OTG_EnableGlobalInt                0x080042a8   Section        0  usb_core.o(i.USB_OTG_EnableGlobalInt)
    i.USB_OTG_FlushRxFifo                    0x080042b8   Section        0  usb_core.o(i.USB_OTG_FlushRxFifo)
    i.USB_OTG_FlushTxFifo                    0x080042f0   Section        0  usb_core.o(i.USB_OTG_FlushTxFifo)
    i.USB_OTG_GetDeviceSpeed                 0x08004330   Section        0  usb_core.o(i.USB_OTG_GetDeviceSpeed)
    i.USB_OTG_InitDevSpeed                   0x08004356   Section        0  usb_core.o(i.USB_OTG_InitDevSpeed)
    i.USB_OTG_IsDeviceMode                   0x08004362   Section        0  usb_core.o(i.USB_OTG_IsDeviceMode)
    i.USB_OTG_ReadCoreItr                    0x08004374   Section        0  usb_core.o(i.USB_OTG_ReadCoreItr)
    i.USB_OTG_ReadDevAllInEPItr              0x0800437e   Section        0  usb_core.o(i.USB_OTG_ReadDevAllInEPItr)
    i.USB_OTG_ReadDevAllOutEp_itr            0x0800438a   Section        0  usb_core.o(i.USB_OTG_ReadDevAllOutEp_itr)
    i.USB_OTG_ReadDevOutEP_itr               0x08004396   Section        0  usb_core.o(i.USB_OTG_ReadDevOutEP_itr)
    i.USB_OTG_ReadPacket                     0x080043a6   Section        0  usb_core.o(i.USB_OTG_ReadPacket)
    i.USB_OTG_SelectCore                     0x080043c8   Section        0  usb_core.o(i.USB_OTG_SelectCore)
    i.USB_OTG_SetCurrentMode                 0x0800448c   Section        0  usb_core.o(i.USB_OTG_SetCurrentMode)
    i.USB_OTG_WritePacket                    0x080044b6   Section        0  usb_core.o(i.USB_OTG_WritePacket)
    i.UsageFault_Handler                     0x080044de   Section        0  stm32fxxx_it.o(i.UsageFault_Handler)
    i.__0printf$bare                         0x080044e0   Section        0  printfb.o(i.__0printf$bare)
    i.__scatterload_copy                     0x080044f0   Section       14  handlers.o(i.__scatterload_copy)
    i.__scatterload_null                     0x080044fe   Section        2  handlers.o(i.__scatterload_null)
    i.__scatterload_zeroinit                 0x08004500   Section       14  handlers.o(i.__scatterload_zeroinit)
    i._printf_core                           0x0800450e   Section        0  printfb.o(i._printf_core)
    _printf_core                             0x0800450f   Thumb Code    34  printfb.o(i._printf_core)
    i.delay_10us                             0x08004530   Section        0  ltm022a69b.o(i.delay_10us)
    i.fputc                                  0x08004534   Section        0  lcd_log.o(i.fputc)
    i.lcd_ctrl_port_init                     0x08004630   Section        0  ltm022a69b.o(i.lcd_ctrl_port_init)
    i.main                                   0x0800466c   Section        0  app.o(i.main)
    .constdata                               0x080046ac   Section       36  usbd_storage_msd.o(.constdata)
    .constdata                               0x080046d0   Section       80  stm32_eval.o(.constdata)
    .constdata                               0x08004720   Section     4560  ltm022a69b.o(.constdata)
    .constdata                               0x080058f0   Section     2304  ltm022a69b.o(.constdata)
    .constdata                               0x080061f0   Section     2304  ltm022a69b.o(.constdata)
    .constdata                               0x08006af0   Section        7  usbd_msc_data.o(.constdata)
    .constdata                               0x08006af7   Section        8  usbd_msc_data.o(.constdata)
    .constdata                               0x08006aff   Section        8  usbd_msc_data.o(.constdata)
    .data                                    0x20000000   Section       28  usbd_usr.o(.data)
    .data                                    0x2000001c   Section       32  usbd_storage_msd.o(.data)
    .data                                    0x2000003c   Section        4  usbd_storage_msd.o(.data)
    .data                                    0x20000040   Section        1  usbd_storage_msd.o(.data)
    last_status                              0x20000040   Data           1  usbd_storage_msd.o(.data)
    .data                                    0x20000044   Section       28  usbd_desc.o(.data)
    .data                                    0x20000060   Section       22  usbd_desc.o(.data)
    .data                                    0x20000078   Section       10  usbd_desc.o(.data)
    .data                                    0x20000084   Section       44  stm32_eval.o(.data)
    .data                                    0x200000b0   Section       18  lcd_log.o(.data)
    .data                                    0x200000c4   Section       20  stm32_eval_sdio_sd.o(.data)
    CardType                                 0x200000c8   Data           4  stm32_eval_sdio_sd.o(.data)
    RCA                                      0x200000cc   Data           4  stm32_eval_sdio_sd.o(.data)
    .data                                    0x200000d8   Section       20  ltm022a69b.o(.data)
    TextColor                                0x200000d8   Data           2  ltm022a69b.o(.data)
    BackColor                                0x200000da   Data           2  ltm022a69b.o(.data)
    p                                        0x200000dc   Data           4  ltm022a69b.o(.data)
    LCD_Currentfonts                         0x200000e0   Data           4  ltm022a69b.o(.data)
    .data                                    0x200000ec   Section        8  ltm022a69b.o(.data)
    .data                                    0x200000f4   Section        8  ltm022a69b.o(.data)
    .data                                    0x200000fc   Section       16  usbd_req.o(.data)
    cfgidx                                   0x200000fc   Data           1  usbd_req.o(.data)
    .data                                    0x2000010c   Section       44  usbd_core.o(.data)
    .data                                    0x20000138   Section        4  usbd_core.o(.data)
    .data                                    0x2000013c   Section       24  usbd_msc_scsi.o(.data)
    .data                                    0x20000154   Section        4  usbd_msc_bot.o(.data)
    .data                                    0x20000158   Section       48  usbd_msc_core.o(.data)
    .data                                    0x20000188   Section       72  usbd_msc_core.o(.data)
    USBD_MSC_MaxLun                          0x20000188   Data           1  usbd_msc_core.o(.data)
    USBD_MSC_AltSet                          0x2000018c   Data           1  usbd_msc_core.o(.data)
    .data                                    0x200001d0   Section        4  stdout.o(.data)
    .bss                                     0x200001d4   Section     1520  app.o(.bss)
    .bss                                     0x200007c4   Section      468  lcd_log.o(.bss)
    .bss                                     0x20000998   Section      196  stm32_eval_sdio_sd.o(.bss)
    CSD_Tab                                  0x20000998   Data          16  stm32_eval_sdio_sd.o(.bss)
    CID_Tab                                  0x200009a8   Data          16  stm32_eval_sdio_sd.o(.bss)
    SDSTATUS_Tab                             0x200009b8   Data          16  stm32_eval_sdio_sd.o(.bss)
    .bss                                     0x20000a5c   Section       64  usbd_req.o(.bss)
    .bss                                     0x20000a9c   Section       32  usbd_msc_scsi.o(.bss)
    .bss                                     0x20000abc   Section     4144  usbd_msc_bot.o(.bss)
    STACK                                    0x20001af0   Section     1024  startup_stm32f2xx.o(STACK)

    Global Symbols

    Symbol Name                              Value     Ov Type        Size  Object(Section)

    BuildAttributes$$THM_ISAv4$P$D$K$B$S$PE$A:L22UL41UL21$X:L11$S22US41US21$IEEE1$IW$USESV6$~STKCKD$USESV7$~SHL$OSPACE$ROPI$EBA8$MICROLIB$REQ8$PRES8$EABIv2 0x00000000   Number         0  anon$$obj.o ABSOLUTE
    __ARM_use_no_argv                        0x00000000   Number         0  app.o ABSOLUTE
    __cpp_initialize__aeabi_                  - Undefined Weak Reference
    __cxa_finalize                            - Undefined Weak Reference
    _clock_init                               - Undefined Weak Reference
    _microlib_exit                            - Undefined Weak Reference
    __Vectors_Size                           0x00000184   Number         0  startup_stm32f2xx.o ABSOLUTE
    __Vectors                                0x08000000   Data           4  startup_stm32f2xx.o(RESET)
    __Vectors_End                            0x08000184   Data           0  startup_stm32f2xx.o(RESET)
    __main                                   0x08000185   Thumb Code     0  entry.o(.ARM.Collect$$$$00000000)
    _main_stk                                0x08000185   Thumb Code     0  entry2.o(.ARM.Collect$$$$00000001)
    _main_scatterload                        0x08000189   Thumb Code     0  entry5.o(.ARM.Collect$$$$00000004)
    __main_after_scatterload                 0x0800018d   Thumb Code     0  entry5.o(.ARM.Collect$$$$00000004)
    _main_clock                              0x0800018d   Thumb Code     0  entry7b.o(.ARM.Collect$$$$00000008)
    _main_cpp_init                           0x0800018d   Thumb Code     0  entry8b.o(.ARM.Collect$$$$0000000A)
    _main_init                               0x0800018d   Thumb Code     0  entry9a.o(.ARM.Collect$$$$0000000B)
    __rt_final_cpp                           0x08000195   Thumb Code     0  entry10a.o(.ARM.Collect$$$$0000000D)
    __rt_final_exit                          0x08000195   Thumb Code     0  entry11a.o(.ARM.Collect$$$$0000000F)
    Reset_Handler                            0x08000199   Thumb Code     8  startup_stm32f2xx.o(.text)
    ADC_IRQHandler                           0x080001b3   Thumb Code     0  startup_stm32f2xx.o(.text)
    CAN1_RX0_IRQHandler                      0x080001b3   Thumb Code     0  startup_stm32f2xx.o(.text)
    CAN1_RX1_IRQHandler                      0x080001b3   Thumb Code     0  startup_stm32f2xx.o(.text)
    CAN1_SCE_IRQHandler                      0x080001b3   Thumb Code     0  startup_stm32f2xx.o(.text)
    CAN1_TX_IRQHandler                       0x080001b3   Thumb Code     0  startup_stm32f2xx.o(.text)
    CAN2_RX0_IRQHandler                      0x080001b3   Thumb Code     0  startup_stm32f2xx.o(.text)
    CAN2_RX1_IRQHandler                      0x080001b3   Thumb Code     0  startup_stm32f2xx.o(.text)
    CAN2_SCE_IRQHandler                      0x080001b3   Thumb Code     0  startup_stm32f2xx.o(.text)
    CAN2_TX_IRQHandler                       0x080001b3   Thumb Code     0  startup_stm32f2xx.o(.text)
    CRYP_IRQHandler                          0x080001b3   Thumb Code     0  startup_stm32f2xx.o(.text)
    DCMI_IRQHandler                          0x080001b3   Thumb Code     0  startup_stm32f2xx.o(.text)
    DMA1_Stream0_IRQHandler                  0x080001b3   Thumb Code     0  startup_stm32f2xx.o(.text)
    DMA1_Stream1_IRQHandler                  0x080001b3   Thumb Code     0  startup_stm32f2xx.o(.text)
    DMA1_Stream2_IRQHandler                  0x080001b3   Thumb Code     0  startup_stm32f2xx.o(.text)
    DMA1_Stream3_IRQHandler                  0x080001b3   Thumb Code     0  startup_stm32f2xx.o(.text)
    DMA1_Stream4_IRQHandler                  0x080001b3   Thumb Code     0  startup_stm32f2xx.o(.text)
    DMA1_Stream5_IRQHandler                  0x080001b3   Thumb Code     0  startup_stm32f2xx.o(.text)
    DMA1_Stream6_IRQHandler                  0x080001b3   Thumb Code     0  startup_stm32f2xx.o(.text)
    DMA1_Stream7_IRQHandler                  0x080001b3   Thumb Code     0  startup_stm32f2xx.o(.text)
    DMA2_Stream0_IRQHandler                  0x080001b3   Thumb Code     0  startup_stm32f2xx.o(.text)
    DMA2_Stream1_IRQHandler                  0x080001b3   Thumb Code     0  startup_stm32f2xx.o(.text)
    DMA2_Stream2_IRQHandler                  0x080001b3   Thumb Code     0  startup_stm32f2xx.o(.text)
    DMA2_Stream3_IRQHandler                  0x080001b3   Thumb Code     0  startup_stm32f2xx.o(.text)
    DMA2_Stream4_IRQHandler                  0x080001b3   Thumb Code     0  startup_stm32f2xx.o(.text)
    DMA2_Stream5_IRQHandler                  0x080001b3   Thumb Code     0  startup_stm32f2xx.o(.text)
    DMA2_Stream6_IRQHandler                  0x080001b3   Thumb Code     0  startup_stm32f2xx.o(.text)
    DMA2_Stream7_IRQHandler                  0x080001b3   Thumb Code     0  startup_stm32f2xx.o(.text)
    ETH_IRQHandler                           0x080001b3   Thumb Code     0  startup_stm32f2xx.o(.text)
    ETH_WKUP_IRQHandler                      0x080001b3   Thumb Code     0  startup_stm32f2xx.o(.text)
    EXTI0_IRQHandler                         0x080001b3   Thumb Code     0  startup_stm32f2xx.o(.text)
    EXTI15_10_IRQHandler                     0x080001b3   Thumb Code     0  startup_stm32f2xx.o(.text)
    EXTI1_IRQHandler                         0x080001b3   Thumb Code     0  startup_stm32f2xx.o(.text)
    EXTI2_IRQHandler                         0x080001b3   Thumb Code     0  startup_stm32f2xx.o(.text)
    EXTI3_IRQHandler                         0x080001b3   Thumb Code     0  startup_stm32f2xx.o(.text)
    EXTI4_IRQHandler                         0x080001b3   Thumb Code     0  startup_stm32f2xx.o(.text)
    EXTI9_5_IRQHandler                       0x080001b3   Thumb Code     0  startup_stm32f2xx.o(.text)
    FLASH_IRQHandler                         0x080001b3   Thumb Code     0  startup_stm32f2xx.o(.text)
    FSMC_IRQHandler                          0x080001b3   Thumb Code     0  startup_stm32f2xx.o(.text)
    HASH_RNG_IRQHandler                      0x080001b3   Thumb Code     0  startup_stm32f2xx.o(.text)
    I2C1_ER_IRQHandler                       0x080001b3   Thumb Code     0  startup_stm32f2xx.o(.text)
    I2C1_EV_IRQHandler                       0x080001b3   Thumb Code     0  startup_stm32f2xx.o(.text)
    I2C2_ER_IRQHandler                       0x080001b3   Thumb Code     0  startup_stm32f2xx.o(.text)
    I2C2_EV_IRQHandler                       0x080001b3   Thumb Code     0  startup_stm32f2xx.o(.text)
    I2C3_ER_IRQHandler                       0x080001b3   Thumb Code     0  startup_stm32f2xx.o(.text)
    I2C3_EV_IRQHandler                       0x080001b3   Thumb Code     0  startup_stm32f2xx.o(.text)
    OTG_FS_IRQHandler                        0x080001b3   Thumb Code     0  startup_stm32f2xx.o(.text)
    OTG_FS_WKUP_IRQHandler                   0x080001b3   Thumb Code     0  startup_stm32f2xx.o(.text)
    OTG_HS_WKUP_IRQHandler                   0x080001b3   Thumb Code     0  startup_stm32f2xx.o(.text)
    PVD_IRQHandler                           0x080001b3   Thumb Code     0  startup_stm32f2xx.o(.text)
    RCC_IRQHandler                           0x080001b3   Thumb Code     0  startup_stm32f2xx.o(.text)
    RTC_Alarm_IRQHandler                     0x080001b3   Thumb Code     0  startup_stm32f2xx.o(.text)
    RTC_WKUP_IRQHandler                      0x080001b3   Thumb Code     0  startup_stm32f2xx.o(.text)
    SPI1_IRQHandler                          0x080001b3   Thumb Code     0  startup_stm32f2xx.o(.text)
    SPI2_IRQHandler                          0x080001b3   Thumb Code     0  startup_stm32f2xx.o(.text)
    SPI3_IRQHandler                          0x080001b3   Thumb Code     0  startup_stm32f2xx.o(.text)
    TAMP_STAMP_IRQHandler                    0x080001b3   Thumb Code     0  startup_stm32f2xx.o(.text)
    TIM1_BRK_TIM9_IRQHandler                 0x080001b3   Thumb Code     0  startup_stm32f2xx.o(.text)
    TIM1_CC_IRQHandler                       0x080001b3   Thumb Code     0  startup_stm32f2xx.o(.text)
    TIM1_TRG_COM_TIM11_IRQHandler            0x080001b3   Thumb Code     0  startup_stm32f2xx.o(.text)
    TIM1_UP_TIM10_IRQHandler                 0x080001b3   Thumb Code     0  startup_stm32f2xx.o(.text)
    TIM2_IRQHandler                          0x080001b3   Thumb Code     0  startup_stm32f2xx.o(.text)
    TIM3_IRQHandler                          0x080001b3   Thumb Code     0  startup_stm32f2xx.o(.text)
    TIM4_IRQHandler                          0x080001b3   Thumb Code     0  startup_stm32f2xx.o(.text)
    TIM5_IRQHandler                          0x080001b3   Thumb Code     0  startup_stm32f2xx.o(.text)
    TIM6_DAC_IRQHandler                      0x080001b3   Thumb Code     0  startup_stm32f2xx.o(.text)
    TIM7_IRQHandler                          0x080001b3   Thumb Code     0  startup_stm32f2xx.o(.text)
    TIM8_BRK_TIM12_IRQHandler                0x080001b3   Thumb Code     0  startup_stm32f2xx.o(.text)
    TIM8_CC_IRQHandler                       0x080001b3   Thumb Code     0  startup_stm32f2xx.o(.text)
    TIM8_TRG_COM_TIM14_IRQHandler            0x080001b3   Thumb Code     0  startup_stm32f2xx.o(.text)
    TIM8_UP_TIM13_IRQHandler                 0x080001b3   Thumb Code     0  startup_stm32f2xx.o(.text)
    UART4_IRQHandler                         0x080001b3   Thumb Code     0  startup_stm32f2xx.o(.text)
    UART5_IRQHandler                         0x080001b3   Thumb Code     0  startup_stm32f2xx.o(.text)
    USART1_IRQHandler                        0x080001b3   Thumb Code     0  startup_stm32f2xx.o(.text)
    USART2_IRQHandler                        0x080001b3   Thumb Code     0  startup_stm32f2xx.o(.text)
    USART3_IRQHandler                        0x080001b3   Thumb Code     0  startup_stm32f2xx.o(.text)
    USART6_IRQHandler                        0x080001b3   Thumb Code     0  startup_stm32f2xx.o(.text)
    WWDG_IRQHandler                          0x080001b3   Thumb Code     0  startup_stm32f2xx.o(.text)
    __scatterload                            0x080001bd   Thumb Code    28  init.o(.text)
    __scatterload_rt2                        0x080001bd   Thumb Code     0  init.o(.text)
    __decompress                             0x080001e1   Thumb Code     0  __dczerorl2.o(.text)
    __decompress1                            0x080001e1   Thumb Code    92  __dczerorl2.o(.text)
    BusFault_Handler                         0x0800023d   Thumb Code     2  stm32fxxx_it.o(i.BusFault_Handler)
    DCD_EP_Close                             0x08000309   Thumb Code    44  usb_dcd.o(i.DCD_EP_Close)
    DCD_EP_ClrStall                          0x08000335   Thumb Code    56  usb_dcd.o(i.DCD_EP_ClrStall)
    DCD_EP_Flush                             0x0800036d   Thumb Code    24  usb_dcd.o(i.DCD_EP_Flush)
    DCD_EP_Open                              0x08000385   Thumb Code    60  usb_dcd.o(i.DCD_EP_Open)
    DCD_EP_PrepareRx                         0x080003c1   Thumb Code    58  usb_dcd.o(i.DCD_EP_PrepareRx)
    DCD_EP_SetAddress                        0x080003fb   Thumb Code    16  usb_dcd.o(i.DCD_EP_SetAddress)
    DCD_EP_Stall                             0x0800040b   Thumb Code    56  usb_dcd.o(i.DCD_EP_Stall)
    DCD_EP_Tx                                0x08000443   Thumb Code    54  usb_dcd.o(i.DCD_EP_Tx)
    DCD_Init                                 0x08000725   Thumb Code   138  usb_dcd.o(i.DCD_Init)
    DMA_ClearFlag                            0x08000829   Thumb Code    32  stm32f2xx_dma.o(i.DMA_ClearFlag)
    DMA_Cmd                                  0x08000855   Thumb Code    20  stm32f2xx_dma.o(i.DMA_Cmd)
    DMA_DeInit                               0x08000869   Thumb Code   272  stm32f2xx_dma.o(i.DMA_DeInit)
    DMA_FlowControllerConfig                 0x0800098d   Thumb Code    20  stm32f2xx_dma.o(i.DMA_FlowControllerConfig)
    DMA_GetFlagStatus                        0x080009a1   Thumb Code    40  stm32f2xx_dma.o(i.DMA_GetFlagStatus)
    DMA_Init                                 0x080009d5   Thumb Code    80  stm32f2xx_dma.o(i.DMA_Init)
    DebugMon_Handler                         0x08000a29   Thumb Code     2  stm32fxxx_it.o(i.DebugMon_Handler)
    GPIO_Init                                0x08000b61   Thumb Code   162  stm32f2xx_gpio.o(i.GPIO_Init)
    GPIO_PinAFConfig                         0x08000c03   Thumb Code    32  stm32f2xx_gpio.o(i.GPIO_PinAFConfig)
    GPIO_ReadInputDataBit                    0x08000c23   Thumb Code    14  stm32f2xx_gpio.o(i.GPIO_ReadInputDataBit)
    GPIO_ResetBits                           0x08000c31   Thumb Code     4  stm32f2xx_gpio.o(i.GPIO_ResetBits)
    GPIO_SetBits                             0x08000c35   Thumb Code     4  stm32f2xx_gpio.o(i.GPIO_SetBits)
    HardFault_Handler                        0x08000c39   Thumb Code     2  stm32fxxx_it.o(i.HardFault_Handler)
    LCD_Clear                                0x08000c3d   Thumb Code   144  ltm022a69b.o(i.LCD_Clear)
    LCD_ClearLine                            0x08000cd1   Thumb Code    32  ltm022a69b.o(i.LCD_ClearLine)
    LCD_DisplayChar                          0x08000cf5   Thumb Code    26  ltm022a69b.o(i.LCD_DisplayChar)
    LCD_DisplayStringLine                    0x08000d15   Thumb Code    42  ltm022a69b.o(i.LCD_DisplayStringLine)
    LCD_DrawChar                             0x08000d45   Thumb Code   214  ltm022a69b.o(i.LCD_DrawChar)
    LCD_GetFont                              0x08000e25   Thumb Code     6  ltm022a69b.o(i.LCD_GetFont)
    LCD_LOG_DeInit                           0x08000e31   Thumb Code    34  lcd_log.o(i.LCD_LOG_DeInit)
    LCD_LOG_Init                             0x08000e59   Thumb Code    16  lcd_log.o(i.LCD_LOG_Init)
    LCD_LOG_SetFooter                        0x08000e69   Thumb Code   100  lcd_log.o(i.LCD_LOG_SetFooter)
    LCD_LOG_SetHeader                        0x08000ecd   Thumb Code   136  lcd_log.o(i.LCD_LOG_SetHeader)
    LCD_SetBackColor                         0x08000ffd   Thumb Code    12  ltm022a69b.o(i.LCD_SetBackColor)
    LCD_SetFont                              0x0800100d   Thumb Code     6  ltm022a69b.o(i.LCD_SetFont)
    LCD_SetTextColor                         0x08001019   Thumb Code    12  ltm022a69b.o(i.LCD_SetTextColor)
    LCD_WRITE_COMMAND                        0x08001029   Thumb Code    94  ltm022a69b.o(i.LCD_WRITE_COMMAND)
    LCD_WRITE_DATA                           0x0800108d   Thumb Code    22  ltm022a69b.o(i.LCD_WRITE_DATA)
    LCD_WRITE_REG                            0x080010a5   Thumb Code    60  ltm022a69b.o(i.LCD_WRITE_REG)
    MSC_BOT_CplClrFeature                    0x080011e1   Thumb Code    40  usbd_msc_bot.o(i.MSC_BOT_CplClrFeature)
    MSC_BOT_DataIn                           0x0800120d   Thumb Code    56  usbd_msc_bot.o(i.MSC_BOT_DataIn)
    MSC_BOT_DataOut                          0x0800124d   Thumb Code    56  usbd_msc_bot.o(i.MSC_BOT_DataOut)
    MSC_BOT_DeInit                           0x0800128d   Thumb Code     8  usbd_msc_bot.o(i.MSC_BOT_DeInit)
    MSC_BOT_Init                             0x08001299   Thumb Code    54  usbd_msc_bot.o(i.MSC_BOT_Init)
    MSC_BOT_Reset                            0x080012dd   Thumb Code    20  usbd_msc_bot.o(i.MSC_BOT_Reset)
    MSC_BOT_SendCSW                          0x080012f9   Thumb Code    46  usbd_msc_bot.o(i.MSC_BOT_SendCSW)
    MemManage_Handler                        0x08001335   Thumb Code     2  stm32fxxx_it.o(i.MemManage_Handler)
    NMI_Handler                              0x08001337   Thumb Code     2  stm32fxxx_it.o(i.NMI_Handler)
    NVIC_Init                                0x08001339   Thumb Code    92  misc.o(i.NVIC_Init)
    NVIC_PriorityGroupConfig                 0x0800139d   Thumb Code    10  misc.o(i.NVIC_PriorityGroupConfig)
    OTG_HS_EP1_IN_IRQHandler                 0x080013b1   Thumb Code     6  stm32fxxx_it.o(i.OTG_HS_EP1_IN_IRQHandler)
    OTG_HS_EP1_OUT_IRQHandler                0x080013bd   Thumb Code     6  stm32fxxx_it.o(i.OTG_HS_EP1_OUT_IRQHandler)
    OTG_HS_IRQHandler                        0x080013c9   Thumb Code     6  stm32fxxx_it.o(i.OTG_HS_IRQHandler)
    PendSV_Handler                           0x080013d5   Thumb Code     2  stm32fxxx_it.o(i.PendSV_Handler)
    RCC_AHB1PeriphClockCmd                   0x080013d9   Thumb Code    18  stm32f2xx_rcc.o(i.RCC_AHB1PeriphClockCmd)
    RCC_APB1PeriphResetCmd                   0x080013f1   Thumb Code    18  stm32f2xx_rcc.o(i.RCC_APB1PeriphResetCmd)
    RCC_APB2PeriphClockCmd                   0x08001409   Thumb Code    18  stm32f2xx_rcc.o(i.RCC_APB2PeriphClockCmd)
    RCC_APB2PeriphResetCmd                   0x08001421   Thumb Code    18  stm32f2xx_rcc.o(i.RCC_APB2PeriphResetCmd)
    SCSI_ProcessCmd                          0x0800145d   Thumb Code   328  usbd_msc_scsi.o(i.SCSI_ProcessCmd)
    SCSI_SenseCode                           0x080018c1   Thumb Code    36  usbd_msc_scsi.o(i.SCSI_SenseCode)
    SDIO_ClearFlag                           0x08001a71   Thumb Code     6  stm32f2xx_sdio.o(i.SDIO_ClearFlag)
    SDIO_ClearITPendingBit                   0x08001a7d   Thumb Code     6  stm32f2xx_sdio.o(i.SDIO_ClearITPendingBit)
    SDIO_ClockCmd                            0x08001a89   Thumb Code     6  stm32f2xx_sdio.o(i.SDIO_ClockCmd)
    SDIO_DMACmd                              0x08001a95   Thumb Code     6  stm32f2xx_sdio.o(i.SDIO_DMACmd)
    SDIO_DataConfig                          0x08001aa1   Thumb Code    42  stm32f2xx_sdio.o(i.SDIO_DataConfig)
    SDIO_DeInit                              0x08001ad1   Thumb Code    24  stm32f2xx_sdio.o(i.SDIO_DeInit)
    SDIO_GetCommandResponse                  0x08001ae9   Thumb Code     8  stm32f2xx_sdio.o(i.SDIO_GetCommandResponse)
    SDIO_GetFlagStatus                       0x08001af5   Thumb Code    16  stm32f2xx_sdio.o(i.SDIO_GetFlagStatus)
    SDIO_GetPowerState                       0x08001b09   Thumb Code    10  stm32f2xx_sdio.o(i.SDIO_GetPowerState)
    SDIO_GetResponse                         0x08001b19   Thumb Code    12  stm32f2xx_sdio.o(i.SDIO_GetResponse)
    SDIO_IRQHandler                          0x08001b29   Thumb Code     4  stm32fxxx_it.o(i.SDIO_IRQHandler)
    SDIO_ITConfig                            0x08001b2d   Thumb Code    18  stm32f2xx_sdio.o(i.SDIO_ITConfig)
    SDIO_Init                                0x08001b45   Thumb Code    40  stm32f2xx_sdio.o(i.SDIO_Init)
    SDIO_ReadData                            0x08001b71   Thumb Code     6  stm32f2xx_sdio.o(i.SDIO_ReadData)
    SDIO_SendCommand                         0x08001b7d   Thumb Code    36  stm32f2xx_sdio.o(i.SDIO_SendCommand)
    SDIO_SetPowerState                       0x08001ba5   Thumb Code    18  stm32f2xx_sdio.o(i.SDIO_SetPowerState)
    SD_DMAEndOfTransferStatus                0x08001bbd   Thumb Code    10  stm32_eval.o(i.SD_DMAEndOfTransferStatus)
    SD_Detect                                0x08001bcd   Thumb Code    30  stm32_eval_sdio_sd.o(i.SD_Detect)
    SD_EnableWideBusOperation                0x08001bf1   Thumb Code   108  stm32_eval_sdio_sd.o(i.SD_EnableWideBusOperation)
    SD_GetCardInfo                           0x08001c65   Thumb Code   564  stm32_eval_sdio_sd.o(i.SD_GetCardInfo)
    SD_GetState                              0x08001ea1   Thumb Code    34  stm32_eval_sdio_sd.o(i.SD_GetState)
    SD_GetStatus                             0x08001ec3   Thumb Code    26  stm32_eval_sdio_sd.o(i.SD_GetStatus)
    SD_Init                                  0x08001edd   Thumb Code   124  stm32_eval_sdio_sd.o(i.SD_Init)
    SD_InitializeCards                       0x08001f5d   Thumb Code   246  stm32_eval_sdio_sd.o(i.SD_InitializeCards)
    SD_LowLevel_DMA_RxConfig                 0x0800205d   Thumb Code   116  stm32_eval.o(i.SD_LowLevel_DMA_RxConfig)
    SD_LowLevel_DMA_TxConfig                 0x080020d9   Thumb Code   118  stm32_eval.o(i.SD_LowLevel_DMA_TxConfig)
    SD_LowLevel_Init                         0x08002159   Thumb Code   180  stm32_eval.o(i.SD_LowLevel_Init)
    SD_PowerON                               0x08002219   Thumb Code   470  stm32_eval_sdio_sd.o(i.SD_PowerON)
    SD_ProcessIRQSrc                         0x08002401   Thumb Code    58  stm32_eval_sdio_sd.o(i.SD_ProcessIRQSrc)
    SD_ReadMultiBlocks                       0x08002445   Thumb Code   176  stm32_eval_sdio_sd.o(i.SD_ReadMultiBlocks)
    SD_SelectDeselect                        0x08002501   Thumb Code    40  stm32_eval_sdio_sd.o(i.SD_SelectDeselect)
    SD_SendStatus                            0x0800252d   Thumb Code    42  stm32_eval_sdio_sd.o(i.SD_SendStatus)
    SD_WaitReadOperation                     0x08002561   Thumb Code    36  stm32_eval_sdio_sd.o(i.SD_WaitReadOperation)
    SD_WaitWriteOperation                    0x08002589   Thumb Code    44  stm32_eval_sdio_sd.o(i.SD_WaitWriteOperation)
    SD_WriteMultiBlocks                      0x080025b9   Thumb Code   210  stm32_eval_sdio_sd.o(i.SD_WriteMultiBlocks)
    SPI0_Init                                0x08002699   Thumb Code   166  ltm022a69b.o(i.SPI0_Init)
    SPI0_communication                       0x0800274d   Thumb Code    48  ltm022a69b.o(i.SPI0_communication)
    SPI_Cmd                                  0x08002781   Thumb Code    20  stm32f2xx_spi.o(i.SPI_Cmd)
    SPI_I2S_DeInit                           0x08002795   Thumb Code    72  stm32f2xx_spi.o(i.SPI_I2S_DeInit)
    SPI_I2S_GetFlagStatus                    0x080027e9   Thumb Code    14  stm32f2xx_spi.o(i.SPI_I2S_GetFlagStatus)
    SPI_I2S_ReceiveData                      0x080027f7   Thumb Code     4  stm32f2xx_spi.o(i.SPI_I2S_ReceiveData)
    SPI_I2S_SendData                         0x080027fb   Thumb Code     4  stm32f2xx_spi.o(i.SPI_I2S_SendData)
    SPI_Init                                 0x080027ff   Thumb Code    56  stm32f2xx_spi.o(i.SPI_Init)
    STM322xG_LCD_Init                        0x08002839   Thumb Code   580  ltm022a69b.o(i.STM322xG_LCD_Init)
    STM_EVAL_LEDInit                         0x08002a81   Thumb Code    62  stm32_eval.o(i.STM_EVAL_LEDInit)
    STM_EVAL_LEDToggle                       0x08002ac9   Thumb Code    20  stm32_eval.o(i.STM_EVAL_LEDToggle)
    STORAGE_GetCapacity                      0x08002ae5   Thumb Code    36  usbd_storage_msd.o(i.STORAGE_GetCapacity)
    STORAGE_GetMaxLun                        0x08002b0d   Thumb Code     4  usbd_storage_msd.o(i.STORAGE_GetMaxLun)
    STORAGE_Init                             0x08002b11   Thumb Code    44  usbd_storage_msd.o(i.STORAGE_Init)
    STORAGE_IsReady                          0x08002b3d   Thumb Code    38  usbd_storage_msd.o(i.STORAGE_IsReady)
    STORAGE_IsWriteProtected                 0x08002b69   Thumb Code     4  usbd_storage_msd.o(i.STORAGE_IsWriteProtected)
    STORAGE_Read                             0x08002b6d   Thumb Code    38  usbd_storage_msd.o(i.STORAGE_Read)
    STORAGE_Write                            0x08002b95   Thumb Code    38  usbd_storage_msd.o(i.STORAGE_Write)
    SVC_Handler                              0x08002bbb   Thumb Code     2  stm32fxxx_it.o(i.SVC_Handler)
    SysTick_Handler                          0x08002c55   Thumb Code     2  stm32fxxx_it.o(i.SysTick_Handler)
    SystemInit                               0x08002c59   Thumb Code    62  system_stm32f2xx.o(i.SystemInit)
    USBD_ClrCfg                              0x08002ca9   Thumb Code    14  usbd_core.o(i.USBD_ClrCfg)
    USBD_CtlContinueRx                       0x08002cb7   Thumb Code    18  usbd_ioreq.o(i.USBD_CtlContinueRx)
    USBD_CtlContinueSendData                 0x08002cc9   Thumb Code    18  usbd_ioreq.o(i.USBD_CtlContinueSendData)
    USBD_CtlError                            0x08002cdb   Thumb Code    36  usbd_req.o(i.USBD_CtlError)
    USBD_CtlReceiveStatus                    0x08002cff   Thumb Code    34  usbd_ioreq.o(i.USBD_CtlReceiveStatus)
    USBD_CtlSendData                         0x08002d21   Thumb Code    32  usbd_ioreq.o(i.USBD_CtlSendData)
    USBD_CtlSendStatus                       0x08002d41   Thumb Code    34  usbd_ioreq.o(i.USBD_CtlSendStatus)
    USBD_GetRxCount                          0x08002f99   Thumb Code    16  usbd_ioreq.o(i.USBD_GetRxCount)
    USBD_GetString                           0x08002fa9   Thumb Code    70  usbd_req.o(i.USBD_GetString)
    USBD_Init                                0x08002fef   Thumb Code    54  usbd_core.o(i.USBD_Init)
    USBD_MSC_DataIn                          0x08003041   Thumb Code    10  usbd_msc_core.o(i.USBD_MSC_DataIn)
    USBD_MSC_DataOut                         0x0800304b   Thumb Code    10  usbd_msc_core.o(i.USBD_MSC_DataOut)
    USBD_MSC_DeInit                          0x08003055   Thumb Code    28  usbd_msc_core.o(i.USBD_MSC_DeInit)
    USBD_MSC_GetCfgDesc                      0x08003071   Thumb Code     8  usbd_msc_core.o(i.USBD_MSC_GetCfgDesc)
    USBD_MSC_GetOtherCfgDesc                 0x0800307d   Thumb Code     8  usbd_msc_core.o(i.USBD_MSC_GetOtherCfgDesc)
    USBD_MSC_Init                            0x08003089   Thumb Code    54  usbd_msc_core.o(i.USBD_MSC_Init)
    USBD_MSC_Setup                           0x080030c1   Thumb Code   192  usbd_msc_core.o(i.USBD_MSC_Setup)
    USBD_OTG_EP1IN_ISR_Handler               0x08003189   Thumb Code   136  usb_dcd_int.o(i.USBD_OTG_EP1IN_ISR_Handler)
    USBD_OTG_EP1OUT_ISR_Handler              0x08003215   Thumb Code    84  usb_dcd_int.o(i.USBD_OTG_EP1OUT_ISR_Handler)
    USBD_OTG_ISR_Handler                     0x0800326d   Thumb Code   376  usb_dcd_int.o(i.USBD_OTG_ISR_Handler)
    USBD_ParseSetupRequest                   0x080033ed   Thumb Code    68  usbd_req.o(i.USBD_ParseSetupRequest)
    USBD_SetCfg                              0x08003485   Thumb Code    26  usbd_core.o(i.USBD_SetCfg)
    USBD_StdDevReq                           0x080035cd   Thumb Code   238  usbd_req.o(i.USBD_StdDevReq)
    USBD_StdEPReq                            0x080036c1   Thumb Code   208  usbd_req.o(i.USBD_StdEPReq)
    USBD_StdItfReq                           0x08003795   Thumb Code    54  usbd_req.o(i.USBD_StdItfReq)
    USBD_USR_ConfigStrDescriptor             0x080037e1   Thumb Code    16  usbd_desc.o(i.USBD_USR_ConfigStrDescriptor)
    USBD_USR_DeviceConfigured                0x08003801   Thumb Code    14  usbd_usr.o(i.USBD_USR_DeviceConfigured)
    USBD_USR_DeviceDescriptor                0x08003831   Thumb Code     8  usbd_desc.o(i.USBD_USR_DeviceDescriptor)
    USBD_USR_DeviceReset                     0x0800383d   Thumb Code    20  usbd_usr.o(i.USBD_USR_DeviceReset)
    USBD_USR_DeviceResumed                   0x080038c9   Thumb Code     2  usbd_usr.o(i.USBD_USR_DeviceResumed)
    USBD_USR_DeviceSuspended                 0x080038cd   Thumb Code    14  usbd_usr.o(i.USBD_USR_DeviceSuspended)
    USBD_USR_Init                            0x080038fd   Thumb Code    80  usbd_usr.o(i.USBD_USR_Init)
    USBD_USR_InterfaceStrDescriptor          0x080039e1   Thumb Code    16  usbd_desc.o(i.USBD_USR_InterfaceStrDescriptor)
    USBD_USR_LangIDStrDescriptor             0x08003a05   Thumb Code     8  usbd_desc.o(i.USBD_USR_LangIDStrDescriptor)
    USBD_USR_ManufacturerStrDescriptor       0x08003a11   Thumb Code    16  usbd_desc.o(i.USBD_USR_ManufacturerStrDescriptor)
    USBD_USR_ProductStrDescriptor            0x08003a39   Thumb Code    24  usbd_desc.o(i.USBD_USR_ProductStrDescriptor)
    USBD_USR_SerialStrDescriptor             0x08003a85   Thumb Code    24  usbd_desc.o(i.USBD_USR_SerialStrDescriptor)
    USB_OTG_BSP_EnableInterrupt              0x08003ac1   Thumb Code   104  usb_bsp.o(i.USB_OTG_BSP_EnableInterrupt)
    USB_OTG_BSP_Init                         0x08003b29   Thumb Code   298  usb_bsp.o(i.USB_OTG_BSP_Init)
    USB_OTG_BSP_mDelay                       0x08003c61   Thumb Code    10  usb_bsp.o(i.USB_OTG_BSP_mDelay)
    USB_OTG_BSP_uDelay                       0x08003c6b   Thumb Code    16  usb_bsp.o(i.USB_OTG_BSP_uDelay)
    USB_OTG_CoreInit                         0x08003c7b   Thumb Code   218  usb_core.o(i.USB_OTG_CoreInit)
    USB_OTG_CoreInitDev                      0x08003d55   Thumb Code   338  usb_core.o(i.USB_OTG_CoreInitDev)
    USB_OTG_DisableGlobalInt                 0x08003f01   Thumb Code    16  usb_core.o(i.USB_OTG_DisableGlobalInt)
    USB_OTG_EP0Activate                      0x08003f11   Thumb Code    58  usb_core.o(i.USB_OTG_EP0Activate)
    USB_OTG_EP0StartXfer                     0x08003f4d   Thumb Code   182  usb_core.o(i.USB_OTG_EP0StartXfer)
    USB_OTG_EP0_OutStart                     0x08004005   Thumb Code    32  usb_core.o(i.USB_OTG_EP0_OutStart)
    USB_OTG_EPActivate                       0x08004029   Thumb Code   104  usb_core.o(i.USB_OTG_EPActivate)
    USB_OTG_EPClearStall                     0x08004091   Thumb Code    50  usb_core.o(i.USB_OTG_EPClearStall)
    USB_OTG_EPDeactivate                     0x080040c3   Thumb Code    78  usb_core.o(i.USB_OTG_EPDeactivate)
    USB_OTG_EPSetStall                       0x08004111   Thumb Code    48  usb_core.o(i.USB_OTG_EPSetStall)
    USB_OTG_EPStartXfer                      0x08004141   Thumb Code   290  usb_core.o(i.USB_OTG_EPStartXfer)
    USB_OTG_EnableDevInt                     0x08004265   Thumb Code    62  usb_core.o(i.USB_OTG_EnableDevInt)
    USB_OTG_EnableGlobalInt                  0x080042a9   Thumb Code    16  usb_core.o(i.USB_OTG_EnableGlobalInt)
    USB_OTG_FlushRxFifo                      0x080042b9   Thumb Code    52  usb_core.o(i.USB_OTG_FlushRxFifo)
    USB_OTG_FlushTxFifo                      0x080042f1   Thumb Code    60  usb_core.o(i.USB_OTG_FlushTxFifo)
    USB_OTG_GetDeviceSpeed                   0x08004331   Thumb Code    38  usb_core.o(i.USB_OTG_GetDeviceSpeed)
    USB_OTG_InitDevSpeed                     0x08004357   Thumb Code    12  usb_core.o(i.USB_OTG_InitDevSpeed)
    USB_OTG_IsDeviceMode                     0x08004363   Thumb Code    18  usb_core.o(i.USB_OTG_IsDeviceMode)
    USB_OTG_ReadCoreItr                      0x08004375   Thumb Code    10  usb_core.o(i.USB_OTG_ReadCoreItr)
    USB_OTG_ReadDevAllInEPItr                0x0800437f   Thumb Code    12  usb_core.o(i.USB_OTG_ReadDevAllInEPItr)
    USB_OTG_ReadDevAllOutEp_itr              0x0800438b   Thumb Code    12  usb_core.o(i.USB_OTG_ReadDevAllOutEp_itr)
    USB_OTG_ReadDevOutEP_itr                 0x08004397   Thumb Code    16  usb_core.o(i.USB_OTG_ReadDevOutEP_itr)
    USB_OTG_ReadPacket                       0x080043a7   Thumb Code    32  usb_core.o(i.USB_OTG_ReadPacket)
    USB_OTG_SelectCore                       0x080043c9   Thumb Code   192  usb_core.o(i.USB_OTG_SelectCore)
    USB_OTG_SetCurrentMode                   0x0800448d   Thumb Code    42  usb_core.o(i.USB_OTG_SetCurrentMode)
    USB_OTG_WritePacket                      0x080044b7   Thumb Code    40  usb_core.o(i.USB_OTG_WritePacket)
    UsageFault_Handler                       0x080044df   Thumb Code     2  stm32fxxx_it.o(i.UsageFault_Handler)
    __0printf$bare                           0x080044e1   Thumb Code     8  printfb.o(i.__0printf$bare)
    __1printf$bare                           0x080044e1   Thumb Code     0  printfb.o(i.__0printf$bare)
    __2printf                                0x080044e1   Thumb Code     0  printfb.o(i.__0printf$bare)
    __scatterload_copy                       0x080044f1   Thumb Code    14  handlers.o(i.__scatterload_copy)
    __scatterload_null                       0x080044ff   Thumb Code     2  handlers.o(i.__scatterload_null)
    __scatterload_zeroinit                   0x08004501   Thumb Code    14  handlers.o(i.__scatterload_zeroinit)
    delay_10us                               0x08004531   Thumb Code     2  ltm022a69b.o(i.delay_10us)
    fputc                                    0x08004535   Thumb Code   244  lcd_log.o(i.fputc)
    lcd_ctrl_port_init                       0x08004631   Thumb Code    54  ltm022a69b.o(i.lcd_ctrl_port_init)
    main                                     0x0800466d   Thumb Code    46  app.o(i.main)
    STORAGE_Inquirydata                      0x080046ac   Data          36  usbd_storage_msd.o(.constdata)
    COM_TX_PIN_SOURCE                        0x080046d0   Data           1  stm32_eval.o(.constdata)
    COM_RX_PIN_SOURCE                        0x080046d1   Data           1  stm32_eval.o(.constdata)
    COM_TX_AF                                0x080046d2   Data           1  stm32_eval.o(.constdata)
    COM_RX_AF                                0x080046d3   Data           1  stm32_eval.o(.constdata)
    COM_TX_PIN                               0x080046d4   Data           2  stm32_eval.o(.constdata)
    COM_RX_PIN                               0x080046d6   Data           2  stm32_eval.o(.constdata)
    BUTTON_PORT_SOURCE                       0x080046d8   Data           3  stm32_eval.o(.constdata)
    BUTTON_PIN_SOURCE                        0x080046db   Data           3  stm32_eval.o(.constdata)
    BUTTON_IRQn                              0x080046de   Data           3  stm32_eval.o(.constdata)
    COM_USART_CLK                            0x080046e4   Data           4  stm32_eval.o(.constdata)
    COM_TX_PORT_CLK                          0x080046e8   Data           4  stm32_eval.o(.constdata)
    COM_RX_PORT_CLK                          0x080046ec   Data           4  stm32_eval.o(.constdata)
    BUTTON_PIN                               0x080046f0   Data           6  stm32_eval.o(.constdata)
    BUTTON_EXTI_LINE                         0x080046f6   Data           6  stm32_eval.o(.constdata)
    GPIO_PIN                                 0x080046fc   Data           8  stm32_eval.o(.constdata)
    GPIO_CLK                                 0x08004704   Data          16  stm32_eval.o(.constdata)
    BUTTON_CLK                               0x08004714   Data          12  stm32_eval.o(.constdata)
    ASCII16x24_Table                         0x08004720   Data        4560  ltm022a69b.o(.constdata)
    ASCII12x12_Table                         0x080058f0   Data        2304  ltm022a69b.o(.constdata)
    ASCII8x12_Table                          0x080061f0   Data        2304  ltm022a69b.o(.constdata)
    MSC_Page00_Inquiry_Data                  0x08006af0   Data           7  usbd_msc_data.o(.constdata)
    MSC_Mode_Sense6_data                     0x08006af7   Data           8  usbd_msc_data.o(.constdata)
    MSC_Mode_Sense10_data                    0x08006aff   Data           8  usbd_msc_data.o(.constdata)
    Region$$Table$$Base                      0x08006b08   Number         0  anon$$obj.o(Region$$Table)
    Region$$Table$$Limit                     0x08006b28   Number         0  anon$$obj.o(Region$$Table)
    USR_cb                                   0x20000000   Data          28  usbd_usr.o(.data)
    USBD_MICRO_SDIO_fops                     0x2000001c   Data          32  usbd_storage_msd.o(.data)
    USBD_STORAGE_fops                        0x2000003c   Data           4  usbd_storage_msd.o(.data)
    USR_desc                                 0x20000044   Data          28  usbd_desc.o(.data)
    USBD_LangIDDesc                          0x20000060   Data           4  usbd_desc.o(.data)
    USBD_DeviceDesc                          0x20000064   Data          18  usbd_desc.o(.data)
    USBD_DeviceQualifierDesc                 0x20000078   Data          10  usbd_desc.o(.data)
    COM_USART                                0x20000084   Data           4  stm32_eval.o(.data)
    COM_TX_PORT                              0x20000088   Data           4  stm32_eval.o(.data)
    COM_RX_PORT                              0x2000008c   Data           4  stm32_eval.o(.data)
    NVIC_InitStructure                       0x20000090   Data           4  stm32_eval.o(.data)
    GPIO_PORT                                0x20000094   Data          16  stm32_eval.o(.data)
    BUTTON_PORT                              0x200000a4   Data          12  stm32_eval.o(.data)
    LCD_CacheBuffer_yptr_invert              0x200000b0   Data           1  lcd_log.o(.data)
    LCD_ScrollActive                         0x200000b1   Data           1  lcd_log.o(.data)
    LCD_Lock                                 0x200000b2   Data           1  lcd_log.o(.data)
    LCD_Scrolled                             0x200000b3   Data           1  lcd_log.o(.data)
    LCD_LineColor                            0x200000b4   Data           2  lcd_log.o(.data)
    LCD_CacheBuffer_xptr                     0x200000b6   Data           2  lcd_log.o(.data)
    LCD_CacheBuffer_yptr_top                 0x200000b8   Data           2  lcd_log.o(.data)
    LCD_CacheBuffer_yptr_bottom              0x200000ba   Data           2  lcd_log.o(.data)
    LCD_CacheBuffer_yptr_top_bak             0x200000bc   Data           2  lcd_log.o(.data)
    LCD_CacheBuffer_yptr_bottom_bak          0x200000be   Data           2  lcd_log.o(.data)
    LCD_ScrollBackStep                       0x200000c0   Data           2  lcd_log.o(.data)
    TransferError                            0x200000c4   Data           1  stm32_eval_sdio_sd.o(.data)
    StopCondition                            0x200000d0   Data           4  stm32_eval_sdio_sd.o(.data)
    TransferEnd                              0x200000d4   Data           4  stm32_eval_sdio_sd.o(.data)
    Font16x24                                0x200000e4   Data           8  ltm022a69b.o(.data)
    Font12x12                                0x200000ec   Data           8  ltm022a69b.o(.data)
    Font8x12                                 0x200000f4   Data           8  ltm022a69b.o(.data)
    USBD_ep_status                           0x20000100   Data           4  usbd_req.o(.data)
    USBD_default_cfg                         0x20000104   Data           4  usbd_req.o(.data)
    USBD_cfg_status                          0x20000108   Data           4  usbd_req.o(.data)
    USBD_DCD_INT_cb                          0x2000010c   Data          44  usbd_core.o(.data)
    USBD_DCD_INT_fops                        0x20000138   Data           4  usbd_core.o(.data)
    SCSI_Sense_Head                          0x2000013c   Data           1  usbd_msc_scsi.o(.data)
    SCSI_Sense_Tail                          0x2000013d   Data           1  usbd_msc_scsi.o(.data)
    SCSI_blk_size                            0x20000140   Data           4  usbd_msc_scsi.o(.data)
    SCSI_blk_nbr                             0x20000144   Data           4  usbd_msc_scsi.o(.data)
    SCSI_blk_addr                            0x20000148   Data           4  usbd_msc_scsi.o(.data)
    SCSI_blk_len                             0x2000014c   Data           4  usbd_msc_scsi.o(.data)
    cdev                                     0x20000150   Data           4  usbd_msc_scsi.o(.data)
    MSC_BOT_State                            0x20000154   Data           1  usbd_msc_bot.o(.data)
    MSC_BOT_Status                           0x20000155   Data           1  usbd_msc_bot.o(.data)
    MSC_BOT_DataLen                          0x20000156   Data           2  usbd_msc_bot.o(.data)
    USBD_MSC_cb                              0x20000158   Data          48  usbd_msc_core.o(.data)
    USBD_MSC_CfgDesc                         0x20000190   Data          32  usbd_msc_core.o(.data)
    USBD_MSC_OtherCfgDesc                    0x200001b0   Data          32  usbd_msc_core.o(.data)
    __stdout                                 0x200001d0   Data           4  stdout.o(.data)
    USB_OTG_dev                              0x200001d4   Data        1520  app.o(.bss)
    LCD_CacheBuffer                          0x200007c4   Data         468  lcd_log.o(.bss)
    SDCardInfo                               0x200009c8   Data          80  stm32_eval_sdio_sd.o(.bss)
    SDIO_InitStructure                       0x20000a18   Data          24  stm32_eval_sdio_sd.o(.bss)
    SDIO_CmdInitStructure                    0x20000a30   Data          20  stm32_eval_sdio_sd.o(.bss)
    SDIO_DataInitStructure                   0x20000a44   Data          24  stm32_eval_sdio_sd.o(.bss)
    USBD_StrDesc                             0x20000a5c   Data          64  usbd_req.o(.bss)
    SCSI_Sense                               0x20000a9c   Data          32  usbd_msc_scsi.o(.bss)
    MSC_BOT_Data                             0x20000abc   Data        4096  usbd_msc_bot.o(.bss)
    MSC_BOT_cbw                              0x20001abc   Data          32  usbd_msc_bot.o(.bss)
    MSC_BOT_csw                              0x20001adc   Data          16  usbd_msc_bot.o(.bss)
    __initial_sp                             0x20001ef0   Data           0  startup_stm32f2xx.o(STACK)



==============================================================================

Memory Map of the image

  Image Entry point : 0x08000185

  Load Region LR_IROM1 (Base: 0x08000000, Size: 0x00006cfc, Max: 0x00100000, ABSOLUTE, COMPRESSED[0x00006c24])

    Execution Region ER_IROM1 (Base: 0x08000000, Size: 0x00006b28, Max: 0x00100000, ABSOLUTE)

    Base Addr    Size         Type   Attr      Idx    E Section Name        Object

    0x08000000   0x00000184   Data   RO          540    RESET               startup_stm32f2xx.o
    0x08000184   0x00000000   Code   RO         3572  * .ARM.Collect$$$$00000000  mc_w.l(entry.o)
    0x08000184   0x00000004   Code   RO         3835    .ARM.Collect$$$$00000001  mc_w.l(entry2.o)
    0x08000188   0x00000004   Code   RO         3838    .ARM.Collect$$$$00000004  mc_w.l(entry5.o)
    0x0800018c   0x00000000   Code   RO         3840    .ARM.Collect$$$$00000008  mc_w.l(entry7b.o)
    0x0800018c   0x00000000   Code   RO         3842    .ARM.Collect$$$$0000000A  mc_w.l(entry8b.o)
    0x0800018c   0x00000008   Code   RO         3843    .ARM.Collect$$$$0000000B  mc_w.l(entry9a.o)
    0x08000194   0x00000000   Code   RO         3845    .ARM.Collect$$$$0000000D  mc_w.l(entry10a.o)
    0x08000194   0x00000000   Code   RO         3847    .ARM.Collect$$$$0000000F  mc_w.l(entry11a.o)
    0x08000194   0x00000004   Code   RO         3836    .ARM.Collect$$$$00002712  mc_w.l(entry2.o)
    0x08000198   0x00000024   Code   RO          541    .text               startup_stm32f2xx.o
    0x080001bc   0x00000024   Code   RO         3865    .text               mc_w.l(init.o)
    0x080001e0   0x0000005c   Code   RO         3883    .text               mc_w.l(__dczerorl2.o)
    0x0800023c   0x00000002   Code   RO          158    i.BusFault_Handler  stm32fxxx_it.o
    0x0800023e   0x00000002   PAD
    0x08000240   0x00000024   Code   RO          733    i.CmdResp1Error     stm32_eval_sdio_sd.o
    0x08000264   0x00000034   Code   RO          734    i.CmdResp2Error     stm32_eval_sdio_sd.o
    0x08000298   0x00000070   Code   RO          735    i.CmdResp6Error     stm32_eval_sdio_sd.o
    0x08000308   0x0000002c   Code   RO         3490    i.DCD_EP_Close      usb_dcd.o
    0x08000334   0x00000038   Code   RO         3491    i.DCD_EP_ClrStall   usb_dcd.o
    0x0800036c   0x00000018   Code   RO         3492    i.DCD_EP_Flush      usb_dcd.o
    0x08000384   0x0000003c   Code   RO         3493    i.DCD_EP_Open       usb_dcd.o
    0x080003c0   0x0000003a   Code   RO         3494    i.DCD_EP_PrepareRx  usb_dcd.o
    0x080003fa   0x00000010   Code   RO         3495    i.DCD_EP_SetAddress  usb_dcd.o
    0x0800040a   0x00000038   Code   RO         3496    i.DCD_EP_Stall      usb_dcd.o
    0x08000442   0x00000036   Code   RO         3497    i.DCD_EP_Tx         usb_dcd.o
    0x08000478   0x000000e8   Code   RO         3221    i.DCD_HandleInEP_ISR  usb_dcd_int.o
    0x08000560   0x000000b8   Code   RO         3222    i.DCD_HandleOutEP_ISR  usb_dcd_int.o
    0x08000618   0x0000007c   Code   RO         3223    i.DCD_HandleRxStatusQueueLevel_ISR  usb_dcd_int.o
    0x08000694   0x00000090   Code   RO         3224    i.DCD_HandleUsbReset_ISR  usb_dcd_int.o
    0x08000724   0x0000008a   Code   RO         3499    i.DCD_Init          usb_dcd.o
    0x080007ae   0x0000007a   Code   RO         3225    i.DCD_WriteEmptyTxFifo  usb_dcd_int.o
    0x08000828   0x0000002c   Code   RO         1175    i.DMA_ClearFlag     stm32f2xx_dma.o
    0x08000854   0x00000014   Code   RO         1177    i.DMA_Cmd           stm32f2xx_dma.o
    0x08000868   0x00000124   Code   RO         1178    i.DMA_DeInit        stm32f2xx_dma.o
    0x0800098c   0x00000014   Code   RO         1181    i.DMA_FlowControllerConfig  stm32f2xx_dma.o
    0x080009a0   0x00000034   Code   RO         1186    i.DMA_GetFlagStatus  stm32f2xx_dma.o
    0x080009d4   0x00000054   Code   RO         1189    i.DMA_Init          stm32f2xx_dma.o
    0x08000a28   0x00000002   Code   RO          159    i.DebugMon_Handler  stm32fxxx_it.o
    0x08000a2a   0x00000002   PAD
    0x08000a2c   0x00000134   Code   RO          736    i.FindSCR           stm32_eval_sdio_sd.o
    0x08000b60   0x000000a2   Code   RO         1656    i.GPIO_Init         stm32f2xx_gpio.o
    0x08000c02   0x00000020   Code   RO         1657    i.GPIO_PinAFConfig  stm32f2xx_gpio.o
    0x08000c22   0x0000000e   Code   RO         1660    i.GPIO_ReadInputDataBit  stm32f2xx_gpio.o
    0x08000c30   0x00000004   Code   RO         1663    i.GPIO_ResetBits    stm32f2xx_gpio.o
    0x08000c34   0x00000004   Code   RO         1664    i.GPIO_SetBits      stm32f2xx_gpio.o
    0x08000c38   0x00000002   Code   RO          160    i.HardFault_Handler  stm32fxxx_it.o
    0x08000c3a   0x00000002   PAD
    0x08000c3c   0x00000094   Code   RO          925    i.LCD_Clear         ltm022a69b.o
    0x08000cd0   0x00000024   Code   RO          926    i.LCD_ClearLine     ltm022a69b.o
    0x08000cf4   0x00000020   Code   RO          927    i.LCD_DisplayChar   ltm022a69b.o
    0x08000d14   0x00000030   Code   RO          928    i.LCD_DisplayStringLine  ltm022a69b.o
    0x08000d44   0x000000e0   Code   RO          929    i.LCD_DrawChar      ltm022a69b.o
    0x08000e24   0x0000000c   Code   RO          932    i.LCD_GetFont       ltm022a69b.o
    0x08000e30   0x00000028   Code   RO          650    i.LCD_LOG_DeInit    lcd_log.o
    0x08000e58   0x00000010   Code   RO          651    i.LCD_LOG_Init      lcd_log.o
    0x08000e68   0x00000064   Code   RO          652    i.LCD_LOG_SetFooter  lcd_log.o
    0x08000ecc   0x00000090   Code   RO          653    i.LCD_LOG_SetHeader  lcd_log.o
    0x08000f5c   0x000000a0   Code   RO          654    i.LCD_LOG_UpdateDisplay  lcd_log.o
    0x08000ffc   0x00000010   Code   RO          934    i.LCD_SetBackColor  ltm022a69b.o
    0x0800100c   0x0000000c   Code   RO          936    i.LCD_SetFont       ltm022a69b.o
    0x08001018   0x00000010   Code   RO          937    i.LCD_SetTextColor  ltm022a69b.o
    0x08001028   0x00000064   Code   RO          938    i.LCD_WRITE_COMMAND  ltm022a69b.o
    0x0800108c   0x00000016   Code   RO          939    i.LCD_WRITE_DATA    ltm022a69b.o
    0x080010a2   0x00000002   PAD
    0x080010a4   0x00000040   Code   RO          940    i.LCD_WRITE_REG     ltm022a69b.o
    0x080010e4   0x00000044   Code   RO         3082    i.MSC_BOT_Abort     usbd_msc_bot.o
    0x08001128   0x000000b8   Code   RO         3083    i.MSC_BOT_CBW_Decode  usbd_msc_bot.o
    0x080011e0   0x0000002c   Code   RO         3084    i.MSC_BOT_CplClrFeature  usbd_msc_bot.o
    0x0800120c   0x00000040   Code   RO         3085    i.MSC_BOT_DataIn    usbd_msc_bot.o
    0x0800124c   0x00000040   Code   RO         3086    i.MSC_BOT_DataOut   usbd_msc_bot.o
    0x0800128c   0x0000000c   Code   RO         3087    i.MSC_BOT_DeInit    usbd_msc_bot.o
    0x08001298   0x00000044   Code   RO         3088    i.MSC_BOT_Init      usbd_msc_bot.o
    0x080012dc   0x0000001c   Code   RO         3089    i.MSC_BOT_Reset     usbd_msc_bot.o
    0x080012f8   0x0000003c   Code   RO         3090    i.MSC_BOT_SendCSW   usbd_msc_bot.o
    0x08001334   0x00000002   Code   RO          161    i.MemManage_Handler  stm32fxxx_it.o
    0x08001336   0x00000002   Code   RO          162    i.NMI_Handler       stm32fxxx_it.o
    0x08001338   0x00000064   Code   RO          343    i.NVIC_Init         misc.o
    0x0800139c   0x00000014   Code   RO          344    i.NVIC_PriorityGroupConfig  misc.o
    0x080013b0   0x0000000c   Code   RO          163    i.OTG_HS_EP1_IN_IRQHandler  stm32fxxx_it.o
    0x080013bc   0x0000000c   Code   RO          164    i.OTG_HS_EP1_OUT_IRQHandler  stm32fxxx_it.o
    0x080013c8   0x0000000c   Code   RO          165    i.OTG_HS_IRQHandler  stm32fxxx_it.o
    0x080013d4   0x00000002   Code   RO          166    i.PendSV_Handler    stm32fxxx_it.o
    0x080013d6   0x00000002   PAD
    0x080013d8   0x00000018   Code   RO         2021    i.RCC_AHB1PeriphClockCmd  stm32f2xx_rcc.o
    0x080013f0   0x00000018   Code   RO         2032    i.RCC_APB1PeriphResetCmd  stm32f2xx_rcc.o
    0x08001408   0x00000018   Code   RO         2033    i.RCC_APB2PeriphClockCmd  stm32f2xx_rcc.o
    0x08001420   0x00000018   Code   RO         2035    i.RCC_APB2PeriphResetCmd  stm32f2xx_rcc.o
    0x08001438   0x00000024   Code   RO         3004    i.SCSI_CheckAddressRange  usbd_msc_scsi.o
    0x0800145c   0x00000168   Code   RO         3005    i.SCSI_ProcessCmd   usbd_msc_scsi.o
    0x080015c4   0x00000088   Code   RO         3006    i.SCSI_ProcessRead  usbd_msc_scsi.o
    0x0800164c   0x00000090   Code   RO         3007    i.SCSI_ProcessWrite  usbd_msc_scsi.o
    0x080016dc   0x000000a4   Code   RO         3008    i.SCSI_Read10       usbd_msc_scsi.o
    0x08001780   0x00000068   Code   RO         3009    i.SCSI_ReadCapacity10  usbd_msc_scsi.o
    0x080017e8   0x00000070   Code   RO         3010    i.SCSI_ReadFormatCapacity  usbd_msc_scsi.o
    0x08001858   0x00000068   Code   RO         3011    i.SCSI_RequestSense  usbd_msc_scsi.o
    0x080018c0   0x0000002c   Code   RO         3012    i.SCSI_SenseCode    usbd_msc_scsi.o
    0x080018ec   0x000000c4   Code   RO         3013    i.SCSI_Write10      usbd_msc_scsi.o
    0x080019b0   0x000000c0   Code   RO          738    i.SDEnWideBus       stm32_eval_sdio_sd.o
    0x08001a70   0x0000000c   Code   RO         2444    i.SDIO_ClearFlag    stm32f2xx_sdio.o
    0x08001a7c   0x0000000c   Code   RO         2445    i.SDIO_ClearITPendingBit  stm32f2xx_sdio.o
    0x08001a88   0x0000000c   Code   RO         2446    i.SDIO_ClockCmd     stm32f2xx_sdio.o
    0x08001a94   0x0000000c   Code   RO         2449    i.SDIO_DMACmd       stm32f2xx_sdio.o
    0x08001aa0   0x00000030   Code   RO         2450    i.SDIO_DataConfig   stm32f2xx_sdio.o
    0x08001ad0   0x00000018   Code   RO         2452    i.SDIO_DeInit       stm32f2xx_sdio.o
    0x08001ae8   0x0000000c   Code   RO         2453    i.SDIO_GetCommandResponse  stm32f2xx_sdio.o
    0x08001af4   0x00000014   Code   RO         2456    i.SDIO_GetFlagStatus  stm32f2xx_sdio.o
    0x08001b08   0x00000010   Code   RO         2458    i.SDIO_GetPowerState  stm32f2xx_sdio.o
    0x08001b18   0x00000010   Code   RO         2459    i.SDIO_GetResponse  stm32f2xx_sdio.o
    0x08001b28   0x00000004   Code   RO          167    i.SDIO_IRQHandler   stm32fxxx_it.o
    0x08001b2c   0x00000018   Code   RO         2460    i.SDIO_ITConfig     stm32f2xx_sdio.o
    0x08001b44   0x0000002c   Code   RO         2461    i.SDIO_Init         stm32f2xx_sdio.o
    0x08001b70   0x0000000c   Code   RO         2462    i.SDIO_ReadData     stm32f2xx_sdio.o
    0x08001b7c   0x00000028   Code   RO         2464    i.SDIO_SendCommand  stm32f2xx_sdio.o
    0x08001ba4   0x00000018   Code   RO         2466    i.SDIO_SetPowerState  stm32f2xx_sdio.o
    0x08001bbc   0x00000010   Code   RO          545    i.SD_DMAEndOfTransferStatus  stm32_eval.o
    0x08001bcc   0x00000024   Code   RO          740    i.SD_Detect         stm32_eval_sdio_sd.o
    0x08001bf0   0x00000074   Code   RO          741    i.SD_EnableWideBusOperation  stm32_eval_sdio_sd.o
    0x08001c64   0x0000023c   Code   RO          743    i.SD_GetCardInfo    stm32_eval_sdio_sd.o
    0x08001ea0   0x00000022   Code   RO          745    i.SD_GetState       stm32_eval_sdio_sd.o
    0x08001ec2   0x0000001a   Code   RO          746    i.SD_GetStatus      stm32_eval_sdio_sd.o
    0x08001edc   0x00000080   Code   RO          748    i.SD_Init           stm32_eval_sdio_sd.o
    0x08001f5c   0x00000100   Code   RO          749    i.SD_InitializeCards  stm32_eval_sdio_sd.o
    0x0800205c   0x0000007c   Code   RO          546    i.SD_LowLevel_DMA_RxConfig  stm32_eval.o
    0x080020d8   0x00000080   Code   RO          547    i.SD_LowLevel_DMA_TxConfig  stm32_eval.o
    0x08002158   0x000000c0   Code   RO          549    i.SD_LowLevel_Init  stm32_eval.o
    0x08002218   0x000001e8   Code   RO          751    i.SD_PowerON        stm32_eval_sdio_sd.o
    0x08002400   0x00000044   Code   RO          752    i.SD_ProcessIRQSrc  stm32_eval_sdio_sd.o
    0x08002444   0x000000bc   Code   RO          754    i.SD_ReadMultiBlocks  stm32_eval_sdio_sd.o
    0x08002500   0x0000002c   Code   RO          755    i.SD_SelectDeselect  stm32_eval_sdio_sd.o
    0x0800252c   0x00000034   Code   RO          757    i.SD_SendStatus     stm32_eval_sdio_sd.o
    0x08002560   0x00000028   Code   RO          759    i.SD_WaitReadOperation  stm32_eval_sdio_sd.o
    0x08002588   0x00000030   Code   RO          760    i.SD_WaitWriteOperation  stm32_eval_sdio_sd.o
    0x080025b8   0x000000e0   Code   RO          762    i.SD_WriteMultiBlocks  stm32_eval_sdio_sd.o
    0x08002698   0x000000b4   Code   RO          942    i.SPI0_Init         ltm022a69b.o
    0x0800274c   0x00000034   Code   RO          943    i.SPI0_communication  ltm022a69b.o
    0x08002780   0x00000014   Code   RO         2298    i.SPI_Cmd           stm32f2xx_spi.o
    0x08002794   0x00000054   Code   RO         2305    i.SPI_I2S_DeInit    stm32f2xx_spi.o
    0x080027e8   0x0000000e   Code   RO         2306    i.SPI_I2S_GetFlagStatus  stm32f2xx_spi.o
    0x080027f6   0x00000004   Code   RO         2309    i.SPI_I2S_ReceiveData  stm32f2xx_spi.o
    0x080027fa   0x00000004   Code   RO         2310    i.SPI_I2S_SendData  stm32f2xx_spi.o
    0x080027fe   0x00000038   Code   RO         2311    i.SPI_Init          stm32f2xx_spi.o
    0x08002836   0x00000002   PAD
    0x08002838   0x00000248   Code   RO          944    i.STM322xG_LCD_Init  ltm022a69b.o
    0x08002a80   0x00000048   Code   RO          551    i.STM_EVAL_LEDInit  stm32_eval.o
    0x08002ac8   0x0000001c   Code   RO          554    i.STM_EVAL_LEDToggle  stm32_eval.o
    0x08002ae4   0x00000028   Code   RO          379    i.STORAGE_GetCapacity  usbd_storage_msd.o
    0x08002b0c   0x00000004   Code   RO          380    i.STORAGE_GetMaxLun  usbd_storage_msd.o
    0x08002b10   0x0000002c   Code   RO          381    i.STORAGE_Init      usbd_storage_msd.o
    0x08002b3c   0x0000002c   Code   RO          382    i.STORAGE_IsReady   usbd_storage_msd.o
    0x08002b68   0x00000004   Code   RO          383    i.STORAGE_IsWriteProtected  usbd_storage_msd.o
    0x08002b6c   0x00000026   Code   RO          384    i.STORAGE_Read      usbd_storage_msd.o
    0x08002b92   0x00000002   PAD
    0x08002b94   0x00000026   Code   RO          385    i.STORAGE_Write     usbd_storage_msd.o
    0x08002bba   0x00000002   Code   RO          168    i.SVC_Handler       stm32fxxx_it.o
    0x08002bbc   0x00000098   Code   RO          509    i.SetSysClock       system_stm32f2xx.o
    0x08002c54   0x00000002   Code   RO          169    i.SysTick_Handler   stm32fxxx_it.o
    0x08002c56   0x00000002   PAD
    0x08002c58   0x00000050   Code   RO          511    i.SystemInit        system_stm32f2xx.o
    0x08002ca8   0x0000000e   Code   RO         2874    i.USBD_ClrCfg       usbd_core.o
    0x08002cb6   0x00000012   Code   RO         2956    i.USBD_CtlContinueRx  usbd_ioreq.o
    0x08002cc8   0x00000012   Code   RO         2957    i.USBD_CtlContinueSendData  usbd_ioreq.o
    0x08002cda   0x00000024   Code   RO         2809    i.USBD_CtlError     usbd_req.o
    0x08002cfe   0x00000022   Code   RO         2959    i.USBD_CtlReceiveStatus  usbd_ioreq.o
    0x08002d20   0x00000020   Code   RO         2960    i.USBD_CtlSendData  usbd_ioreq.o
    0x08002d40   0x00000022   Code   RO         2961    i.USBD_CtlSendStatus  usbd_ioreq.o
    0x08002d62   0x00000096   Code   RO         2875    i.USBD_DataInStage  usbd_core.o
    0x08002df8   0x00000078   Code   RO         2876    i.USBD_DataOutStage  usbd_core.o
    0x08002e70   0x00000128   Code   RO         2810    i.USBD_GetDescriptor  usbd_req.o
    0x08002f98   0x00000010   Code   RO         2962    i.USBD_GetRxCount   usbd_ioreq.o
    0x08002fa8   0x00000046   Code   RO         2811    i.USBD_GetString    usbd_req.o
    0x08002fee   0x00000036   Code   RO         2878    i.USBD_Init         usbd_core.o
    0x08003024   0x0000000e   Code   RO         2879    i.USBD_IsoINIncomplete  usbd_core.o
    0x08003032   0x0000000e   Code   RO         2880    i.USBD_IsoOUTIncomplete  usbd_core.o
    0x08003040   0x0000000a   Code   RO         3152    i.USBD_MSC_DataIn   usbd_msc_core.o
    0x0800304a   0x0000000a   Code   RO         3153    i.USBD_MSC_DataOut  usbd_msc_core.o
    0x08003054   0x0000001c   Code   RO         3154    i.USBD_MSC_DeInit   usbd_msc_core.o
    0x08003070   0x0000000c   Code   RO         3155    i.USBD_MSC_GetCfgDesc  usbd_msc_core.o
    0x0800307c   0x0000000c   Code   RO         3156    i.USBD_MSC_GetOtherCfgDesc  usbd_msc_core.o
    0x08003088   0x00000036   Code   RO         3157    i.USBD_MSC_Init     usbd_msc_core.o
    0x080030be   0x00000002   PAD
    0x080030c0   0x000000c8   Code   RO         3158    i.USBD_MSC_Setup    usbd_msc_core.o
    0x08003188   0x0000008c   Code   RO         3226    i.USBD_OTG_EP1IN_ISR_Handler  usb_dcd_int.o
    0x08003214   0x00000058   Code   RO         3227    i.USBD_OTG_EP1OUT_ISR_Handler  usb_dcd_int.o
    0x0800326c   0x00000180   Code   RO         3228    i.USBD_OTG_ISR_Handler  usb_dcd_int.o
    0x080033ec   0x00000044   Code   RO         2812    i.USBD_ParseSetupRequest  usbd_req.o
    0x08003430   0x0000002e   Code   RO         2881    i.USBD_Reset        usbd_core.o
    0x0800345e   0x00000016   Code   RO         2882    i.USBD_Resume       usbd_core.o
    0x08003474   0x00000010   Code   RO         2883    i.USBD_SOF          usbd_core.o
    0x08003484   0x0000001a   Code   RO         2884    i.USBD_SetCfg       usbd_core.o
    0x0800349e   0x00000002   PAD
    0x080034a0   0x00000074   Code   RO         2813    i.USBD_SetConfig    usbd_req.o
    0x08003514   0x00000070   Code   RO         2814    i.USBD_SetFeature   usbd_req.o
    0x08003584   0x00000048   Code   RO         2885    i.USBD_SetupStage   usbd_core.o
    0x080035cc   0x000000f4   Code   RO         2815    i.USBD_StdDevReq    usbd_req.o
    0x080036c0   0x000000d4   Code   RO         2816    i.USBD_StdEPReq     usbd_req.o
    0x08003794   0x00000036   Code   RO         2817    i.USBD_StdItfReq    usbd_req.o
    0x080037ca   0x00000014   Code   RO         2886    i.USBD_Suspend      usbd_core.o
    0x080037de   0x00000002   PAD
    0x080037e0   0x00000020   Code   RO          438    i.USBD_USR_ConfigStrDescriptor  usbd_desc.o
    0x08003800   0x00000030   Code   RO          300    i.USBD_USR_DeviceConfigured  usbd_usr.o
    0x08003830   0x0000000c   Code   RO          439    i.USBD_USR_DeviceDescriptor  usbd_desc.o
    0x0800383c   0x0000008c   Code   RO          301    i.USBD_USR_DeviceReset  usbd_usr.o
    0x080038c8   0x00000002   Code   RO          302    i.USBD_USR_DeviceResumed  usbd_usr.o
    0x080038ca   0x00000002   PAD
    0x080038cc   0x00000030   Code   RO          303    i.USBD_USR_DeviceSuspended  usbd_usr.o
    0x080038fc   0x000000e4   Code   RO          304    i.USBD_USR_Init     usbd_usr.o
    0x080039e0   0x00000024   Code   RO          440    i.USBD_USR_InterfaceStrDescriptor  usbd_desc.o
    0x08003a04   0x0000000c   Code   RO          441    i.USBD_USR_LangIDStrDescriptor  usbd_desc.o
    0x08003a10   0x00000028   Code   RO          442    i.USBD_USR_ManufacturerStrDescriptor  usbd_desc.o
    0x08003a38   0x0000004c   Code   RO          443    i.USBD_USR_ProductStrDescriptor  usbd_desc.o
    0x08003a84   0x0000003c   Code   RO          444    i.USBD_USR_SerialStrDescriptor  usbd_desc.o
    0x08003ac0   0x00000068   Code   RO          267    i.USB_OTG_BSP_EnableInterrupt  usb_bsp.o
    0x08003b28   0x00000138   Code   RO          268    i.USB_OTG_BSP_Init  usb_bsp.o
    0x08003c60   0x0000000a   Code   RO          269    i.USB_OTG_BSP_mDelay  usb_bsp.o
    0x08003c6a   0x00000010   Code   RO          270    i.USB_OTG_BSP_uDelay  usb_bsp.o
    0x08003c7a   0x000000da   Code   RO         3275    i.USB_OTG_CoreInit  usb_core.o
    0x08003d54   0x00000152   Code   RO         3276    i.USB_OTG_CoreInitDev  usb_core.o
    0x08003ea6   0x00000002   PAD
    0x08003ea8   0x00000058   Code   RO         3277    i.USB_OTG_CoreReset  usb_core.o
    0x08003f00   0x00000010   Code   RO         3278    i.USB_OTG_DisableGlobalInt  usb_core.o
    0x08003f10   0x0000003a   Code   RO         3279    i.USB_OTG_EP0Activate  usb_core.o
    0x08003f4a   0x00000002   PAD
    0x08003f4c   0x000000b6   Code   RO         3280    i.USB_OTG_EP0StartXfer  usb_core.o
    0x08004002   0x00000002   PAD
    0x08004004   0x00000024   Code   RO         3281    i.USB_OTG_EP0_OutStart  usb_core.o
    0x08004028   0x00000068   Code   RO         3282    i.USB_OTG_EPActivate  usb_core.o
    0x08004090   0x00000032   Code   RO         3283    i.USB_OTG_EPClearStall  usb_core.o
    0x080040c2   0x0000004e   Code   RO         3284    i.USB_OTG_EPDeactivate  usb_core.o
    0x08004110   0x00000030   Code   RO         3285    i.USB_OTG_EPSetStall  usb_core.o
    0x08004140   0x00000122   Code   RO         3286    i.USB_OTG_EPStartXfer  usb_core.o
    0x08004262   0x00000002   PAD
    0x08004264   0x00000044   Code   RO         3287    i.USB_OTG_EnableDevInt  usb_core.o
    0x080042a8   0x00000010   Code   RO         3288    i.USB_OTG_EnableGlobalInt  usb_core.o
    0x080042b8   0x00000038   Code   RO         3289    i.USB_OTG_FlushRxFifo  usb_core.o
    0x080042f0   0x00000040   Code   RO         3290    i.USB_OTG_FlushTxFifo  usb_core.o
    0x08004330   0x00000026   Code   RO         3291    i.USB_OTG_GetDeviceSpeed  usb_core.o
    0x08004356   0x0000000c   Code   RO         3294    i.USB_OTG_InitDevSpeed  usb_core.o
    0x08004362   0x00000012   Code   RO         3295    i.USB_OTG_IsDeviceMode  usb_core.o
    0x08004374   0x0000000a   Code   RO         3297    i.USB_OTG_ReadCoreItr  usb_core.o
    0x0800437e   0x0000000c   Code   RO         3298    i.USB_OTG_ReadDevAllInEPItr  usb_core.o
    0x0800438a   0x0000000c   Code   RO         3299    i.USB_OTG_ReadDevAllOutEp_itr  usb_core.o
    0x08004396   0x00000010   Code   RO         3300    i.USB_OTG_ReadDevOutEP_itr  usb_core.o
    0x080043a6   0x00000020   Code   RO         3302    i.USB_OTG_ReadPacket  usb_core.o
    0x080043c6   0x00000002   PAD
    0x080043c8   0x000000c4   Code   RO         3303    i.USB_OTG_SelectCore  usb_core.o
    0x0800448c   0x0000002a   Code   RO         3304    i.USB_OTG_SetCurrentMode  usb_core.o
    0x080044b6   0x00000028   Code   RO         3308    i.USB_OTG_WritePacket  usb_core.o
    0x080044de   0x00000002   Code   RO          170    i.UsageFault_Handler  stm32fxxx_it.o
    0x080044e0   0x00000010   Code   RO         3576    i.__0printf$bare    mc_w.l(printfb.o)
    0x080044f0   0x0000000e   Code   RO         3877    i.__scatterload_copy  mc_w.l(handlers.o)
    0x080044fe   0x00000002   Code   RO         3878    i.__scatterload_null  mc_w.l(handlers.o)
    0x08004500   0x0000000e   Code   RO         3879    i.__scatterload_zeroinit  mc_w.l(handlers.o)
    0x0800450e   0x00000022   Code   RO         3583    i._printf_core      mc_w.l(printfb.o)
    0x08004530   0x00000002   Code   RO          946    i.delay_10us        ltm022a69b.o
    0x08004532   0x00000002   PAD
    0x08004534   0x000000fc   Code   RO          655    i.fputc             lcd_log.o
    0x08004630   0x0000003c   Code   RO          948    i.lcd_ctrl_port_init  ltm022a69b.o
    0x0800466c   0x00000040   Code   RO            1    i.main              app.o
    0x080046ac   0x00000024   Data   RO          386    .constdata          usbd_storage_msd.o
    0x080046d0   0x00000050   Data   RO          561    .constdata          stm32_eval.o
    0x08004720   0x000011d0   Data   RO          956    .constdata          ltm022a69b.o
    0x080058f0   0x00000900   Data   RO          957    .constdata          ltm022a69b.o
    0x080061f0   0x00000900   Data   RO          958    .constdata          ltm022a69b.o
    0x08006af0   0x00000007   Data   RO         3207    .constdata          usbd_msc_data.o
    0x08006af7   0x00000008   Data   RO         3208    .constdata          usbd_msc_data.o
    0x08006aff   0x00000008   Data   RO         3209    .constdata          usbd_msc_data.o
    0x08006b07   0x00000001   PAD
    0x08006b08   0x00000020   Data   RO         3875    Region$$Table       anon$$obj.o


    Execution Region RW_IRAM1 (Base: 0x20000000, Size: 0x00001ef0, Max: 0x00020000, ABSOLUTE, COMPRESSED[0x000000fc])

    Base Addr    Size         Type   Attr      Idx    E Section Name        Object

    0x20000000   0x0000001c   Data   RW          305    .data               usbd_usr.o
    0x2000001c   0x00000020   Data   RW          387    .data               usbd_storage_msd.o
    0x2000003c   0x00000004   Data   RW          388    .data               usbd_storage_msd.o
    0x20000040   0x00000001   Data   RW          390    .data               usbd_storage_msd.o
    0x20000041   0x00000003   PAD
    0x20000044   0x0000001c   Data   RW          445    .data               usbd_desc.o
    0x20000060   0x00000016   Data   RW          446    .data               usbd_desc.o
    0x20000076   0x00000002   PAD
    0x20000078   0x0000000a   Data   RW          447    .data               usbd_desc.o
    0x20000082   0x00000002   PAD
    0x20000084   0x0000002c   Data   RW          562    .data               stm32_eval.o
    0x200000b0   0x00000012   Data   RW          657    .data               lcd_log.o
    0x200000c2   0x00000002   PAD
    0x200000c4   0x00000014   Data   RW          765    .data               stm32_eval_sdio_sd.o
    0x200000d8   0x00000014   Data   RW          961    .data               ltm022a69b.o
    0x200000ec   0x00000008   Data   RW          962    .data               ltm022a69b.o
    0x200000f4   0x00000008   Data   RW          963    .data               ltm022a69b.o
    0x200000fc   0x00000010   Data   RW         2819    .data               usbd_req.o
    0x2000010c   0x0000002c   Data   RW         2887    .data               usbd_core.o
    0x20000138   0x00000004   Data   RW         2888    .data               usbd_core.o
    0x2000013c   0x00000018   Data   RW         3015    .data               usbd_msc_scsi.o
    0x20000154   0x00000004   Data   RW         3092    .data               usbd_msc_bot.o
    0x20000158   0x00000030   Data   RW         3159    .data               usbd_msc_core.o
    0x20000188   0x00000048   Data   RW         3160    .data               usbd_msc_core.o
    0x200001d0   0x00000004   Data   RW         3849    .data               mc_w.l(stdout.o)
    0x200001d4   0x000005f0   Zero   RW            2    .bss                app.o
    0x200007c4   0x000001d4   Zero   RW          656    .bss                lcd_log.o
    0x20000998   0x000000c4   Zero   RW          764    .bss                stm32_eval_sdio_sd.o
    0x20000a5c   0x00000040   Zero   RW         2818    .bss                usbd_req.o
    0x20000a9c   0x00000020   Zero   RW         3014    .bss                usbd_msc_scsi.o
    0x20000abc   0x00001030   Zero   RW         3091    .bss                usbd_msc_bot.o
    0x20001aec   0x00000004   PAD
    0x20001af0   0x00000400   Zero   RW          538    STACK               startup_stm32f2xx.o


==============================================================================

Image component sizes


      Code (inc. data)   RO Data    RW Data    ZI Data      Debug   Object Name

        64         18          0          0       1520     276985   app.o
         0          0          0          0          0         32   core_cm3.o
       712         32          0         18        468       5941   lcd_log.o
      1608         88       9168         36          0      13286   ltm022a69b.o
       120         18          0          0          0       1583   misc.o
        36          8        388          0       1024        916   startup_stm32f2xx.o
       560         54         80         44          0       5593   stm32_eval.o
      3020        148          0         20        196      23946   stm32_eval_sdio_sd.o
       512         48          0          0          0       5221   stm32f2xx_dma.o
       216          0          0          0          0       3419   stm32f2xx_gpio.o
        96         24          0          0          0       2324   stm32f2xx_rcc.o
       328         74          0          0          0      10143   stm32f2xx_sdio.o
       182         12          0          0          0       4135   stm32f2xx_spi.o
        58         18          0          0          0      13018   stm32fxxx_it.o
       232         30          0          0          0       1461   system_stm32f2xx.o
       442         14          0          0          0       2411   usb_bsp.o
      2138         26          0          0          0      18782   usb_core.o
       506          0          0          0          0       5867   usb_dcd.o
      1418         40          0          0          0       7526   usb_dcd_int.o
       568          0          0         48          0       8804   usbd_core.o
       268        156          0         60          0       4916   usbd_desc.o
       152          0          0          0          0       4018   usbd_ioreq.o
       592         84          0          4       4144       7873   usbd_msc_bot.o
       326         16          0        120          0       5434   usbd_msc_core.o
         0          0         23          0          0        873   usbd_msc_data.o
      1400        176          0         24         32      11629   usbd_msc_scsi.o
      1208         48          0         16         64       7539   usbd_req.o
       212         10         36         37          0       5429   usbd_storage_msd.o
       466        336          0         28          0       2368   usbd_usr.o

    ----------------------------------------------------------------------
     17476       1478       9728        464       7452     461472   Object Totals
         0          0         32          0          0          0   (incl. Generated)
        36          0          1          9          4          0   (incl. Padding)

    ----------------------------------------------------------------------

      Code (inc. data)   RO Data    RW Data    ZI Data      Debug   Library Member Name

        92          0          0          0          0          0   __dczerorl2.o
         0          0          0          0          0          0   entry.o
         0          0          0          0          0          0   entry10a.o
         0          0          0          0          0          0   entry11a.o
         8          4          0          0          0          0   entry2.o
         4          0          0          0          0          0   entry5.o
         0          0          0          0          0          0   entry7b.o
         0          0          0          0          0          0   entry8b.o
         8          4          0          0          0          0   entry9a.o
        30          0          0          0          0          0   handlers.o
        36          8          0          0          0         68   init.o
        50          8          0          0          0        152   printfb.o
         0          0          0          4          0          0   stdout.o

    ----------------------------------------------------------------------
       228         24          0          4          0        220   Library Totals
         0          0          0          0          0          0   (incl. Padding)

    ----------------------------------------------------------------------

      Code (inc. data)   RO Data    RW Data    ZI Data      Debug   Library Name

       228         24          0          4          0        220   mc_w.l

    ----------------------------------------------------------------------
       228         24          0          4          0        220   Library Totals

    ----------------------------------------------------------------------

==============================================================================


      Code (inc. data)   RO Data    RW Data    ZI Data      Debug   

     17704       1502       9728        468       7452     450356   Grand Totals
     17704       1502       9728        252       7452     450356   ELF Image Totals (compressed)
     17704       1502       9728        252          0          0   ROM Totals

==============================================================================

    Total RO  Size (Code + RO Data)                27432 (  26.79kB)
    Total RW  Size (RW Data + ZI Data)              7920 (   7.73kB)
    Total ROM Size (Code + RO Data + RW Data)      27684 (  27.04kB)

==============================================================================

