ARM Linker, 5.03 [Build 24] [MDK-ARM Standard][RL-ARM]

==============================================================================

Section Cross References

    app.o(i.main) refers to usbd_core.o(i.USBD_Init) for USBD_Init
    app.o(i.main) refers to stm32_eval.o(i.STM_EVAL_LEDToggle) for STM_EVAL_LEDToggle
    app.o(i.main) refers to usbd_usr.o(.data) for USR_cb
    app.o(i.main) refers to usbd_hid_core.o(.data) for USBD_HID_cb
    app.o(i.main) refers to usbd_desc.o(.data) for USR_desc
    app.o(i.main) refers to app.o(.bss) for .bss
    stm32fxxx_it.o(i.EXTI15_10_IRQHandler) refers to stm32f2xx_exti.o(i.EXTI_GetITStatus) for EXTI_GetITStatus
    stm32fxxx_it.o(i.EXTI15_10_IRQHandler) refers to usb_core.o(i.USB_OTG_ActiveRemoteWakeup) for USB_OTG_ActiveRemoteWakeup
    stm32fxxx_it.o(i.EXTI15_10_IRQHandler) refers to stm32f2xx_exti.o(i.EXTI_ClearITPendingBit) for EXTI_ClearITPendingBit
    stm32fxxx_it.o(i.EXTI15_10_IRQHandler) refers to app.o(.bss) for USB_OTG_dev
    stm32fxxx_it.o(i.OTG_HS_EP1_IN_IRQHandler) refers to usb_dcd_int.o(i.USBD_OTG_EP1IN_ISR_Handler) for USBD_OTG_EP1IN_ISR_Handler
    stm32fxxx_it.o(i.OTG_HS_EP1_IN_IRQHandler) refers to app.o(.bss) for USB_OTG_dev
    stm32fxxx_it.o(i.OTG_HS_EP1_OUT_IRQHandler) refers to usb_dcd_int.o(i.USBD_OTG_EP1OUT_ISR_Handler) for USBD_OTG_EP1OUT_ISR_Handler
    stm32fxxx_it.o(i.OTG_HS_EP1_OUT_IRQHandler) refers to app.o(.bss) for USB_OTG_dev
    stm32fxxx_it.o(i.OTG_HS_IRQHandler) refers to usb_dcd_int.o(i.USBD_OTG_ISR_Handler) for USBD_OTG_ISR_Handler
    stm32fxxx_it.o(i.OTG_HS_IRQHandler) refers to app.o(.bss) for USB_OTG_dev
    stm32fxxx_it.o(i.OTG_HS_WKUP_IRQHandler) refers to system_stm32f2xx.o(i.SystemInit) for SystemInit
    stm32fxxx_it.o(i.OTG_HS_WKUP_IRQHandler) refers to usb_core.o(i.USB_OTG_UngateClock) for USB_OTG_UngateClock
    stm32fxxx_it.o(i.OTG_HS_WKUP_IRQHandler) refers to stm32f2xx_exti.o(i.EXTI_ClearITPendingBit) for EXTI_ClearITPendingBit
    stm32fxxx_it.o(i.OTG_HS_WKUP_IRQHandler) refers to app.o(.bss) for USB_OTG_dev
    stm32fxxx_it.o(i.SysTick_Handler) refers to stm322xg_eval_ioe.o(i.IOE_JoyStickGetState) for IOE_JoyStickGetState
    stm32fxxx_it.o(i.SysTick_Handler) refers to usbd_hid_core.o(i.USBD_HID_SendReport) for USBD_HID_SendReport
    stm32fxxx_it.o(i.SysTick_Handler) refers to stm32fxxx_it.o(.data) for .data
    stm32fxxx_it.o(i.SysTick_Handler) refers to app.o(.bss) for USB_OTG_dev
    usb_bsp.o(i.USB_OTG_BSP_EnableInterrupt) refers to misc.o(i.NVIC_PriorityGroupConfig) for NVIC_PriorityGroupConfig
    usb_bsp.o(i.USB_OTG_BSP_EnableInterrupt) refers to misc.o(i.NVIC_Init) for NVIC_Init
    usb_bsp.o(i.USB_OTG_BSP_Init) refers to stm32f2xx_rcc.o(i.RCC_AHB1PeriphClockCmd) for RCC_AHB1PeriphClockCmd
    usb_bsp.o(i.USB_OTG_BSP_Init) refers to stm32f2xx_gpio.o(i.GPIO_PinAFConfig) for GPIO_PinAFConfig
    usb_bsp.o(i.USB_OTG_BSP_Init) refers to stm32f2xx_gpio.o(i.GPIO_Init) for GPIO_Init
    usb_bsp.o(i.USB_OTG_BSP_mDelay) refers to usb_bsp.o(i.USB_OTG_BSP_uDelay) for USB_OTG_BSP_uDelay
    usbd_usr.o(i.USBD_USR_DeviceConfigured) refers to printfb.o(i.__0printf$bare) for __2printf
    usbd_usr.o(i.USBD_USR_DeviceConfigured) refers to lcd_log.o(.data) for LCD_LineColor
    usbd_usr.o(i.USBD_USR_DeviceConnected) refers to printfb.o(i.__0printf$bare) for __2printf
    usbd_usr.o(i.USBD_USR_DeviceConnected) refers to lcd_log.o(.data) for LCD_LineColor
    usbd_usr.o(i.USBD_USR_DeviceDisconnected) refers to printfb.o(i.__0printf$bare) for __2printf
    usbd_usr.o(i.USBD_USR_DeviceDisconnected) refers to lcd_log.o(.data) for LCD_LineColor
    usbd_usr.o(i.USBD_USR_DeviceReset) refers to lcd_log.o(i.LCD_LOG_SetFooter) for LCD_LOG_SetFooter
    usbd_usr.o(i.USBD_USR_DeviceResumed) refers to printfb.o(i.__0printf$bare) for __2printf
    usbd_usr.o(i.USBD_USR_DeviceResumed) refers to lcd_log.o(.data) for LCD_LineColor
    usbd_usr.o(i.USBD_USR_DeviceSuspended) refers to printfb.o(i.__0printf$bare) for __2printf
    usbd_usr.o(i.USBD_USR_DeviceSuspended) refers to lcd_log.o(.data) for LCD_LineColor
    usbd_usr.o(i.USBD_USR_Init) refers to stm32_eval.o(i.STM_EVAL_LEDInit) for STM_EVAL_LEDInit
    usbd_usr.o(i.USBD_USR_Init) refers to stm322xg_eval_ioe.o(i.IOE_Config) for IOE_Config
    usbd_usr.o(i.USBD_USR_Init) refers to ltm022a69b.o(i.STM322xG_LCD_Init) for STM322xG_LCD_Init
    usbd_usr.o(i.USBD_USR_Init) refers to lcd_log.o(i.LCD_LOG_Init) for LCD_LOG_Init
    usbd_usr.o(i.USBD_USR_Init) refers to lcd_log.o(i.LCD_LOG_SetHeader) for LCD_LOG_SetHeader
    usbd_usr.o(i.USBD_USR_Init) refers to printfb.o(i.__0printf$bare) for __2printf
    usbd_usr.o(i.USBD_USR_Init) refers to lcd_log.o(i.LCD_LOG_SetFooter) for LCD_LOG_SetFooter
    usbd_usr.o(i.USBD_USR_Init) refers to ltm022a69b.o(i.LCD_SetTextColor) for LCD_SetTextColor
    usbd_usr.o(i.USBD_USR_Init) refers to ltm022a69b.o(i.LCD_DisplayStringLine) for LCD_DisplayStringLine
    usbd_usr.o(i.USBD_USR_Init) refers to system_stm32f2xx.o(.data) for SystemCoreClock
[...]
    Removing stm32f2xx_sdio.o(i.SDIO_GetDataCounter), (12 bytes).
    Removing stm32f2xx_sdio.o(i.SDIO_GetFIFOCount), (12 bytes).
    Removing stm32f2xx_sdio.o(i.SDIO_GetFlagStatus), (20 bytes).
    Removing stm32f2xx_sdio.o(i.SDIO_GetITStatus), (20 bytes).
    Removing stm32f2xx_sdio.o(i.SDIO_GetPowerState), (16 bytes).
    Removing stm32f2xx_sdio.o(i.SDIO_GetResponse), (16 bytes).
    Removing stm32f2xx_sdio.o(i.SDIO_ITConfig), (24 bytes).
    Removing stm32f2xx_sdio.o(i.SDIO_Init), (44 bytes).
    Removing stm32f2xx_sdio.o(i.SDIO_ReadData), (12 bytes).
    Removing stm32f2xx_sdio.o(i.SDIO_SendCEATACmd), (12 bytes).
    Removing stm32f2xx_sdio.o(i.SDIO_SendCommand), (40 bytes).
    Removing stm32f2xx_sdio.o(i.SDIO_SendSDIOSuspendCmd), (12 bytes).
    Removing stm32f2xx_sdio.o(i.SDIO_SetPowerState), (24 bytes).
    Removing stm32f2xx_sdio.o(i.SDIO_SetSDIOOperation), (12 bytes).
    Removing stm32f2xx_sdio.o(i.SDIO_SetSDIOReadWaitMode), (12 bytes).
    Removing stm32f2xx_sdio.o(i.SDIO_StartSDIOReadWait), (12 bytes).
    Removing stm32f2xx_sdio.o(i.SDIO_StopSDIOReadWait), (12 bytes).
    Removing stm32f2xx_sdio.o(i.SDIO_StructInit), (16 bytes).
    Removing stm32f2xx_sdio.o(i.SDIO_WriteData), (12 bytes).
    Removing stm32f2xx_usart.o(i.USART_ClearFlag), (6 bytes).
    Removing stm32f2xx_usart.o(i.USART_ClearITPendingBit), (12 bytes).
    Removing stm32f2xx_usart.o(i.USART_ClockInit), (28 bytes).
    Removing stm32f2xx_usart.o(i.USART_ClockStructInit), (12 bytes).
    Removing stm32f2xx_usart.o(i.USART_Cmd), (20 bytes).
    Removing stm32f2xx_usart.o(i.USART_DMACmd), (16 bytes).
    Removing stm32f2xx_usart.o(i.USART_DeInit), (140 bytes).
    Removing stm32f2xx_usart.o(i.USART_GetFlagStatus), (14 bytes).
    Removing stm32f2xx_usart.o(i.USART_GetITStatus), (62 bytes).
    Removing stm32f2xx_usart.o(i.USART_HalfDuplexCmd), (20 bytes).
    Removing stm32f2xx_usart.o(i.USART_ITConfig), (48 bytes).
    Removing stm32f2xx_usart.o(i.USART_Init), (184 bytes).
    Removing stm32f2xx_usart.o(i.USART_IrDACmd), (20 bytes).
    Removing stm32f2xx_usart.o(i.USART_IrDAConfig), (16 bytes).
    Removing stm32f2xx_usart.o(i.USART_LINBreakDetectLengthConfig), (16 bytes).
    Removing stm32f2xx_usart.o(i.USART_LINCmd), (20 bytes).
    Removing stm32f2xx_usart.o(i.USART_OneBitMethodCmd), (20 bytes).
    Removing stm32f2xx_usart.o(i.USART_OverSampling8Cmd), (20 bytes).
    Removing stm32f2xx_usart.o(i.USART_ReceiveData), (8 bytes).
    Removing stm32f2xx_usart.o(i.USART_ReceiverWakeUpCmd), (20 bytes).
    Removing stm32f2xx_usart.o(i.USART_SendBreak), (10 bytes).
    Removing stm32f2xx_usart.o(i.USART_SendData), (8 bytes).
    Removing stm32f2xx_usart.o(i.USART_SetAddress), (16 bytes).
    Removing stm32f2xx_usart.o(i.USART_SetGuardTime), (16 bytes).
    Removing stm32f2xx_usart.o(i.USART_SetPrescaler), (16 bytes).
    Removing stm32f2xx_usart.o(i.USART_SmartCardCmd), (20 bytes).
    Removing stm32f2xx_usart.o(i.USART_SmartCardNACKCmd), (20 bytes).
    Removing stm32f2xx_usart.o(i.USART_StructInit), (22 bytes).
    Removing stm32f2xx_usart.o(i.USART_WakeUpConfig), (16 bytes).
    Removing usbd_core.o(i.USBD_DeInit), (4 bytes).
    Removing usbd_ioreq.o(i.USBD_CtlPrepareRx), (32 bytes).
    Removing usbd_ioreq.o(i.USBD_GetRxCount), (16 bytes).
    Removing usb_core.o(i.USB_OTG_GetEPStatus), (66 bytes).
    Removing usb_core.o(i.USB_OTG_GetMode), (10 bytes).
    Removing usb_core.o(i.USB_OTG_IsHostMode), (14 bytes).
    Removing usb_core.o(i.USB_OTG_ReadOtgItr), (6 bytes).
    Removing usb_core.o(i.USB_OTG_SetEPStatus), (110 bytes).
    Removing usb_core.o(i.USB_OTG_StopDevice), (74 bytes).
    Removing usb_dcd.o(i.DCD_DevConnect), (16 bytes).
    Removing usb_dcd.o(i.DCD_DevDisconnect), (16 bytes).
    Removing usb_dcd.o(i.DCD_GetEPStatus), (38 bytes).
    Removing usb_dcd.o(i.DCD_SetEPStatus), (38 bytes).
    Removing dadd.o(.text), (334 bytes).
    Removing dmul.o(.text), (228 bytes).
    Removing ddiv.o(.text), (222 bytes).
    Removing dfixul.o(.text), (48 bytes).
    Removing cdrcmple.o(.text), (40 bytes).
    Removing depilogue.o(.text), (190 bytes).

310 unused section(s) (total 14791 bytes) removed from the image.

==============================================================================

Image Symbol Table

    Local Symbols

    Symbol Name                              Value     Ov Type        Size  Object(Section)

    ../clib/../cmprslib/zerorunl2.c          0x00000000   Number         0  __dczerorl2.o ABSOLUTE
    ../clib/microlib/division.c              0x00000000   Number         0  uldiv.o ABSOLUTE
    ../clib/microlib/division.c              0x00000000   Number         0  uidiv.o ABSOLUTE
    ../clib/microlib/init/entry.s            0x00000000   Number         0  entry11b.o ABSOLUTE
    ../clib/microlib/init/entry.s            0x00000000   Number         0  entry9a.o ABSOLUTE
    ../clib/microlib/init/entry.s            0x00000000   Number         0  entry11a.o ABSOLUTE
    ../clib/microlib/init/entry.s            0x00000000   Number         0  entry10b.o ABSOLUTE
    ../clib/microlib/init/entry.s            0x00000000   Number         0  entry10a.o ABSOLUTE
    ../clib/microlib/init/entry.s            0x00000000   Number         0  entry.o ABSOLUTE
    ../clib/microlib/init/entry.s            0x00000000   Number         0  entry9b.o ABSOLUTE
    ../clib/microlib/init/entry.s            0x00000000   Number         0  entry8b.o ABSOLUTE
    ../clib/microlib/init/entry.s            0x00000000   Number         0  entry8a.o ABSOLUTE
    ../clib/microlib/init/entry.s            0x00000000   Number         0  entry7b.o ABSOLUTE
    ../clib/microlib/init/entry.s            0x00000000   Number         0  entry5.o ABSOLUTE
    ../clib/microlib/init/entry.s            0x00000000   Number         0  entry2.o ABSOLUTE
    ../clib/microlib/init/entry.s            0x00000000   Number         0  entry7a.o ABSOLUTE
    ../clib/microlib/longlong.c              0x00000000   Number         0  llshl.o ABSOLUTE
    ../clib/microlib/longlong.c              0x00000000   Number         0  llsshr.o ABSOLUTE
    ../clib/microlib/longlong.c              0x00000000   Number         0  llushr.o ABSOLUTE
    ../clib/microlib/printf/printf.c         0x00000000   Number         0  printf1.o ABSOLUTE
    ../clib/microlib/printf/printf.c         0x00000000   Number         0  printf0.o ABSOLUTE
    ../clib/microlib/printf/printf.c         0x00000000   Number         0  printfb.o ABSOLUTE
    ../clib/microlib/printf/printf.c         0x00000000   Number         0  printf5.o ABSOLUTE
    ../clib/microlib/printf/printf.c         0x00000000   Number         0  printf3.o ABSOLUTE
    ../clib/microlib/printf/printf.c         0x00000000   Number         0  printf2.o ABSOLUTE
    ../clib/microlib/printf/printf.c         0x00000000   Number         0  printf4.o ABSOLUTE
    ../clib/microlib/printf/printf.c         0x00000000   Number         0  printf6.o ABSOLUTE
    ../clib/microlib/printf/printf.c         0x00000000   Number         0  printf7.o ABSOLUTE
    ../clib/microlib/printf/printf.c         0x00000000   Number         0  printf8.o ABSOLUTE
    ../clib/microlib/printf/printf.c         0x00000000   Number         0  printfa.o ABSOLUTE
    ../clib/microlib/stdio/streams.c         0x00000000   Number         0  stdout.o ABSOLUTE
    ../clib/microlib/stubs.s                 0x00000000   Number         0  iusefp.o ABSOLUTE
    ../fplib/microlib/fpadd.c                0x00000000   Number         0  dadd.o ABSOLUTE
    ../fplib/microlib/fpdiv.c                0x00000000   Number         0  ddiv.o ABSOLUTE
    ../fplib/microlib/fpepilogue.c           0x00000000   Number         0  depilogue.o ABSOLUTE
    ../fplib/microlib/fpfix.c                0x00000000   Number         0  dfixul.o ABSOLUTE
    ../fplib/microlib/fpmul.c                0x00000000   Number         0  dmul.o ABSOLUTE
    ..\..\..\..\Libraries\CMSIS\CM3\CoreSupport\core_cm3.c 0x00000000   Number         0  core_cm3.o ABSOLUTE
    ..\..\..\..\Libraries\CMSIS\CM3\DeviceSupport\ST\STM32F2xx\startup\arm\startup_stm32f2xx.s 0x00000000   Number         0  startup_stm32f2xx.o ABSOLUTE
    ..\..\..\..\Libraries\STM32F2xx_StdPeriph_Driver\src\misc.c 0x00000000   Number         0  misc.o ABSOLUTE
    ..\..\..\..\Libraries\STM32F2xx_StdPeriph_Driver\src\stm32f2xx_dma.c 0x00000000   Number         0  stm32f2xx_dma.o ABSOLUTE
    ..\..\..\..\Libraries\STM32F2xx_StdPeriph_Driver\src\stm32f2xx_exti.c 0x00000000   Number         0  stm32f2xx_exti.o ABSOLUTE
    ..\..\..\..\Libraries\STM32F2xx_StdPeriph_Driver\src\stm32f2xx_flash.c 0x00000000   Number         0  stm32f2xx_flash.o ABSOLUTE
    ..\..\..\..\Libraries\STM32F2xx_StdPeriph_Driver\src\stm32f2xx_fsmc.c 0x00000000   Number         0  stm32f2xx_fsmc.o ABSOLUTE
    ..\..\..\..\Libraries\STM32F2xx_StdPeriph_Driver\src\stm32f2xx_gpio.c 0x00000000   Number         0  stm32f2xx_gpio.o ABSOLUTE
    ..\..\..\..\Libraries\STM32F2xx_StdPeriph_Driver\src\stm32f2xx_i2c.c 0x00000000   Number         0  stm32f2xx_i2c.o ABSOLUTE
    ..\..\..\..\Libraries\STM32F2xx_StdPeriph_Driver\src\stm32f2xx_pwr.c 0x00000000   Number         0  stm32f2xx_pwr.o ABSOLUTE
    ..\..\..\..\Libraries\STM32F2xx_StdPeriph_Driver\src\stm32f2xx_rcc.c 0x00000000   Number         0  stm32f2xx_rcc.o ABSOLUTE
    ..\..\..\..\Libraries\STM32F2xx_StdPeriph_Driver\src\stm32f2xx_sdio.c 0x00000000   Number         0  stm32f2xx_sdio.o ABSOLUTE
    ..\..\..\..\Libraries\STM32F2xx_StdPeriph_Driver\src\stm32f2xx_spi.c 0x00000000   Number         0  stm32f2xx_spi.o ABSOLUTE
    ..\..\..\..\Libraries\STM32F2xx_StdPeriph_Driver\src\stm32f2xx_syscfg.c 0x00000000   Number         0  stm32f2xx_syscfg.o ABSOLUTE
    ..\..\..\..\Libraries\STM32F2xx_StdPeriph_Driver\src\stm32f2xx_usart.c 0x00000000   Number         0  stm32f2xx_usart.o ABSOLUTE
    ..\..\..\..\Libraries\STM32_USB_Device_Library\Class\hid\src\usbd_hid_core.c 0x00000000   Number         0  usbd_hid_core.o ABSOLUTE
    ..\..\..\..\Libraries\STM32_USB_Device_Library\Core\src\usbd_core.c 0x00000000   Number         0  usbd_core.o ABSOLUTE
    ..\..\..\..\Libraries\STM32_USB_Device_Library\Core\src\usbd_ioreq.c 0x00000000   Number         0  usbd_ioreq.o ABSOLUTE
    ..\..\..\..\Libraries\STM32_USB_Device_Library\Core\src\usbd_req.c 0x00000000   Number         0  usbd_req.o ABSOLUTE
    ..\..\..\..\Libraries\STM32_USB_OTG_Driver\src\usb_core.c 0x00000000   Number         0  usb_core.o ABSOLUTE
    ..\..\..\..\Libraries\STM32_USB_OTG_Driver\src\usb_dcd.c 0x00000000   Number         0  usb_dcd.o ABSOLUTE
    ..\..\..\..\Libraries\STM32_USB_OTG_Driver\src\usb_dcd_int.c 0x00000000   Number         0  usb_dcd_int.o ABSOLUTE
    ..\..\..\..\Utilities\STM32_EVAL\Common\lcd_log.c 0x00000000   Number         0  lcd_log.o ABSOLUTE
    ..\..\..\..\Utilities\STM32_EVAL\STM322xG_EVAL\LTM022A69B.c 0x00000000   Number         0  ltm022a69b.o ABSOLUTE
    ..\..\..\..\Utilities\STM32_EVAL\STM322xG_EVAL\stm322xg_eval_ioe.c 0x00000000   Number         0  stm322xg_eval_ioe.o ABSOLUTE
    ..\..\..\..\Utilities\STM32_EVAL\stm32_eval.c 0x00000000   Number         0  stm32_eval.o ABSOLUTE
    ..\\..\\..\\..\\Libraries\\CMSIS\\CM3\\CoreSupport\\core_cm3.c 0x00000000   Number         0  core_cm3.o ABSOLUTE
    ..\src\app.c                             0x00000000   Number         0  app.o ABSOLUTE
    ..\src\stm32fxxx_it.c                    0x00000000   Number         0  stm32fxxx_it.o ABSOLUTE
    ..\src\system_stm32f2xx.c                0x00000000   Number         0  system_stm32f2xx.o ABSOLUTE
    ..\src\usb_bsp.c                         0x00000000   Number         0  usb_bsp.o ABSOLUTE
    ..\src\usbd_desc.c                       0x00000000   Number         0  usbd_desc.o ABSOLUTE
    ..\src\usbd_usr.c                        0x00000000   Number         0  usbd_usr.o ABSOLUTE
    cdrcmple.s                               0x00000000   Number         0  cdrcmple.o ABSOLUTE
    dc.s                                     0x00000000   Number         0  dc.o ABSOLUTE
    handlers.s                               0x00000000   Number         0  handlers.o ABSOLUTE
    init.s                                   0x00000000   Number         0  init.o ABSOLUTE
    RESET                                    0x08000000   Section      388  startup_stm32f2xx.o(RESET)
    .ARM.Collect$$$$00000000                 0x08000184   Section        0  entry.o(.ARM.Collect$$$$00000000)
    .ARM.Collect$$$$00000001                 0x08000184   Section        4  entry2.o(.ARM.Collect$$$$00000001)
    .ARM.Collect$$$$00000004                 0x08000188   Section        4  entry5.o(.ARM.Collect$$$$00000004)
    .ARM.Collect$$$$00000008                 0x0800018c   Section        0  entry7b.o(.ARM.Collect$$$$00000008)
    .ARM.Collect$$$$0000000A                 0x0800018c   Section        0  entry8b.o(.ARM.Collect$$$$0000000A)
    .ARM.Collect$$$$0000000B                 0x0800018c   Section        8  entry9a.o(.ARM.Collect$$$$0000000B)
    .ARM.Collect$$$$0000000D                 0x08000194   Section        0  entry10a.o(.ARM.Collect$$$$0000000D)
    .ARM.Collect$$$$0000000F                 0x08000194   Section        0  entry11a.o(.ARM.Collect$$$$0000000F)
    .ARM.Collect$$$$00002712                 0x08000194   Section        4  entry2.o(.ARM.Collect$$$$00002712)
    __lit__00000000                          0x08000194   Data           4  entry2.o(.ARM.Collect$$$$00002712)
    .text                                    0x08000198   Section       36  startup_stm32f2xx.o(.text)
    .text                                    0x080001bc   Section       36  init.o(.text)
    .text                                    0x080001e0   Section        0  __dczerorl2.o(.text)
    i.BusFault_Handler                       0x0800023c   Section        0  stm32fxxx_it.o(i.BusFault_Handler)
    i.DCD_EP_Close                           0x0800023e   Section        0  usb_dcd.o(i.DCD_EP_Close)
    i.DCD_EP_ClrStall                        0x0800026a   Section        0  usb_dcd.o(i.DCD_EP_ClrStall)
    i.DCD_EP_Flush                           0x080002a2   Section        0  usb_dcd.o(i.DCD_EP_Flush)
    i.DCD_EP_Open                            0x080002ba   Section        0  usb_dcd.o(i.DCD_EP_Open)
    i.DCD_EP_PrepareRx                       0x080002f6   Section        0  usb_dcd.o(i.DCD_EP_PrepareRx)
    i.DCD_EP_SetAddress                      0x08000330   Section        0  usb_dcd.o(i.DCD_EP_SetAddress)
    i.DCD_EP_Stall                           0x08000340   Section        0  usb_dcd.o(i.DCD_EP_Stall)
    i.DCD_EP_Tx                              0x08000378   Section        0  usb_dcd.o(i.DCD_EP_Tx)
    i.DCD_HandleInEP_ISR                     0x080003b0   Section        0  usb_dcd_int.o(i.DCD_HandleInEP_ISR)
    DCD_HandleInEP_ISR                       0x080003b1   Thumb Code   226  usb_dcd_int.o(i.DCD_HandleInEP_ISR)
    i.DCD_HandleOutEP_ISR                    0x08000498   Section        0  usb_dcd_int.o(i.DCD_HandleOutEP_ISR)
    DCD_HandleOutEP_ISR                      0x08000499   Thumb Code   180  usb_dcd_int.o(i.DCD_HandleOutEP_ISR)
    i.DCD_HandleRxStatusQueueLevel_ISR       0x08000550   Section        0  usb_dcd_int.o(i.DCD_HandleRxStatusQueueLevel_ISR)
    DCD_HandleRxStatusQueueLevel_ISR         0x08000551   Thumb Code   124  usb_dcd_int.o(i.DCD_HandleRxStatusQueueLevel_ISR)
    i.DCD_HandleUsbReset_ISR                 0x080005cc   Section        0  usb_dcd_int.o(i.DCD_HandleUsbReset_ISR)
    DCD_HandleUsbReset_ISR                   0x080005cd   Thumb Code   138  usb_dcd_int.o(i.DCD_HandleUsbReset_ISR)
    i.DCD_Init                               0x0800065c   Section        0  usb_dcd.o(i.DCD_Init)
    i.DCD_WriteEmptyTxFifo                   0x080006e6   Section        0  usb_dcd_int.o(i.DCD_WriteEmptyTxFifo)
    DCD_WriteEmptyTxFifo                     0x080006e7   Thumb Code   122  usb_dcd_int.o(i.DCD_WriteEmptyTxFifo)
    i.DebugMon_Handler                       0x08000760   Section        0  stm32fxxx_it.o(i.DebugMon_Handler)
    i.EXTI15_10_IRQHandler                   0x08000764   Section        0  stm32fxxx_it.o(i.EXTI15_10_IRQHandler)
    i.EXTI_ClearITPendingBit                 0x08000788   Section        0  stm32f2xx_exti.o(i.EXTI_ClearITPendingBit)
    i.EXTI_GetITStatus                       0x08000794   Section        0  stm32f2xx_exti.o(i.EXTI_GetITStatus)
    i.GPIO_Init                              0x080007b4   Section        0  stm32f2xx_gpio.o(i.GPIO_Init)
    i.GPIO_PinAFConfig                       0x08000856   Section        0  stm32f2xx_gpio.o(i.GPIO_PinAFConfig)
    i.GPIO_ReadInputDataBit                  0x08000876   Section        0  stm32f2xx_gpio.o(i.GPIO_ReadInputDataBit)
    i.GPIO_ResetBits                         0x08000884   Section        0  stm32f2xx_gpio.o(i.GPIO_ResetBits)
    i.GPIO_SetBits                           0x08000888   Section        0  stm32f2xx_gpio.o(i.GPIO_SetBits)
    i.HardFault_Handler                      0x0800088c   Section        0  stm32fxxx_it.o(i.HardFault_Handler)
    i.IOE_Config                             0x08000890   Section        0  stm322xg_eval_ioe.o(i.IOE_Config)
    i.IOE_JoyStickGetState                   0x080008f8   Section        0  stm322xg_eval_ioe.o(i.IOE_JoyStickGetState)
    i.LCD_Clear                              0x0800093c   Section        0  ltm022a69b.o(i.LCD_Clear)
    i.LCD_ClearLine                          0x080009d0   Section        0  ltm022a69b.o(i.LCD_ClearLine)
    i.LCD_DisplayChar                        0x080009f4   Section        0  ltm022a69b.o(i.LCD_DisplayChar)
    i.LCD_DisplayStringLine                  0x08000a14   Section        0  ltm022a69b.o(i.LCD_DisplayStringLine)
    i.LCD_DrawChar                           0x08000a44   Section        0  ltm022a69b.o(i.LCD_DrawChar)
    i.LCD_GetFont                            0x08000b24   Section        0  ltm022a69b.o(i.LCD_GetFont)
    i.LCD_LOG_DeInit                         0x08000b30   Section        0  lcd_log.o(i.LCD_LOG_DeInit)
    i.LCD_LOG_Init                           0x08000b58   Section        0  lcd_log.o(i.LCD_LOG_Init)
    i.LCD_LOG_SetFooter                      0x08000b68   Section        0  lcd_log.o(i.LCD_LOG_SetFooter)
    i.LCD_LOG_SetHeader                      0x08000bcc   Section        0  lcd_log.o(i.LCD_LOG_SetHeader)
    i.LCD_LOG_UpdateDisplay                  0x08000c5c   Section        0  lcd_log.o(i.LCD_LOG_UpdateDisplay)
    LCD_LOG_UpdateDisplay                    0x08000c5d   Thumb Code   150  lcd_log.o(i.LCD_LOG_UpdateDisplay)
    i.LCD_SetBackColor                       0x08000cfc   Section        0  ltm022a69b.o(i.LCD_SetBackColor)
    i.LCD_SetFont                            0x08000d0c   Section        0  ltm022a69b.o(i.LCD_SetFont)
    i.LCD_SetTextColor                       0x08000d18   Section        0  ltm022a69b.o(i.LCD_SetTextColor)
    i.LCD_WRITE_COMMAND                      0x08000d28   Section        0  ltm022a69b.o(i.LCD_WRITE_COMMAND)
    i.LCD_WRITE_DATA                         0x08000d8c   Section        0  ltm022a69b.o(i.LCD_WRITE_DATA)
    i.LCD_WRITE_REG                          0x08000da4   Section        0  ltm022a69b.o(i.LCD_WRITE_REG)
    i.MemManage_Handler                      0x08000de4   Section        0  stm32fxxx_it.o(i.MemManage_Handler)
    i.NMI_Handler                            0x08000de6   Section        0  stm32fxxx_it.o(i.NMI_Handler)
    i.NVIC_Init                              0x08000de8   Section        0  misc.o(i.NVIC_Init)
    i.NVIC_PriorityGroupConfig               0x08000e4c   Section        0  misc.o(i.NVIC_PriorityGroupConfig)
    i.OTG_HS_EP1_IN_IRQHandler               0x08000e60   Section        0  stm32fxxx_it.o(i.OTG_HS_EP1_IN_IRQHandler)
    i.OTG_HS_EP1_OUT_IRQHandler              0x08000e6c   Section        0  stm32fxxx_it.o(i.OTG_HS_EP1_OUT_IRQHandler)
    i.OTG_HS_IRQHandler                      0x08000e78   Section        0  stm32fxxx_it.o(i.OTG_HS_IRQHandler)
    i.OTG_HS_WKUP_IRQHandler                 0x08000e84   Section        0  stm32fxxx_it.o(i.OTG_HS_WKUP_IRQHandler)
    i.PendSV_Handler                         0x08000eb4   Section        0  stm32fxxx_it.o(i.PendSV_Handler)
    i.RCC_AHB1PeriphClockCmd                 0x08000eb8   Section        0  stm32f2xx_rcc.o(i.RCC_AHB1PeriphClockCmd)
    i.RCC_APB1PeriphResetCmd                 0x08000ed0   Section        0  stm32f2xx_rcc.o(i.RCC_APB1PeriphResetCmd)
    i.RCC_APB2PeriphClockCmd                 0x08000ee8   Section        0  stm32f2xx_rcc.o(i.RCC_APB2PeriphClockCmd)
    i.RCC_APB2PeriphResetCmd                 0x08000f00   Section        0  stm32f2xx_rcc.o(i.RCC_APB2PeriphResetCmd)
    i.SPI0_Init                              0x08000f18   Section        0  ltm022a69b.o(i.SPI0_Init)
    i.SPI0_communication                     0x08000fcc   Section        0  ltm022a69b.o(i.SPI0_communication)
    i.SPI_Cmd                                0x08001000   Section        0  stm32f2xx_spi.o(i.SPI_Cmd)
    i.SPI_I2S_DeInit                         0x08001014   Section        0  stm32f2xx_spi.o(i.SPI_I2S_DeInit)
    i.SPI_I2S_GetFlagStatus                  0x08001068   Section        0  stm32f2xx_spi.o(i.SPI_I2S_GetFlagStatus)
    i.SPI_I2S_ReceiveData                    0x08001076   Section        0  stm32f2xx_spi.o(i.SPI_I2S_ReceiveData)
    i.SPI_I2S_SendData                       0x0800107a   Section        0  stm32f2xx_spi.o(i.SPI_I2S_SendData)
    i.SPI_Init                               0x0800107e   Section        0  stm32f2xx_spi.o(i.SPI_Init)
    i.STM322xG_LCD_Init                      0x080010b8   Section        0  ltm022a69b.o(i.STM322xG_LCD_Init)
    i.STM_EVAL_LEDInit                       0x08001300   Section        0  stm32_eval.o(i.STM_EVAL_LEDInit)
    i.STM_EVAL_LEDToggle                     0x08001348   Section        0  stm32_eval.o(i.STM_EVAL_LEDToggle)
    i.SVC_Handler                            0x08001364   Section        0  stm32fxxx_it.o(i.SVC_Handler)
    i.SetSysClock                            0x08001368   Section        0  system_stm32f2xx.o(i.SetSysClock)
    SetSysClock                              0x08001369   Thumb Code   140  system_stm32f2xx.o(i.SetSysClock)
    i.SysTick_Handler                        0x08001400   Section        0  stm32fxxx_it.o(i.SysTick_Handler)
    i.SystemInit                             0x0800145c   Section        0  system_stm32f2xx.o(i.SystemInit)
    i.USBD_ClrCfg                            0x080014ac   Section        0  usbd_core.o(i.USBD_ClrCfg)
    i.USBD_CtlContinueRx                     0x080014ba   Section        0  usbd_ioreq.o(i.USBD_CtlContinueRx)
    i.USBD_CtlContinueSendData               0x080014cc   Section        0  usbd_ioreq.o(i.USBD_CtlContinueSendData)
    i.USBD_CtlError                          0x080014de   Section        0  usbd_req.o(i.USBD_CtlError)
    i.USBD_CtlReceiveStatus                  0x08001502   Section        0  usbd_ioreq.o(i.USBD_CtlReceiveStatus)
    i.USBD_CtlSendData                       0x08001524   Section        0  usbd_ioreq.o(i.USBD_CtlSendData)
    i.USBD_CtlSendStatus                     0x08001544   Section        0  usbd_ioreq.o(i.USBD_CtlSendStatus)
    i.USBD_DataInStage                       0x08001566   Section        0  usbd_core.o(i.USBD_DataInStage)
    USBD_DataInStage                         0x08001567   Thumb Code   150  usbd_core.o(i.USBD_DataInStage)
    i.USBD_DataOutStage                      0x080015fc   Section        0  usbd_core.o(i.USBD_DataOutStage)
    USBD_DataOutStage                        0x080015fd   Thumb Code   120  usbd_core.o(i.USBD_DataOutStage)
    i.USBD_GetDescriptor                     0x08001674   Section        0  usbd_req.o(i.USBD_GetDescriptor)
    USBD_GetDescriptor                       0x08001675   Thumb Code   292  usbd_req.o(i.USBD_GetDescriptor)
    i.USBD_GetString                         0x0800179c   Section        0  usbd_req.o(i.USBD_GetString)
    i.USBD_HID_DataIn                        0x080017e2   Section        0  usbd_hid_core.o(i.USBD_HID_DataIn)
    USBD_HID_DataIn                          0x080017e3   Thumb Code    12  usbd_hid_core.o(i.USBD_HID_DataIn)
    i.USBD_HID_DeInit                        0x080017ee   Section        0  usbd_hid_core.o(i.USBD_HID_DeInit)
    USBD_HID_DeInit                          0x080017ef   Thumb Code    22  usbd_hid_core.o(i.USBD_HID_DeInit)
    i.USBD_HID_GetCfgDesc                    0x08001804   Section        0  usbd_hid_core.o(i.USBD_HID_GetCfgDesc)
    USBD_HID_GetCfgDesc                      0x08001805   Thumb Code     8  usbd_hid_core.o(i.USBD_HID_GetCfgDesc)
    i.USBD_HID_Init                          0x08001810   Section        0  usbd_hid_core.o(i.USBD_HID_Init)
    USBD_HID_Init                            0x08001811   Thumb Code    30  usbd_hid_core.o(i.USBD_HID_Init)
    i.USBD_HID_SendReport                    0x0800182e   Section        0  usbd_hid_core.o(i.USBD_HID_SendReport)
    i.USBD_HID_Setup                         0x08001848   Section        0  usbd_hid_core.o(i.USBD_HID_Setup)
    USBD_HID_Setup                           0x08001849   Thumb Code   158  usbd_hid_core.o(i.USBD_HID_Setup)
    i.USBD_Init                              0x080018ec   Section        0  usbd_core.o(i.USBD_Init)
    i.USBD_IsoINIncomplete                   0x08001922   Section        0  usbd_core.o(i.USBD_IsoINIncomplete)
    USBD_IsoINIncomplete                     0x08001923   Thumb Code    14  usbd_core.o(i.USBD_IsoINIncomplete)
    i.USBD_IsoOUTIncomplete                  0x08001930   Section        0  usbd_core.o(i.USBD_IsoOUTIncomplete)
    USBD_IsoOUTIncomplete                    0x08001931   Thumb Code    14  usbd_core.o(i.USBD_IsoOUTIncomplete)
    i.USBD_OTG_EP1IN_ISR_Handler             0x08001940   Section        0  usb_dcd_int.o(i.USBD_OTG_EP1IN_ISR_Handler)
    i.USBD_OTG_EP1OUT_ISR_Handler            0x080019cc   Section        0  usb_dcd_int.o(i.USBD_OTG_EP1OUT_ISR_Handler)
    i.USBD_OTG_ISR_Handler                   0x08001a24   Section        0  usb_dcd_int.o(i.USBD_OTG_ISR_Handler)
    i.USBD_ParseSetupRequest                 0x08001ba4   Section        0  usbd_req.o(i.USBD_ParseSetupRequest)
    i.USBD_Reset                             0x08001be8   Section        0  usbd_core.o(i.USBD_Reset)
    USBD_Reset                               0x08001be9   Thumb Code    46  usbd_core.o(i.USBD_Reset)
    i.USBD_Resume                            0x08001c16   Section        0  usbd_core.o(i.USBD_Resume)
    USBD_Resume                              0x08001c17   Thumb Code    22  usbd_core.o(i.USBD_Resume)
    i.USBD_SOF                               0x08001c2c   Section        0  usbd_core.o(i.USBD_SOF)
    USBD_SOF                                 0x08001c2d   Thumb Code    16  usbd_core.o(i.USBD_SOF)
    i.USBD_SetCfg                            0x08001c3c   Section        0  usbd_core.o(i.USBD_SetCfg)
    i.USBD_SetConfig                         0x08001c58   Section        0  usbd_req.o(i.USBD_SetConfig)
    USBD_SetConfig                           0x08001c59   Thumb Code   112  usbd_req.o(i.USBD_SetConfig)
    i.USBD_SetFeature                        0x08001ccc   Section        0  usbd_req.o(i.USBD_SetFeature)
    USBD_SetFeature                          0x08001ccd   Thumb Code   112  usbd_req.o(i.USBD_SetFeature)
    i.USBD_SetupStage                        0x08001d3c   Section        0  usbd_core.o(i.USBD_SetupStage)
    USBD_SetupStage                          0x08001d3d   Thumb Code    72  usbd_core.o(i.USBD_SetupStage)
    i.USBD_StdDevReq                         0x08001d84   Section        0  usbd_req.o(i.USBD_StdDevReq)
    i.USBD_StdEPReq                          0x08001e78   Section        0  usbd_req.o(i.USBD_StdEPReq)
    i.USBD_StdItfReq                         0x08001f4c   Section        0  usbd_req.o(i.USBD_StdItfReq)
    i.USBD_Suspend                           0x08001f82   Section        0  usbd_core.o(i.USBD_Suspend)
    USBD_Suspend                             0x08001f83   Thumb Code    20  usbd_core.o(i.USBD_Suspend)
    i.USBD_USR_ConfigStrDescriptor           0x08001f98   Section        0  usbd_desc.o(i.USBD_USR_ConfigStrDescriptor)
    i.USBD_USR_DeviceConfigured              0x08001fb8   Section        0  usbd_usr.o(i.USBD_USR_DeviceConfigured)
    i.USBD_USR_DeviceConnected               0x08001fe8   Section        0  usbd_usr.o(i.USBD_USR_DeviceConnected)
    i.USBD_USR_DeviceDescriptor              0x08002018   Section        0  usbd_desc.o(i.USBD_USR_DeviceDescriptor)
    i.USBD_USR_DeviceDisconnected            0x08002024   Section        0  usbd_usr.o(i.USBD_USR_DeviceDisconnected)
    i.USBD_USR_DeviceReset                   0x08002054   Section        0  usbd_usr.o(i.USBD_USR_DeviceReset)
    i.USBD_USR_DeviceResumed                 0x080020d4   Section        0  usbd_usr.o(i.USBD_USR_DeviceResumed)
    i.USBD_USR_DeviceSuspended               0x08002104   Section        0  usbd_usr.o(i.USBD_USR_DeviceSuspended)
    i.USBD_USR_Init                          0x08002138   Section        0  usbd_usr.o(i.USBD_USR_Init)
    i.USBD_USR_InterfaceStrDescriptor        0x0800224c   Section        0  usbd_desc.o(i.USBD_USR_InterfaceStrDescriptor)
    i.USBD_USR_LangIDStrDescriptor           0x08002270   Section        0  usbd_desc.o(i.USBD_USR_LangIDStrDescriptor)
    i.USBD_USR_ManufacturerStrDescriptor     0x0800227c   Section        0  usbd_desc.o(i.USBD_USR_ManufacturerStrDescriptor)
    i.USBD_USR_ProductStrDescriptor          0x080022a4   Section        0  usbd_desc.o(i.USBD_USR_ProductStrDescriptor)
    i.USBD_USR_SerialStrDescriptor           0x080022e8   Section        0  usbd_desc.o(i.USBD_USR_SerialStrDescriptor)
    i.USB_OTG_ActiveRemoteWakeup             0x08002324   Section        0  usb_core.o(i.USB_OTG_ActiveRemoteWakeup)
    i.USB_OTG_BSP_EnableInterrupt            0x08002366   Section        0  usb_bsp.o(i.USB_OTG_BSP_EnableInterrupt)
    i.USB_OTG_BSP_Init                       0x080023d0   Section        0  usb_bsp.o(i.USB_OTG_BSP_Init)
    i.USB_OTG_BSP_mDelay                     0x08002508   Section        0  usb_bsp.o(i.USB_OTG_BSP_mDelay)
    i.USB_OTG_BSP_uDelay                     0x08002512   Section        0  usb_bsp.o(i.USB_OTG_BSP_uDelay)
    i.USB_OTG_CoreInit                       0x08002528   Section        0  usb_core.o(i.USB_OTG_CoreInit)
    i.USB_OTG_CoreInitDev                    0x08002604   Section        0  usb_core.o(i.USB_OTG_CoreInitDev)
    i.USB_OTG_CoreReset                      0x08002758   Section        0  usb_core.o(i.USB_OTG_CoreReset)
    USB_OTG_CoreReset                        0x08002759   Thumb Code    84  usb_core.o(i.USB_OTG_CoreReset)
    i.USB_OTG_DisableGlobalInt               0x080027b0   Section        0  usb_core.o(i.USB_OTG_DisableGlobalInt)
    i.USB_OTG_EP0Activate                    0x080027c0   Section        0  usb_core.o(i.USB_OTG_EP0Activate)
    i.USB_OTG_EP0StartXfer                   0x080027fc   Section        0  usb_core.o(i.USB_OTG_EP0StartXfer)
    i.USB_OTG_EP0_OutStart                   0x080028b4   Section        0  usb_core.o(i.USB_OTG_EP0_OutStart)
    i.USB_OTG_EPActivate                     0x080028d8   Section        0  usb_core.o(i.USB_OTG_EPActivate)
    i.USB_OTG_EPClearStall                   0x08002940   Section        0  usb_core.o(i.USB_OTG_EPClearStall)
    i.USB_OTG_EPDeactivate                   0x08002972   Section        0  usb_core.o(i.USB_OTG_EPDeactivate)
    i.USB_OTG_EPSetStall                     0x080029c0   Section        0  usb_core.o(i.USB_OTG_EPSetStall)
    i.USB_OTG_EPStartXfer                    0x080029f0   Section        0  usb_core.o(i.USB_OTG_EPStartXfer)
    i.USB_OTG_EnableDevInt                   0x08002b14   Section        0  usb_core.o(i.USB_OTG_EnableDevInt)
    i.USB_OTG_EnableGlobalInt                0x08002b58   Section        0  usb_core.o(i.USB_OTG_EnableGlobalInt)
    i.USB_OTG_FlushRxFifo                    0x08002b68   Section        0  usb_core.o(i.USB_OTG_FlushRxFifo)
    i.USB_OTG_FlushTxFifo                    0x08002ba0   Section        0  usb_core.o(i.USB_OTG_FlushTxFifo)
    i.USB_OTG_GetDeviceSpeed                 0x08002be0   Section        0  usb_core.o(i.USB_OTG_GetDeviceSpeed)
    i.USB_OTG_InitDevSpeed                   0x08002c06   Section        0  usb_core.o(i.USB_OTG_InitDevSpeed)
    i.USB_OTG_IsDeviceMode                   0x08002c12   Section        0  usb_core.o(i.USB_OTG_IsDeviceMode)
    i.USB_OTG_ReadCoreItr                    0x08002c24   Section        0  usb_core.o(i.USB_OTG_ReadCoreItr)
    i.USB_OTG_ReadDevAllInEPItr              0x08002c2e   Section        0  usb_core.o(i.USB_OTG_ReadDevAllInEPItr)
    i.USB_OTG_ReadDevAllOutEp_itr            0x08002c3a   Section        0  usb_core.o(i.USB_OTG_ReadDevAllOutEp_itr)
    i.USB_OTG_ReadDevOutEP_itr               0x08002c46   Section        0  usb_core.o(i.USB_OTG_ReadDevOutEP_itr)
    i.USB_OTG_ReadPacket                     0x08002c56   Section        0  usb_core.o(i.USB_OTG_ReadPacket)
    i.USB_OTG_SelectCore                     0x08002c78   Section        0  usb_core.o(i.USB_OTG_SelectCore)
    i.USB_OTG_SetCurrentMode                 0x08002d3c   Section        0  usb_core.o(i.USB_OTG_SetCurrentMode)
    i.USB_OTG_UngateClock                    0x08002d66   Section        0  usb_core.o(i.USB_OTG_UngateClock)
    i.USB_OTG_WritePacket                    0x08002d84   Section        0  usb_core.o(i.USB_OTG_WritePacket)
    i.UsageFault_Handler                     0x08002dac   Section        0  stm32fxxx_it.o(i.UsageFault_Handler)
    i.__0printf$bare                         0x08002db0   Section        0  printfb.o(i.__0printf$bare)
    i.__scatterload_copy                     0x08002dc0   Section       14  handlers.o(i.__scatterload_copy)
    i.__scatterload_null                     0x08002dce   Section        2  handlers.o(i.__scatterload_null)
    i.__scatterload_zeroinit                 0x08002dd0   Section       14  handlers.o(i.__scatterload_zeroinit)
    i._printf_core                           0x08002dde   Section        0  printfb.o(i._printf_core)
    _printf_core                             0x08002ddf   Thumb Code    34  printfb.o(i._printf_core)
    i.delay_10us                             0x08002e00   Section        0  ltm022a69b.o(i.delay_10us)
    i.fputc                                  0x08002e04   Section        0  lcd_log.o(i.fputc)
    i.lcd_ctrl_port_init                     0x08002f00   Section        0  ltm022a69b.o(i.lcd_ctrl_port_init)
    i.main                                   0x08002f3c   Section        0  app.o(i.main)
    .constdata                               0x08002f7c   Section       80  stm32_eval.o(.constdata)
    .constdata                               0x08002fcc   Section     4560  ltm022a69b.o(.constdata)
    .constdata                               0x0800419c   Section     2304  ltm022a69b.o(.constdata)
    .constdata                               0x08004a9c   Section     2304  ltm022a69b.o(.constdata)
    .data                                    0x20000000   Section        4  stm32fxxx_it.o(.data)
    HID_Buffer                               0x20000000   Data           4  stm32fxxx_it.o(.data)
    .data                                    0x20000004   Section       28  usbd_usr.o(.data)
    .data                                    0x20000020   Section       28  usbd_desc.o(.data)
    .data                                    0x2000003c   Section       22  usbd_desc.o(.data)
    .data                                    0x20000054   Section       10  usbd_desc.o(.data)
    .data                                    0x20000060   Section       20  system_stm32f2xx.o(.data)
    .data                                    0x20000074   Section       44  stm32_eval.o(.data)
    .data                                    0x200000a0   Section       18  lcd_log.o(.data)
    .data                                    0x200000b4   Section       20  ltm022a69b.o(.data)
    TextColor                                0x200000b4   Data           2  ltm022a69b.o(.data)
    BackColor                                0x200000b6   Data           2  ltm022a69b.o(.data)
    p                                        0x200000b8   Data           4  ltm022a69b.o(.data)
    LCD_Currentfonts                         0x200000bc   Data           4  ltm022a69b.o(.data)
    .data                                    0x200000c8   Section        8  ltm022a69b.o(.data)
    .data                                    0x200000d0   Section        8  ltm022a69b.o(.data)
    .data                                    0x200000d8   Section       16  usbd_req.o(.data)
    cfgidx                                   0x200000d8   Data           1  usbd_req.o(.data)
    .data                                    0x200000e8   Section       44  usbd_core.o(.data)
    .data                                    0x20000114   Section        4  usbd_core.o(.data)
    .data                                    0x20000118   Section       48  usbd_hid_core.o(.data)
    .data                                    0x20000148   Section      122  usbd_hid_core.o(.data)
    USBD_HID_AltSet                          0x20000148   Data           4  usbd_hid_core.o(.data)
    USBD_HID_Protocol                        0x2000014c   Data           4  usbd_hid_core.o(.data)
    USBD_HID_IdleState                       0x20000150   Data           4  usbd_hid_core.o(.data)
    USBD_HID_CfgDesc                         0x20000154   Data          34  usbd_hid_core.o(.data)
    HID_MOUSE_ReportDesc                     0x20000178   Data          74  usbd_hid_core.o(.data)
    .data                                    0x200001c4   Section        4  stdout.o(.data)
    .bss                                     0x200001c8   Section     1520  app.o(.bss)
    .bss                                     0x200007b8   Section      468  lcd_log.o(.bss)
    .bss                                     0x2000098c   Section       64  usbd_req.o(.bss)
    STACK                                    0x200009d0   Section     1024  startup_stm32f2xx.o(STACK)

    Global Symbols

    Symbol Name                              Value     Ov Type        Size  Object(Section)

    BuildAttributes$$THM_ISAv4$P$D$K$B$S$PE$A:L22UL41UL21$X:L11$S22US41US21$IEEE1$IW$USESV6$~STKCKD$USESV7$~SHL$OSPACE$ROPI$EBA8$MICROLIB$REQ8$PRES8$EABIv2 0x00000000   Number         0  anon$$obj.o ABSOLUTE
    __ARM_use_no_argv                        0x00000000   Number         0  app.o ABSOLUTE
    __cpp_initialize__aeabi_                  - Undefined Weak Reference
    __cxa_finalize                            - Undefined Weak Reference
    _clock_init                               - Undefined Weak Reference
    _microlib_exit                            - Undefined Weak Reference
    __Vectors_Size                           0x00000184   Number         0  startup_stm32f2xx.o ABSOLUTE
    __Vectors                                0x08000000   Data           4  startup_stm32f2xx.o(RESET)
    __Vectors_End                            0x08000184   Data           0  startup_stm32f2xx.o(RESET)
    __main                                   0x08000185   Thumb Code     0  entry.o(.ARM.Collect$$$$00000000)
    _main_stk                                0x08000185   Thumb Code     0  entry2.o(.ARM.Collect$$$$00000001)
    _main_scatterload                        0x08000189   Thumb Code     0  entry5.o(.ARM.Collect$$$$00000004)
    __main_after_scatterload                 0x0800018d   Thumb Code     0  entry5.o(.ARM.Collect$$$$00000004)
    _main_clock                              0x0800018d   Thumb Code     0  entry7b.o(.ARM.Collect$$$$00000008)
    _main_cpp_init                           0x0800018d   Thumb Code     0  entry8b.o(.ARM.Collect$$$$0000000A)
    _main_init                               0x0800018d   Thumb Code     0  entry9a.o(.ARM.Collect$$$$0000000B)
    __rt_final_cpp                           0x08000195   Thumb Code     0  entry10a.o(.ARM.Collect$$$$0000000D)
    __rt_final_exit                          0x08000195   Thumb Code     0  entry11a.o(.ARM.Collect$$$$0000000F)
    Reset_Handler                            0x08000199   Thumb Code     8  startup_stm32f2xx.o(.text)
    ADC_IRQHandler                           0x080001b3   Thumb Code     0  startup_stm32f2xx.o(.text)
    CAN1_RX0_IRQHandler                      0x080001b3   Thumb Code     0  startup_stm32f2xx.o(.text)
    CAN1_RX1_IRQHandler                      0x080001b3   Thumb Code     0  startup_stm32f2xx.o(.text)
    CAN1_SCE_IRQHandler                      0x080001b3   Thumb Code     0  startup_stm32f2xx.o(.text)
    CAN1_TX_IRQHandler                       0x080001b3   Thumb Code     0  startup_stm32f2xx.o(.text)
    CAN2_RX0_IRQHandler                      0x080001b3   Thumb Code     0  startup_stm32f2xx.o(.text)
    CAN2_RX1_IRQHandler                      0x080001b3   Thumb Code     0  startup_stm32f2xx.o(.text)
    CAN2_SCE_IRQHandler                      0x080001b3   Thumb Code     0  startup_stm32f2xx.o(.text)
    CAN2_TX_IRQHandler                       0x080001b3   Thumb Code     0  startup_stm32f2xx.o(.text)
    CRYP_IRQHandler                          0x080001b3   Thumb Code     0  startup_stm32f2xx.o(.text)
    DCMI_IRQHandler                          0x080001b3   Thumb Code     0  startup_stm32f2xx.o(.text)
    DMA1_Stream0_IRQHandler                  0x080001b3   Thumb Code     0  startup_stm32f2xx.o(.text)
    DMA1_Stream1_IRQHandler                  0x080001b3   Thumb Code     0  startup_stm32f2xx.o(.text)
    DMA1_Stream2_IRQHandler                  0x080001b3   Thumb Code     0  startup_stm32f2xx.o(.text)
    DMA1_Stream3_IRQHandler                  0x080001b3   Thumb Code     0  startup_stm32f2xx.o(.text)
    DMA1_Stream4_IRQHandler                  0x080001b3   Thumb Code     0  startup_stm32f2xx.o(.text)
    DMA1_Stream5_IRQHandler                  0x080001b3   Thumb Code     0  startup_stm32f2xx.o(.text)
    DMA1_Stream6_IRQHandler                  0x080001b3   Thumb Code     0  startup_stm32f2xx.o(.text)
    DMA1_Stream7_IRQHandler                  0x080001b3   Thumb Code     0  startup_stm32f2xx.o(.text)
    DMA2_Stream0_IRQHandler                  0x080001b3   Thumb Code     0  startup_stm32f2xx.o(.text)
    DMA2_Stream1_IRQHandler                  0x080001b3   Thumb Code     0  startup_stm32f2xx.o(.text)
    DMA2_Stream2_IRQHandler                  0x080001b3   Thumb Code     0  startup_stm32f2xx.o(.text)
    DMA2_Stream3_IRQHandler                  0x080001b3   Thumb Code     0  startup_stm32f2xx.o(.text)
    DMA2_Stream4_IRQHandler                  0x080001b3   Thumb Code     0  startup_stm32f2xx.o(.text)
    DMA2_Stream5_IRQHandler                  0x080001b3   Thumb Code     0  startup_stm32f2xx.o(.text)
    DMA2_Stream6_IRQHandler                  0x080001b3   Thumb Code     0  startup_stm32f2xx.o(.text)
    DMA2_Stream7_IRQHandler                  0x080001b3   Thumb Code     0  startup_stm32f2xx.o(.text)
    ETH_IRQHandler                           0x080001b3   Thumb Code     0  startup_stm32f2xx.o(.text)
    ETH_WKUP_IRQHandler                      0x080001b3   Thumb Code     0  startup_stm32f2xx.o(.text)
    EXTI0_IRQHandler                         0x080001b3   Thumb Code     0  startup_stm32f2xx.o(.text)
    EXTI1_IRQHandler                         0x080001b3   Thumb Code     0  startup_stm32f2xx.o(.text)
    EXTI2_IRQHandler                         0x080001b3   Thumb Code     0  startup_stm32f2xx.o(.text)
    EXTI3_IRQHandler                         0x080001b3   Thumb Code     0  startup_stm32f2xx.o(.text)
    EXTI4_IRQHandler                         0x080001b3   Thumb Code     0  startup_stm32f2xx.o(.text)
    EXTI9_5_IRQHandler                       0x080001b3   Thumb Code     0  startup_stm32f2xx.o(.text)
    FLASH_IRQHandler                         0x080001b3   Thumb Code     0  startup_stm32f2xx.o(.text)
    FSMC_IRQHandler                          0x080001b3   Thumb Code     0  startup_stm32f2xx.o(.text)
    HASH_RNG_IRQHandler                      0x080001b3   Thumb Code     0  startup_stm32f2xx.o(.text)
    I2C1_ER_IRQHandler                       0x080001b3   Thumb Code     0  startup_stm32f2xx.o(.text)
    I2C1_EV_IRQHandler                       0x080001b3   Thumb Code     0  startup_stm32f2xx.o(.text)
    I2C2_ER_IRQHandler                       0x080001b3   Thumb Code     0  startup_stm32f2xx.o(.text)
    I2C2_EV_IRQHandler                       0x080001b3   Thumb Code     0  startup_stm32f2xx.o(.text)
    I2C3_ER_IRQHandler                       0x080001b3   Thumb Code     0  startup_stm32f2xx.o(.text)
    I2C3_EV_IRQHandler                       0x080001b3   Thumb Code     0  startup_stm32f2xx.o(.text)
    OTG_FS_IRQHandler                        0x080001b3   Thumb Code     0  startup_stm32f2xx.o(.text)
    OTG_FS_WKUP_IRQHandler                   0x080001b3   Thumb Code     0  startup_stm32f2xx.o(.text)
    PVD_IRQHandler                           0x080001b3   Thumb Code     0  startup_stm32f2xx.o(.text)
    RCC_IRQHandler                           0x080001b3   Thumb Code     0  startup_stm32f2xx.o(.text)
    RTC_Alarm_IRQHandler                     0x080001b3   Thumb Code     0  startup_stm32f2xx.o(.text)
    RTC_WKUP_IRQHandler                      0x080001b3   Thumb Code     0  startup_stm32f2xx.o(.text)
    SDIO_IRQHandler                          0x080001b3   Thumb Code     0  startup_stm32f2xx.o(.text)
    SPI1_IRQHandler                          0x080001b3   Thumb Code     0  startup_stm32f2xx.o(.text)
    SPI2_IRQHandler                          0x080001b3   Thumb Code     0  startup_stm32f2xx.o(.text)
    SPI3_IRQHandler                          0x080001b3   Thumb Code     0  startup_stm32f2xx.o(.text)
    TAMP_STAMP_IRQHandler                    0x080001b3   Thumb Code     0  startup_stm32f2xx.o(.text)
    TIM1_BRK_TIM9_IRQHandler                 0x080001b3   Thumb Code     0  startup_stm32f2xx.o(.text)
    TIM1_CC_IRQHandler                       0x080001b3   Thumb Code     0  startup_stm32f2xx.o(.text)
    TIM1_TRG_COM_TIM11_IRQHandler            0x080001b3   Thumb Code     0  startup_stm32f2xx.o(.text)
    TIM1_UP_TIM10_IRQHandler                 0x080001b3   Thumb Code     0  startup_stm32f2xx.o(.text)
    TIM2_IRQHandler                          0x080001b3   Thumb Code     0  startup_stm32f2xx.o(.text)
    TIM3_IRQHandler                          0x080001b3   Thumb Code     0  startup_stm32f2xx.o(.text)
    TIM4_IRQHandler                          0x080001b3   Thumb Code     0  startup_stm32f2xx.o(.text)
    TIM5_IRQHandler                          0x080001b3   Thumb Code     0  startup_stm32f2xx.o(.text)
    TIM6_DAC_IRQHandler                      0x080001b3   Thumb Code     0  startup_stm32f2xx.o(.text)
    TIM7_IRQHandler                          0x080001b3   Thumb Code     0  startup_stm32f2xx.o(.text)
    TIM8_BRK_TIM12_IRQHandler                0x080001b3   Thumb Code     0  startup_stm32f2xx.o(.text)
    TIM8_CC_IRQHandler                       0x080001b3   Thumb Code     0  startup_stm32f2xx.o(.text)
    TIM8_TRG_COM_TIM14_IRQHandler            0x080001b3   Thumb Code     0  startup_stm32f2xx.o(.text)
    TIM8_UP_TIM13_IRQHandler                 0x080001b3   Thumb Code     0  startup_stm32f2xx.o(.text)
    UART4_IRQHandler                         0x080001b3   Thumb Code     0  startup_stm32f2xx.o(.text)
    UART5_IRQHandler                         0x080001b3   Thumb Code     0  startup_stm32f2xx.o(.text)
    USART1_IRQHandler                        0x080001b3   Thumb Code     0  startup_stm32f2xx.o(.text)
    USART2_IRQHandler                        0x080001b3   Thumb Code     0  startup_stm32f2xx.o(.text)
    USART3_IRQHandler                        0x080001b3   Thumb Code     0  startup_stm32f2xx.o(.text)
    USART6_IRQHandler                        0x080001b3   Thumb Code     0  startup_stm32f2xx.o(.text)
    WWDG_IRQHandler                          0x080001b3   Thumb Code     0  startup_stm32f2xx.o(.text)
    __scatterload                            0x080001bd   Thumb Code    28  init.o(.text)
    __scatterload_rt2                        0x080001bd   Thumb Code     0  init.o(.text)
    __decompress                             0x080001e1   Thumb Code     0  __dczerorl2.o(.text)
    __decompress1                            0x080001e1   Thumb Code    92  __dczerorl2.o(.text)
    BusFault_Handler                         0x0800023d   Thumb Code     2  stm32fxxx_it.o(i.BusFault_Handler)
    DCD_EP_Close                             0x0800023f   Thumb Code    44  usb_dcd.o(i.DCD_EP_Close)
    DCD_EP_ClrStall                          0x0800026b   Thumb Code    56  usb_dcd.o(i.DCD_EP_ClrStall)
    DCD_EP_Flush                             0x080002a3   Thumb Code    24  usb_dcd.o(i.DCD_EP_Flush)
    DCD_EP_Open                              0x080002bb   Thumb Code    60  usb_dcd.o(i.DCD_EP_Open)
    DCD_EP_PrepareRx                         0x080002f7   Thumb Code    58  usb_dcd.o(i.DCD_EP_PrepareRx)
    DCD_EP_SetAddress                        0x08000331   Thumb Code    16  usb_dcd.o(i.DCD_EP_SetAddress)
    DCD_EP_Stall                             0x08000341   Thumb Code    56  usb_dcd.o(i.DCD_EP_Stall)
    DCD_EP_Tx                                0x08000379   Thumb Code    54  usb_dcd.o(i.DCD_EP_Tx)
    DCD_Init                                 0x0800065d   Thumb Code   138  usb_dcd.o(i.DCD_Init)
    DebugMon_Handler                         0x08000761   Thumb Code     2  stm32fxxx_it.o(i.DebugMon_Handler)
    EXTI15_10_IRQHandler                     0x08000765   Thumb Code    30  stm32fxxx_it.o(i.EXTI15_10_IRQHandler)
    EXTI_ClearITPendingBit                   0x08000789   Thumb Code     6  stm32f2xx_exti.o(i.EXTI_ClearITPendingBit)
    EXTI_GetITStatus                         0x08000795   Thumb Code    28  stm32f2xx_exti.o(i.EXTI_GetITStatus)
    GPIO_Init                                0x080007b5   Thumb Code   162  stm32f2xx_gpio.o(i.GPIO_Init)
    GPIO_PinAFConfig                         0x08000857   Thumb Code    32  stm32f2xx_gpio.o(i.GPIO_PinAFConfig)
    GPIO_ReadInputDataBit                    0x08000877   Thumb Code    14  stm32f2xx_gpio.o(i.GPIO_ReadInputDataBit)
    GPIO_ResetBits                           0x08000885   Thumb Code     4  stm32f2xx_gpio.o(i.GPIO_ResetBits)
    GPIO_SetBits                             0x08000889   Thumb Code     4  stm32f2xx_gpio.o(i.GPIO_SetBits)
    HardFault_Handler                        0x0800088d   Thumb Code     2  stm32fxxx_it.o(i.HardFault_Handler)
    IOE_Config                               0x08000891   Thumb Code    98  stm322xg_eval_ioe.o(i.IOE_Config)
    IOE_JoyStickGetState                     0x080008f9   Thumb Code    64  stm322xg_eval_ioe.o(i.IOE_JoyStickGetState)
    LCD_Clear                                0x0800093d   Thumb Code   144  ltm022a69b.o(i.LCD_Clear)
    LCD_ClearLine                            0x080009d1   Thumb Code    32  ltm022a69b.o(i.LCD_ClearLine)
    LCD_DisplayChar                          0x080009f5   Thumb Code    26  ltm022a69b.o(i.LCD_DisplayChar)
    LCD_DisplayStringLine                    0x08000a15   Thumb Code    42  ltm022a69b.o(i.LCD_DisplayStringLine)
    LCD_DrawChar                             0x08000a45   Thumb Code   214  ltm022a69b.o(i.LCD_DrawChar)
    LCD_GetFont                              0x08000b25   Thumb Code     6  ltm022a69b.o(i.LCD_GetFont)
    LCD_LOG_DeInit                           0x08000b31   Thumb Code    34  lcd_log.o(i.LCD_LOG_DeInit)
    LCD_LOG_Init                             0x08000b59   Thumb Code    16  lcd_log.o(i.LCD_LOG_Init)
    LCD_LOG_SetFooter                        0x08000b69   Thumb Code   100  lcd_log.o(i.LCD_LOG_SetFooter)
    LCD_LOG_SetHeader                        0x08000bcd   Thumb Code   136  lcd_log.o(i.LCD_LOG_SetHeader)
    LCD_SetBackColor                         0x08000cfd   Thumb Code    12  ltm022a69b.o(i.LCD_SetBackColor)
    LCD_SetFont                              0x08000d0d   Thumb Code     6  ltm022a69b.o(i.LCD_SetFont)
    LCD_SetTextColor                         0x08000d19   Thumb Code    12  ltm022a69b.o(i.LCD_SetTextColor)
    LCD_WRITE_COMMAND                        0x08000d29   Thumb Code    94  ltm022a69b.o(i.LCD_WRITE_COMMAND)
    LCD_WRITE_DATA                           0x08000d8d   Thumb Code    22  ltm022a69b.o(i.LCD_WRITE_DATA)
    LCD_WRITE_REG                            0x08000da5   Thumb Code    60  ltm022a69b.o(i.LCD_WRITE_REG)
    MemManage_Handler                        0x08000de5   Thumb Code     2  stm32fxxx_it.o(i.MemManage_Handler)
    NMI_Handler                              0x08000de7   Thumb Code     2  stm32fxxx_it.o(i.NMI_Handler)
    NVIC_Init                                0x08000de9   Thumb Code    92  misc.o(i.NVIC_Init)
    NVIC_PriorityGroupConfig                 0x08000e4d   Thumb Code    10  misc.o(i.NVIC_PriorityGroupConfig)
    OTG_HS_EP1_IN_IRQHandler                 0x08000e61   Thumb Code     6  stm32fxxx_it.o(i.OTG_HS_EP1_IN_IRQHandler)
    OTG_HS_EP1_OUT_IRQHandler                0x08000e6d   Thumb Code     6  stm32fxxx_it.o(i.OTG_HS_EP1_OUT_IRQHandler)
    OTG_HS_IRQHandler                        0x08000e79   Thumb Code     6  stm32fxxx_it.o(i.OTG_HS_IRQHandler)
    OTG_HS_WKUP_IRQHandler                   0x08000e85   Thumb Code    40  stm32fxxx_it.o(i.OTG_HS_WKUP_IRQHandler)
    PendSV_Handler                           0x08000eb5   Thumb Code     2  stm32fxxx_it.o(i.PendSV_Handler)
    RCC_AHB1PeriphClockCmd                   0x08000eb9   Thumb Code    18  stm32f2xx_rcc.o(i.RCC_AHB1PeriphClockCmd)
    RCC_APB1PeriphResetCmd                   0x08000ed1   Thumb Code    18  stm32f2xx_rcc.o(i.RCC_APB1PeriphResetCmd)
    RCC_APB2PeriphClockCmd                   0x08000ee9   Thumb Code    18  stm32f2xx_rcc.o(i.RCC_APB2PeriphClockCmd)
    RCC_APB2PeriphResetCmd                   0x08000f01   Thumb Code    18  stm32f2xx_rcc.o(i.RCC_APB2PeriphResetCmd)
    SPI0_Init                                0x08000f19   Thumb Code   166  ltm022a69b.o(i.SPI0_Init)
    SPI0_communication                       0x08000fcd   Thumb Code    48  ltm022a69b.o(i.SPI0_communication)
    SPI_Cmd                                  0x08001001   Thumb Code    20  stm32f2xx_spi.o(i.SPI_Cmd)
    SPI_I2S_DeInit                           0x08001015   Thumb Code    72  stm32f2xx_spi.o(i.SPI_I2S_DeInit)
    SPI_I2S_GetFlagStatus                    0x08001069   Thumb Code    14  stm32f2xx_spi.o(i.SPI_I2S_GetFlagStatus)
    SPI_I2S_ReceiveData                      0x08001077   Thumb Code     4  stm32f2xx_spi.o(i.SPI_I2S_ReceiveData)
    SPI_I2S_SendData                         0x0800107b   Thumb Code     4  stm32f2xx_spi.o(i.SPI_I2S_SendData)
    SPI_Init                                 0x0800107f   Thumb Code    56  stm32f2xx_spi.o(i.SPI_Init)
    STM322xG_LCD_Init                        0x080010b9   Thumb Code   580  ltm022a69b.o(i.STM322xG_LCD_Init)
    STM_EVAL_LEDInit                         0x08001301   Thumb Code    62  stm32_eval.o(i.STM_EVAL_LEDInit)
    STM_EVAL_LEDToggle                       0x08001349   Thumb Code    20  stm32_eval.o(i.STM_EVAL_LEDToggle)
    SVC_Handler                              0x08001365   Thumb Code     2  stm32fxxx_it.o(i.SVC_Handler)
    SysTick_Handler                          0x08001401   Thumb Code    84  stm32fxxx_it.o(i.SysTick_Handler)
    SystemInit                               0x0800145d   Thumb Code    62  system_stm32f2xx.o(i.SystemInit)
    USBD_ClrCfg                              0x080014ad   Thumb Code    14  usbd_core.o(i.USBD_ClrCfg)
    USBD_CtlContinueRx                       0x080014bb   Thumb Code    18  usbd_ioreq.o(i.USBD_CtlContinueRx)
    USBD_CtlContinueSendData                 0x080014cd   Thumb Code    18  usbd_ioreq.o(i.USBD_CtlContinueSendData)
    USBD_CtlError                            0x080014df   Thumb Code    36  usbd_req.o(i.USBD_CtlError)
    USBD_CtlReceiveStatus                    0x08001503   Thumb Code    34  usbd_ioreq.o(i.USBD_CtlReceiveStatus)
    USBD_CtlSendData                         0x08001525   Thumb Code    32  usbd_ioreq.o(i.USBD_CtlSendData)
    USBD_CtlSendStatus                       0x08001545   Thumb Code    34  usbd_ioreq.o(i.USBD_CtlSendStatus)
    USBD_GetString                           0x0800179d   Thumb Code    70  usbd_req.o(i.USBD_GetString)
    USBD_HID_SendReport                      0x0800182f   Thumb Code    24  usbd_hid_core.o(i.USBD_HID_SendReport)
    USBD_Init                                0x080018ed   Thumb Code    54  usbd_core.o(i.USBD_Init)
    USBD_OTG_EP1IN_ISR_Handler               0x08001941   Thumb Code   136  usb_dcd_int.o(i.USBD_OTG_EP1IN_ISR_Handler)
    USBD_OTG_EP1OUT_ISR_Handler              0x080019cd   Thumb Code    84  usb_dcd_int.o(i.USBD_OTG_EP1OUT_ISR_Handler)
    USBD_OTG_ISR_Handler                     0x08001a25   Thumb Code   376  usb_dcd_int.o(i.USBD_OTG_ISR_Handler)
    USBD_ParseSetupRequest                   0x08001ba5   Thumb Code    68  usbd_req.o(i.USBD_ParseSetupRequest)
    USBD_SetCfg                              0x08001c3d   Thumb Code    26  usbd_core.o(i.USBD_SetCfg)
    USBD_StdDevReq                           0x08001d85   Thumb Code   238  usbd_req.o(i.USBD_StdDevReq)
    USBD_StdEPReq                            0x08001e79   Thumb Code   208  usbd_req.o(i.USBD_StdEPReq)
    USBD_StdItfReq                           0x08001f4d   Thumb Code    54  usbd_req.o(i.USBD_StdItfReq)
    USBD_USR_ConfigStrDescriptor             0x08001f99   Thumb Code    16  usbd_desc.o(i.USBD_USR_ConfigStrDescriptor)
    USBD_USR_DeviceConfigured                0x08001fb9   Thumb Code    14  usbd_usr.o(i.USBD_USR_DeviceConfigured)
    USBD_USR_DeviceConnected                 0x08001fe9   Thumb Code    14  usbd_usr.o(i.USBD_USR_DeviceConnected)
    USBD_USR_DeviceDescriptor                0x08002019   Thumb Code     8  usbd_desc.o(i.USBD_USR_DeviceDescriptor)
    USBD_USR_DeviceDisconnected              0x08002025   Thumb Code    14  usbd_usr.o(i.USBD_USR_DeviceDisconnected)
    USBD_USR_DeviceReset                     0x08002055   Thumb Code    20  usbd_usr.o(i.USBD_USR_DeviceReset)
    USBD_USR_DeviceResumed                   0x080020d5   Thumb Code    14  usbd_usr.o(i.USBD_USR_DeviceResumed)
    USBD_USR_DeviceSuspended                 0x08002105   Thumb Code    14  usbd_usr.o(i.USBD_USR_DeviceSuspended)
    USBD_USR_Init                            0x08002139   Thumb Code   128  usbd_usr.o(i.USBD_USR_Init)
    USBD_USR_InterfaceStrDescriptor          0x0800224d   Thumb Code    16  usbd_desc.o(i.USBD_USR_InterfaceStrDescriptor)
    USBD_USR_LangIDStrDescriptor             0x08002271   Thumb Code     8  usbd_desc.o(i.USBD_USR_LangIDStrDescriptor)
    USBD_USR_ManufacturerStrDescriptor       0x0800227d   Thumb Code    16  usbd_desc.o(i.USBD_USR_ManufacturerStrDescriptor)
    USBD_USR_ProductStrDescriptor            0x080022a5   Thumb Code    24  usbd_desc.o(i.USBD_USR_ProductStrDescriptor)
    USBD_USR_SerialStrDescriptor             0x080022e9   Thumb Code    24  usbd_desc.o(i.USBD_USR_SerialStrDescriptor)
    USB_OTG_ActiveRemoteWakeup               0x08002325   Thumb Code    66  usb_core.o(i.USB_OTG_ActiveRemoteWakeup)
    USB_OTG_BSP_EnableInterrupt              0x08002367   Thumb Code   104  usb_bsp.o(i.USB_OTG_BSP_EnableInterrupt)
    USB_OTG_BSP_Init                         0x080023d1   Thumb Code   298  usb_bsp.o(i.USB_OTG_BSP_Init)
    USB_OTG_BSP_mDelay                       0x08002509   Thumb Code    10  usb_bsp.o(i.USB_OTG_BSP_mDelay)
    USB_OTG_BSP_uDelay                       0x08002513   Thumb Code    22  usb_bsp.o(i.USB_OTG_BSP_uDelay)
    USB_OTG_CoreInit                         0x08002529   Thumb Code   218  usb_core.o(i.USB_OTG_CoreInit)
    USB_OTG_CoreInitDev                      0x08002605   Thumb Code   338  usb_core.o(i.USB_OTG_CoreInitDev)
    USB_OTG_DisableGlobalInt                 0x080027b1   Thumb Code    16  usb_core.o(i.USB_OTG_DisableGlobalInt)
    USB_OTG_EP0Activate                      0x080027c1   Thumb Code    58  usb_core.o(i.USB_OTG_EP0Activate)
    USB_OTG_EP0StartXfer                     0x080027fd   Thumb Code   182  usb_core.o(i.USB_OTG_EP0StartXfer)
    USB_OTG_EP0_OutStart                     0x080028b5   Thumb Code    32  usb_core.o(i.USB_OTG_EP0_OutStart)
    USB_OTG_EPActivate                       0x080028d9   Thumb Code   104  usb_core.o(i.USB_OTG_EPActivate)
    USB_OTG_EPClearStall                     0x08002941   Thumb Code    50  usb_core.o(i.USB_OTG_EPClearStall)
    USB_OTG_EPDeactivate                     0x08002973   Thumb Code    78  usb_core.o(i.USB_OTG_EPDeactivate)
    USB_OTG_EPSetStall                       0x080029c1   Thumb Code    48  usb_core.o(i.USB_OTG_EPSetStall)
    USB_OTG_EPStartXfer                      0x080029f1   Thumb Code   290  usb_core.o(i.USB_OTG_EPStartXfer)
    USB_OTG_EnableDevInt                     0x08002b15   Thumb Code    62  usb_core.o(i.USB_OTG_EnableDevInt)
    USB_OTG_EnableGlobalInt                  0x08002b59   Thumb Code    16  usb_core.o(i.USB_OTG_EnableGlobalInt)
    USB_OTG_FlushRxFifo                      0x08002b69   Thumb Code    52  usb_core.o(i.USB_OTG_FlushRxFifo)
    USB_OTG_FlushTxFifo                      0x08002ba1   Thumb Code    60  usb_core.o(i.USB_OTG_FlushTxFifo)
    USB_OTG_GetDeviceSpeed                   0x08002be1   Thumb Code    38  usb_core.o(i.USB_OTG_GetDeviceSpeed)
    USB_OTG_InitDevSpeed                     0x08002c07   Thumb Code    12  usb_core.o(i.USB_OTG_InitDevSpeed)
    USB_OTG_IsDeviceMode                     0x08002c13   Thumb Code    18  usb_core.o(i.USB_OTG_IsDeviceMode)
    USB_OTG_ReadCoreItr                      0x08002c25   Thumb Code    10  usb_core.o(i.USB_OTG_ReadCoreItr)
    USB_OTG_ReadDevAllInEPItr                0x08002c2f   Thumb Code    12  usb_core.o(i.USB_OTG_ReadDevAllInEPItr)
    USB_OTG_ReadDevAllOutEp_itr              0x08002c3b   Thumb Code    12  usb_core.o(i.USB_OTG_ReadDevAllOutEp_itr)
    USB_OTG_ReadDevOutEP_itr                 0x08002c47   Thumb Code    16  usb_core.o(i.USB_OTG_ReadDevOutEP_itr)
    USB_OTG_ReadPacket                       0x08002c57   Thumb Code    32  usb_core.o(i.USB_OTG_ReadPacket)
    USB_OTG_SelectCore                       0x08002c79   Thumb Code   192  usb_core.o(i.USB_OTG_SelectCore)
    USB_OTG_SetCurrentMode                   0x08002d3d   Thumb Code    42  usb_core.o(i.USB_OTG_SetCurrentMode)
    USB_OTG_UngateClock                      0x08002d67   Thumb Code    30  usb_core.o(i.USB_OTG_UngateClock)
    USB_OTG_WritePacket                      0x08002d85   Thumb Code    40  usb_core.o(i.USB_OTG_WritePacket)
    UsageFault_Handler                       0x08002dad   Thumb Code     2  stm32fxxx_it.o(i.UsageFault_Handler)
    __0printf$bare                           0x08002db1   Thumb Code     8  printfb.o(i.__0printf$bare)
    __1printf$bare                           0x08002db1   Thumb Code     0  printfb.o(i.__0printf$bare)
    __2printf                                0x08002db1   Thumb Code     0  printfb.o(i.__0printf$bare)
    __scatterload_copy                       0x08002dc1   Thumb Code    14  handlers.o(i.__scatterload_copy)
    __scatterload_null                       0x08002dcf   Thumb Code     2  handlers.o(i.__scatterload_null)
    __scatterload_zeroinit                   0x08002dd1   Thumb Code    14  handlers.o(i.__scatterload_zeroinit)
    delay_10us                               0x08002e01   Thumb Code     2  ltm022a69b.o(i.delay_10us)
    fputc                                    0x08002e05   Thumb Code   244  lcd_log.o(i.fputc)
    lcd_ctrl_port_init                       0x08002f01   Thumb Code    54  ltm022a69b.o(i.lcd_ctrl_port_init)
    main                                     0x08002f3d   Thumb Code    46  app.o(i.main)
    COM_TX_PIN_SOURCE                        0x08002f7c   Data           1  stm32_eval.o(.constdata)
    COM_RX_PIN_SOURCE                        0x08002f7d   Data           1  stm32_eval.o(.constdata)
    COM_TX_AF                                0x08002f7e   Data           1  stm32_eval.o(.constdata)
    COM_RX_AF                                0x08002f7f   Data           1  stm32_eval.o(.constdata)
    COM_TX_PIN                               0x08002f80   Data           2  stm32_eval.o(.constdata)
    COM_RX_PIN                               0x08002f82   Data           2  stm32_eval.o(.constdata)
    BUTTON_PORT_SOURCE                       0x08002f84   Data           3  stm32_eval.o(.constdata)
    BUTTON_PIN_SOURCE                        0x08002f87   Data           3  stm32_eval.o(.constdata)
    BUTTON_IRQn                              0x08002f8a   Data           3  stm32_eval.o(.constdata)
    COM_USART_CLK                            0x08002f90   Data           4  stm32_eval.o(.constdata)
    COM_TX_PORT_CLK                          0x08002f94   Data           4  stm32_eval.o(.constdata)
    COM_RX_PORT_CLK                          0x08002f98   Data           4  stm32_eval.o(.constdata)
    BUTTON_PIN                               0x08002f9c   Data           6  stm32_eval.o(.constdata)
    BUTTON_EXTI_LINE                         0x08002fa2   Data           6  stm32_eval.o(.constdata)
    GPIO_PIN                                 0x08002fa8   Data           8  stm32_eval.o(.constdata)
    GPIO_CLK                                 0x08002fb0   Data          16  stm32_eval.o(.constdata)
    BUTTON_CLK                               0x08002fc0   Data          12  stm32_eval.o(.constdata)
    ASCII16x24_Table                         0x08002fcc   Data        4560  ltm022a69b.o(.constdata)
    ASCII12x12_Table                         0x0800419c   Data        2304  ltm022a69b.o(.constdata)
    ASCII8x12_Table                          0x08004a9c   Data        2304  ltm022a69b.o(.constdata)
    Region$$Table$$Base                      0x0800539c   Number         0  anon$$obj.o(Region$$Table)
    Region$$Table$$Limit                     0x080053bc   Number         0  anon$$obj.o(Region$$Table)
    USR_cb                                   0x20000004   Data          28  usbd_usr.o(.data)
    USR_desc                                 0x20000020   Data          28  usbd_desc.o(.data)
    USBD_LangIDDesc                          0x2000003c   Data           4  usbd_desc.o(.data)
    USBD_DeviceDesc                          0x20000040   Data          18  usbd_desc.o(.data)
    USBD_DeviceQualifierDesc                 0x20000054   Data          10  usbd_desc.o(.data)
    SystemCoreClock                          0x20000060   Data           4  system_stm32f2xx.o(.data)
    AHBPrescTable                            0x20000064   Data          16  system_stm32f2xx.o(.data)
    COM_USART                                0x20000074   Data           4  stm32_eval.o(.data)
    COM_TX_PORT                              0x20000078   Data           4  stm32_eval.o(.data)
    COM_RX_PORT                              0x2000007c   Data           4  stm32_eval.o(.data)
    NVIC_InitStructure                       0x20000080   Data           4  stm32_eval.o(.data)
    GPIO_PORT                                0x20000084   Data          16  stm32_eval.o(.data)
    BUTTON_PORT                              0x20000094   Data          12  stm32_eval.o(.data)
    LCD_CacheBuffer_yptr_invert              0x200000a0   Data           1  lcd_log.o(.data)
    LCD_ScrollActive                         0x200000a1   Data           1  lcd_log.o(.data)
    LCD_Lock                                 0x200000a2   Data           1  lcd_log.o(.data)
    LCD_Scrolled                             0x200000a3   Data           1  lcd_log.o(.data)
    LCD_LineColor                            0x200000a4   Data           2  lcd_log.o(.data)
    LCD_CacheBuffer_xptr                     0x200000a6   Data           2  lcd_log.o(.data)
    LCD_CacheBuffer_yptr_top                 0x200000a8   Data           2  lcd_log.o(.data)
    LCD_CacheBuffer_yptr_bottom              0x200000aa   Data           2  lcd_log.o(.data)
    LCD_CacheBuffer_yptr_top_bak             0x200000ac   Data           2  lcd_log.o(.data)
    LCD_CacheBuffer_yptr_bottom_bak          0x200000ae   Data           2  lcd_log.o(.data)
    LCD_ScrollBackStep                       0x200000b0   Data           2  lcd_log.o(.data)
    Font16x24                                0x200000c0   Data           8  ltm022a69b.o(.data)
    Font12x12                                0x200000c8   Data           8  ltm022a69b.o(.data)
    Font8x12                                 0x200000d0   Data           8  ltm022a69b.o(.data)
    USBD_ep_status                           0x200000dc   Data           4  usbd_req.o(.data)
    USBD_default_cfg                         0x200000e0   Data           4  usbd_req.o(.data)
    USBD_cfg_status                          0x200000e4   Data           4  usbd_req.o(.data)
    USBD_DCD_INT_cb                          0x200000e8   Data          44  usbd_core.o(.data)
    USBD_DCD_INT_fops                        0x20000114   Data           4  usbd_core.o(.data)
    USBD_HID_cb                              0x20000118   Data          48  usbd_hid_core.o(.data)
    __stdout                                 0x200001c4   Data           4  stdout.o(.data)
    USB_OTG_dev                              0x200001c8   Data        1520  app.o(.bss)
    LCD_CacheBuffer                          0x200007b8   Data         468  lcd_log.o(.bss)
    USBD_StrDesc                             0x2000098c   Data          64  usbd_req.o(.bss)
    __initial_sp                             0x20000dd0   Data           0  startup_stm32f2xx.o(STACK)



==============================================================================

Memory Map of the image

  Image Entry point : 0x08000185

  Load Region LR_IROM1 (Base: 0x08000000, Size: 0x00005584, Max: 0x00100000, ABSOLUTE, COMPRESSED[0x000054f0])

    Execution Region ER_IROM1 (Base: 0x08000000, Size: 0x000053bc, Max: 0x00100000, ABSOLUTE)

    Base Addr    Size         Type   Attr      Idx    E Section Name        Object

    0x08000000   0x00000184   Data   RO          504    RESET               startup_stm32f2xx.o
    0x08000184   0x00000000   Code   RO         3171  * .ARM.Collect$$$$00000000  mc_w.l(entry.o)
    0x08000184   0x00000004   Code   RO         3434    .ARM.Collect$$$$00000001  mc_w.l(entry2.o)
    0x08000188   0x00000004   Code   RO         3437    .ARM.Collect$$$$00000004  mc_w.l(entry5.o)
    0x0800018c   0x00000000   Code   RO         3439    .ARM.Collect$$$$00000008  mc_w.l(entry7b.o)
    0x0800018c   0x00000000   Code   RO         3441    .ARM.Collect$$$$0000000A  mc_w.l(entry8b.o)
    0x0800018c   0x00000008   Code   RO         3442    .ARM.Collect$$$$0000000B  mc_w.l(entry9a.o)
    0x08000194   0x00000000   Code   RO         3444    .ARM.Collect$$$$0000000D  mc_w.l(entry10a.o)
    0x08000194   0x00000000   Code   RO         3446    .ARM.Collect$$$$0000000F  mc_w.l(entry11a.o)
    0x08000194   0x00000004   Code   RO         3435    .ARM.Collect$$$$00002712  mc_w.l(entry2.o)
    0x08000198   0x00000024   Code   RO          505    .text               startup_stm32f2xx.o
    0x080001bc   0x00000024   Code   RO         3464    .text               mc_w.l(init.o)
    0x080001e0   0x0000005c   Code   RO         3482    .text               mc_w.l(__dczerorl2.o)
    0x0800023c   0x00000002   Code   RO          158    i.BusFault_Handler  stm32fxxx_it.o
    0x0800023e   0x0000002c   Code   RO         3089    i.DCD_EP_Close      usb_dcd.o
    0x0800026a   0x00000038   Code   RO         3090    i.DCD_EP_ClrStall   usb_dcd.o
    0x080002a2   0x00000018   Code   RO         3091    i.DCD_EP_Flush      usb_dcd.o
    0x080002ba   0x0000003c   Code   RO         3092    i.DCD_EP_Open       usb_dcd.o
    0x080002f6   0x0000003a   Code   RO         3093    i.DCD_EP_PrepareRx  usb_dcd.o
    0x08000330   0x00000010   Code   RO         3094    i.DCD_EP_SetAddress  usb_dcd.o
    0x08000340   0x00000038   Code   RO         3095    i.DCD_EP_Stall      usb_dcd.o
    0x08000378   0x00000036   Code   RO         3096    i.DCD_EP_Tx         usb_dcd.o
    0x080003ae   0x00000002   PAD
    0x080003b0   0x000000e8   Code   RO         2820    i.DCD_HandleInEP_ISR  usb_dcd_int.o
    0x08000498   0x000000b8   Code   RO         2821    i.DCD_HandleOutEP_ISR  usb_dcd_int.o
    0x08000550   0x0000007c   Code   RO         2822    i.DCD_HandleRxStatusQueueLevel_ISR  usb_dcd_int.o
    0x080005cc   0x00000090   Code   RO         2823    i.DCD_HandleUsbReset_ISR  usb_dcd_int.o
    0x0800065c   0x0000008a   Code   RO         3098    i.DCD_Init          usb_dcd.o
    0x080006e6   0x0000007a   Code   RO         2824    i.DCD_WriteEmptyTxFifo  usb_dcd_int.o
    0x08000760   0x00000002   Code   RO          159    i.DebugMon_Handler  stm32fxxx_it.o
    0x08000762   0x00000002   PAD
    0x08000764   0x00000024   Code   RO          160    i.EXTI15_10_IRQHandler  stm32fxxx_it.o
    0x08000788   0x0000000c   Code   RO         1068    i.EXTI_ClearITPendingBit  stm32f2xx_exti.o
    0x08000794   0x00000020   Code   RO         1072    i.EXTI_GetITStatus  stm32f2xx_exti.o
    0x080007b4   0x000000a2   Code   RO         1428    i.GPIO_Init         stm32f2xx_gpio.o
    0x08000856   0x00000020   Code   RO         1429    i.GPIO_PinAFConfig  stm32f2xx_gpio.o
    0x08000876   0x0000000e   Code   RO         1432    i.GPIO_ReadInputDataBit  stm32f2xx_gpio.o
    0x08000884   0x00000004   Code   RO         1435    i.GPIO_ResetBits    stm32f2xx_gpio.o
    0x08000888   0x00000004   Code   RO         1436    i.GPIO_SetBits      stm32f2xx_gpio.o
    0x0800088c   0x00000002   Code   RO          161    i.HardFault_Handler  stm32fxxx_it.o
    0x0800088e   0x00000002   PAD
    0x08000890   0x00000068   Code   RO          667    i.IOE_Config        stm322xg_eval_ioe.o
    0x080008f8   0x00000044   Code   RO          668    i.IOE_JoyStickGetState  stm322xg_eval_ioe.o
    0x0800093c   0x00000094   Code   RO          697    i.LCD_Clear         ltm022a69b.o
    0x080009d0   0x00000024   Code   RO          698    i.LCD_ClearLine     ltm022a69b.o
    0x080009f4   0x00000020   Code   RO          699    i.LCD_DisplayChar   ltm022a69b.o
    0x08000a14   0x00000030   Code   RO          700    i.LCD_DisplayStringLine  ltm022a69b.o
    0x08000a44   0x000000e0   Code   RO          701    i.LCD_DrawChar      ltm022a69b.o
    0x08000b24   0x0000000c   Code   RO          704    i.LCD_GetFont       ltm022a69b.o
    0x08000b30   0x00000028   Code   RO          614    i.LCD_LOG_DeInit    lcd_log.o
    0x08000b58   0x00000010   Code   RO          615    i.LCD_LOG_Init      lcd_log.o
    0x08000b68   0x00000064   Code   RO          616    i.LCD_LOG_SetFooter  lcd_log.o
    0x08000bcc   0x00000090   Code   RO          617    i.LCD_LOG_SetHeader  lcd_log.o
    0x08000c5c   0x000000a0   Code   RO          618    i.LCD_LOG_UpdateDisplay  lcd_log.o
    0x08000cfc   0x00000010   Code   RO          706    i.LCD_SetBackColor  ltm022a69b.o
    0x08000d0c   0x0000000c   Code   RO          708    i.LCD_SetFont       ltm022a69b.o
    0x08000d18   0x00000010   Code   RO          709    i.LCD_SetTextColor  ltm022a69b.o
    0x08000d28   0x00000064   Code   RO          710    i.LCD_WRITE_COMMAND  ltm022a69b.o
    0x08000d8c   0x00000016   Code   RO          711    i.LCD_WRITE_DATA    ltm022a69b.o
    0x08000da2   0x00000002   PAD
    0x08000da4   0x00000040   Code   RO          712    i.LCD_WRITE_REG     ltm022a69b.o
    0x08000de4   0x00000002   Code   RO          162    i.MemManage_Handler  stm32fxxx_it.o
    0x08000de6   0x00000002   Code   RO          163    i.NMI_Handler       stm32fxxx_it.o
    0x08000de8   0x00000064   Code   RO          366    i.NVIC_Init         misc.o
    0x08000e4c   0x00000014   Code   RO          367    i.NVIC_PriorityGroupConfig  misc.o
    0x08000e60   0x0000000c   Code   RO          164    i.OTG_HS_EP1_IN_IRQHandler  stm32fxxx_it.o
    0x08000e6c   0x0000000c   Code   RO          165    i.OTG_HS_EP1_OUT_IRQHandler  stm32fxxx_it.o
    0x08000e78   0x0000000c   Code   RO          166    i.OTG_HS_IRQHandler  stm32fxxx_it.o
    0x08000e84   0x00000030   Code   RO          167    i.OTG_HS_WKUP_IRQHandler  stm32fxxx_it.o
    0x08000eb4   0x00000002   Code   RO          168    i.PendSV_Handler    stm32fxxx_it.o
    0x08000eb6   0x00000002   PAD
    0x08000eb8   0x00000018   Code   RO         1793    i.RCC_AHB1PeriphClockCmd  stm32f2xx_rcc.o
    0x08000ed0   0x00000018   Code   RO         1804    i.RCC_APB1PeriphResetCmd  stm32f2xx_rcc.o
    0x08000ee8   0x00000018   Code   RO         1805    i.RCC_APB2PeriphClockCmd  stm32f2xx_rcc.o
    0x08000f00   0x00000018   Code   RO         1807    i.RCC_APB2PeriphResetCmd  stm32f2xx_rcc.o
    0x08000f18   0x000000b4   Code   RO          714    i.SPI0_Init         ltm022a69b.o
    0x08000fcc   0x00000034   Code   RO          715    i.SPI0_communication  ltm022a69b.o
    0x08001000   0x00000014   Code   RO         2070    i.SPI_Cmd           stm32f2xx_spi.o
    0x08001014   0x00000054   Code   RO         2077    i.SPI_I2S_DeInit    stm32f2xx_spi.o
    0x08001068   0x0000000e   Code   RO         2078    i.SPI_I2S_GetFlagStatus  stm32f2xx_spi.o
    0x08001076   0x00000004   Code   RO         2081    i.SPI_I2S_ReceiveData  stm32f2xx_spi.o
    0x0800107a   0x00000004   Code   RO         2082    i.SPI_I2S_SendData  stm32f2xx_spi.o
    0x0800107e   0x00000038   Code   RO         2083    i.SPI_Init          stm32f2xx_spi.o
    0x080010b6   0x00000002   PAD
    0x080010b8   0x00000248   Code   RO          716    i.STM322xG_LCD_Init  ltm022a69b.o
    0x08001300   0x00000048   Code   RO          515    i.STM_EVAL_LEDInit  stm32_eval.o
    0x08001348   0x0000001c   Code   RO          518    i.STM_EVAL_LEDToggle  stm32_eval.o
    0x08001364   0x00000002   Code   RO          169    i.SVC_Handler       stm32fxxx_it.o
    0x08001366   0x00000002   PAD
    0x08001368   0x00000098   Code   RO          473    i.SetSysClock       system_stm32f2xx.o
    0x08001400   0x0000005c   Code   RO          170    i.SysTick_Handler   stm32fxxx_it.o
    0x0800145c   0x00000050   Code   RO          475    i.SystemInit        system_stm32f2xx.o
    0x080014ac   0x0000000e   Code   RO         2646    i.USBD_ClrCfg       usbd_core.o
    0x080014ba   0x00000012   Code   RO         2728    i.USBD_CtlContinueRx  usbd_ioreq.o
    0x080014cc   0x00000012   Code   RO         2729    i.USBD_CtlContinueSendData  usbd_ioreq.o
    0x080014de   0x00000024   Code   RO         2581    i.USBD_CtlError     usbd_req.o
    0x08001502   0x00000022   Code   RO         2731    i.USBD_CtlReceiveStatus  usbd_ioreq.o
    0x08001524   0x00000020   Code   RO         2732    i.USBD_CtlSendData  usbd_ioreq.o
    0x08001544   0x00000022   Code   RO         2733    i.USBD_CtlSendStatus  usbd_ioreq.o
    0x08001566   0x00000096   Code   RO         2647    i.USBD_DataInStage  usbd_core.o
    0x080015fc   0x00000078   Code   RO         2648    i.USBD_DataOutStage  usbd_core.o
    0x08001674   0x00000128   Code   RO         2582    i.USBD_GetDescriptor  usbd_req.o
    0x0800179c   0x00000046   Code   RO         2583    i.USBD_GetString    usbd_req.o
    0x080017e2   0x0000000c   Code   RO         2776    i.USBD_HID_DataIn   usbd_hid_core.o
    0x080017ee   0x00000016   Code   RO         2777    i.USBD_HID_DeInit   usbd_hid_core.o
    0x08001804   0x0000000c   Code   RO         2778    i.USBD_HID_GetCfgDesc  usbd_hid_core.o
    0x08001810   0x0000001e   Code   RO         2779    i.USBD_HID_Init     usbd_hid_core.o
    0x0800182e   0x00000018   Code   RO         2780    i.USBD_HID_SendReport  usbd_hid_core.o
    0x08001846   0x00000002   PAD
    0x08001848   0x000000a4   Code   RO         2781    i.USBD_HID_Setup    usbd_hid_core.o
    0x080018ec   0x00000036   Code   RO         2650    i.USBD_Init         usbd_core.o
    0x08001922   0x0000000e   Code   RO         2651    i.USBD_IsoINIncomplete  usbd_core.o
    0x08001930   0x0000000e   Code   RO         2652    i.USBD_IsoOUTIncomplete  usbd_core.o
    0x0800193e   0x00000002   PAD
    0x08001940   0x0000008c   Code   RO         2825    i.USBD_OTG_EP1IN_ISR_Handler  usb_dcd_int.o
    0x080019cc   0x00000058   Code   RO         2826    i.USBD_OTG_EP1OUT_ISR_Handler  usb_dcd_int.o
    0x08001a24   0x00000180   Code   RO         2827    i.USBD_OTG_ISR_Handler  usb_dcd_int.o
    0x08001ba4   0x00000044   Code   RO         2584    i.USBD_ParseSetupRequest  usbd_req.o
    0x08001be8   0x0000002e   Code   RO         2653    i.USBD_Reset        usbd_core.o
    0x08001c16   0x00000016   Code   RO         2654    i.USBD_Resume       usbd_core.o
    0x08001c2c   0x00000010   Code   RO         2655    i.USBD_SOF          usbd_core.o
    0x08001c3c   0x0000001a   Code   RO         2656    i.USBD_SetCfg       usbd_core.o
    0x08001c56   0x00000002   PAD
    0x08001c58   0x00000074   Code   RO         2585    i.USBD_SetConfig    usbd_req.o
    0x08001ccc   0x00000070   Code   RO         2586    i.USBD_SetFeature   usbd_req.o
    0x08001d3c   0x00000048   Code   RO         2657    i.USBD_SetupStage   usbd_core.o
    0x08001d84   0x000000f4   Code   RO         2587    i.USBD_StdDevReq    usbd_req.o
    0x08001e78   0x000000d4   Code   RO         2588    i.USBD_StdEPReq     usbd_req.o
    0x08001f4c   0x00000036   Code   RO         2589    i.USBD_StdItfReq    usbd_req.o
    0x08001f82   0x00000014   Code   RO         2658    i.USBD_Suspend      usbd_core.o
    0x08001f96   0x00000002   PAD
    0x08001f98   0x00000020   Code   RO          402    i.USBD_USR_ConfigStrDescriptor  usbd_desc.o
    0x08001fb8   0x00000030   Code   RO          289    i.USBD_USR_DeviceConfigured  usbd_usr.o
    0x08001fe8   0x00000030   Code   RO          290    i.USBD_USR_DeviceConnected  usbd_usr.o
    0x08002018   0x0000000c   Code   RO          403    i.USBD_USR_DeviceDescriptor  usbd_desc.o
    0x08002024   0x00000030   Code   RO          291    i.USBD_USR_DeviceDisconnected  usbd_usr.o
    0x08002054   0x00000080   Code   RO          292    i.USBD_USR_DeviceReset  usbd_usr.o
    0x080020d4   0x00000030   Code   RO          293    i.USBD_USR_DeviceResumed  usbd_usr.o
    0x08002104   0x00000034   Code   RO          294    i.USBD_USR_DeviceSuspended  usbd_usr.o
    0x08002138   0x00000114   Code   RO          295    i.USBD_USR_Init     usbd_usr.o
    0x0800224c   0x00000024   Code   RO          404    i.USBD_USR_InterfaceStrDescriptor  usbd_desc.o
    0x08002270   0x0000000c   Code   RO          405    i.USBD_USR_LangIDStrDescriptor  usbd_desc.o
    0x0800227c   0x00000028   Code   RO          406    i.USBD_USR_ManufacturerStrDescriptor  usbd_desc.o
    0x080022a4   0x00000044   Code   RO          407    i.USBD_USR_ProductStrDescriptor  usbd_desc.o
    0x080022e8   0x0000003c   Code   RO          408    i.USBD_USR_SerialStrDescriptor  usbd_desc.o
    0x08002324   0x00000042   Code   RO         2873    i.USB_OTG_ActiveRemoteWakeup  usb_core.o
    0x08002366   0x00000068   Code   RO          256    i.USB_OTG_BSP_EnableInterrupt  usb_bsp.o
    0x080023ce   0x00000002   PAD
    0x080023d0   0x00000138   Code   RO          257    i.USB_OTG_BSP_Init  usb_bsp.o
    0x08002508   0x0000000a   Code   RO          258    i.USB_OTG_BSP_mDelay  usb_bsp.o
    0x08002512   0x00000016   Code   RO          259    i.USB_OTG_BSP_uDelay  usb_bsp.o
    0x08002528   0x000000da   Code   RO         2874    i.USB_OTG_CoreInit  usb_core.o
    0x08002602   0x00000002   PAD
    0x08002604   0x00000152   Code   RO         2875    i.USB_OTG_CoreInitDev  usb_core.o
    0x08002756   0x00000002   PAD
    0x08002758   0x00000058   Code   RO         2876    i.USB_OTG_CoreReset  usb_core.o
    0x080027b0   0x00000010   Code   RO         2877    i.USB_OTG_DisableGlobalInt  usb_core.o
    0x080027c0   0x0000003a   Code   RO         2878    i.USB_OTG_EP0Activate  usb_core.o
    0x080027fa   0x00000002   PAD
    0x080027fc   0x000000b6   Code   RO         2879    i.USB_OTG_EP0StartXfer  usb_core.o
    0x080028b2   0x00000002   PAD
    0x080028b4   0x00000024   Code   RO         2880    i.USB_OTG_EP0_OutStart  usb_core.o
    0x080028d8   0x00000068   Code   RO         2881    i.USB_OTG_EPActivate  usb_core.o
    0x08002940   0x00000032   Code   RO         2882    i.USB_OTG_EPClearStall  usb_core.o
    0x08002972   0x0000004e   Code   RO         2883    i.USB_OTG_EPDeactivate  usb_core.o
    0x080029c0   0x00000030   Code   RO         2884    i.USB_OTG_EPSetStall  usb_core.o
    0x080029f0   0x00000122   Code   RO         2885    i.USB_OTG_EPStartXfer  usb_core.o
    0x08002b12   0x00000002   PAD
    0x08002b14   0x00000044   Code   RO         2886    i.USB_OTG_EnableDevInt  usb_core.o
    0x08002b58   0x00000010   Code   RO         2887    i.USB_OTG_EnableGlobalInt  usb_core.o
    0x08002b68   0x00000038   Code   RO         2888    i.USB_OTG_FlushRxFifo  usb_core.o
    0x08002ba0   0x00000040   Code   RO         2889    i.USB_OTG_FlushTxFifo  usb_core.o
    0x08002be0   0x00000026   Code   RO         2890    i.USB_OTG_GetDeviceSpeed  usb_core.o
    0x08002c06   0x0000000c   Code   RO         2893    i.USB_OTG_InitDevSpeed  usb_core.o
    0x08002c12   0x00000012   Code   RO         2894    i.USB_OTG_IsDeviceMode  usb_core.o
    0x08002c24   0x0000000a   Code   RO         2896    i.USB_OTG_ReadCoreItr  usb_core.o
    0x08002c2e   0x0000000c   Code   RO         2897    i.USB_OTG_ReadDevAllInEPItr  usb_core.o
    0x08002c3a   0x0000000c   Code   RO         2898    i.USB_OTG_ReadDevAllOutEp_itr  usb_core.o
    0x08002c46   0x00000010   Code   RO         2899    i.USB_OTG_ReadDevOutEP_itr  usb_core.o
    0x08002c56   0x00000020   Code   RO         2901    i.USB_OTG_ReadPacket  usb_core.o
    0x08002c76   0x00000002   PAD
    0x08002c78   0x000000c4   Code   RO         2902    i.USB_OTG_SelectCore  usb_core.o
    0x08002d3c   0x0000002a   Code   RO         2903    i.USB_OTG_SetCurrentMode  usb_core.o
    0x08002d66   0x0000001e   Code   RO         2906    i.USB_OTG_UngateClock  usb_core.o
    0x08002d84   0x00000028   Code   RO         2907    i.USB_OTG_WritePacket  usb_core.o
    0x08002dac   0x00000002   Code   RO          171    i.UsageFault_Handler  stm32fxxx_it.o
    0x08002dae   0x00000002   PAD
    0x08002db0   0x00000010   Code   RO         3175    i.__0printf$bare    mc_w.l(printfb.o)
    0x08002dc0   0x0000000e   Code   RO         3476    i.__scatterload_copy  mc_w.l(handlers.o)
    0x08002dce   0x00000002   Code   RO         3477    i.__scatterload_null  mc_w.l(handlers.o)
    0x08002dd0   0x0000000e   Code   RO         3478    i.__scatterload_zeroinit  mc_w.l(handlers.o)
    0x08002dde   0x00000022   Code   RO         3182    i._printf_core      mc_w.l(printfb.o)
    0x08002e00   0x00000002   Code   RO          718    i.delay_10us        ltm022a69b.o
    0x08002e02   0x00000002   PAD
    0x08002e04   0x000000fc   Code   RO          619    i.fputc             lcd_log.o
    0x08002f00   0x0000003c   Code   RO          720    i.lcd_ctrl_port_init  ltm022a69b.o
    0x08002f3c   0x00000040   Code   RO            1    i.main              app.o
    0x08002f7c   0x00000050   Data   RO          525    .constdata          stm32_eval.o
    0x08002fcc   0x000011d0   Data   RO          728    .constdata          ltm022a69b.o
    0x0800419c   0x00000900   Data   RO          729    .constdata          ltm022a69b.o
    0x08004a9c   0x00000900   Data   RO          730    .constdata          ltm022a69b.o
    0x0800539c   0x00000020   Data   RO         3474    Region$$Table       anon$$obj.o


    Execution Region RW_IRAM1 (Base: 0x20000000, Size: 0x00000dd0, Max: 0x00020000, ABSOLUTE, COMPRESSED[0x00000134])

    Base Addr    Size         Type   Attr      Idx    E Section Name        Object

    0x20000000   0x00000004   Data   RW          172    .data               stm32fxxx_it.o
    0x20000004   0x0000001c   Data   RW          296    .data               usbd_usr.o
    0x20000020   0x0000001c   Data   RW          409    .data               usbd_desc.o
    0x2000003c   0x00000016   Data   RW          410    .data               usbd_desc.o
    0x20000052   0x00000002   PAD
    0x20000054   0x0000000a   Data   RW          411    .data               usbd_desc.o
    0x2000005e   0x00000002   PAD
    0x20000060   0x00000014   Data   RW          476    .data               system_stm32f2xx.o
    0x20000074   0x0000002c   Data   RW          526    .data               stm32_eval.o
    0x200000a0   0x00000012   Data   RW          621    .data               lcd_log.o
    0x200000b2   0x00000002   PAD
    0x200000b4   0x00000014   Data   RW          733    .data               ltm022a69b.o
    0x200000c8   0x00000008   Data   RW          734    .data               ltm022a69b.o
    0x200000d0   0x00000008   Data   RW          735    .data               ltm022a69b.o
    0x200000d8   0x00000010   Data   RW         2591    .data               usbd_req.o
    0x200000e8   0x0000002c   Data   RW         2659    .data               usbd_core.o
    0x20000114   0x00000004   Data   RW         2660    .data               usbd_core.o
    0x20000118   0x00000030   Data   RW         2782    .data               usbd_hid_core.o
    0x20000148   0x0000007a   Data   RW         2783    .data               usbd_hid_core.o
    0x200001c2   0x00000002   PAD
    0x200001c4   0x00000004   Data   RW         3448    .data               mc_w.l(stdout.o)
    0x200001c8   0x000005f0   Zero   RW            2    .bss                app.o
    0x200007b8   0x000001d4   Zero   RW          620    .bss                lcd_log.o
    0x2000098c   0x00000040   Zero   RW         2590    .bss                usbd_req.o
    0x200009cc   0x00000004   PAD
    0x200009d0   0x00000400   Zero   RW          502    STACK               startup_stm32f2xx.o


==============================================================================

Image component sizes


      Code (inc. data)   RO Data    RW Data    ZI Data      Debug   Object Name

        64         18          0          0       1520     267645   app.o
         0          0          0          0          0         32   core_cm3.o
       712         32          0         18        468       5941   lcd_log.o
      1608         88       9168         36          0      13286   ltm022a69b.o
       120         18          0          0          0       1583   misc.o
        36          8        388          0       1024        916   startup_stm32f2xx.o
       172         10          0          0          0       2456   stm322xg_eval_ioe.o
       100         18         80         44          0       3068   stm32_eval.o
        44         10          0          0          0       1160   stm32f2xx_exti.o
       216          0          0          0          0       3419   stm32f2xx_gpio.o
        96         24          0          0          0       2324   stm32f2xx_rcc.o
       182         12          0          0          0       4135   stm32f2xx_spi.o
       228         40          0          4          0       6843   stm32fxxx_it.o
       232         30          0         20          0       1733   system_stm32f2xx.o
       448         14          0          0          0       2471   usb_bsp.o
      2234         26          0          0          0      19985   usb_core.o
       506          0          0          0          0       5867   usb_dcd.o
      1418         40          0          0          0       7526   usb_dcd_int.o
       568          0          0         48          0       8804   usbd_core.o
       260        148          0         60          0       4908   usbd_desc.o
       264         10          0        170          0       4624   usbd_hid_core.o
       136          0          0          0          0       3464   usbd_ioreq.o
      1208         48          0         16         64       7539   usbd_req.o
       648        430          0         28          0      22047   usbd_usr.o

    ----------------------------------------------------------------------
     11540       1024       9668        452       3080     401776   Object Totals
         0          0         32          0          0          0   (incl. Generated)
        40          0          0          8          4          0   (incl. Padding)

    ----------------------------------------------------------------------

      Code (inc. data)   RO Data    RW Data    ZI Data      Debug   Library Member Name

        92          0          0          0          0          0   __dczerorl2.o
         0          0          0          0          0          0   entry.o
         0          0          0          0          0          0   entry10a.o
         0          0          0          0          0          0   entry11a.o
         8          4          0          0          0          0   entry2.o
         4          0          0          0          0          0   entry5.o
         0          0          0          0          0          0   entry7b.o
         0          0          0          0          0          0   entry8b.o
         8          4          0          0          0          0   entry9a.o
        30          0          0          0          0          0   handlers.o
        36          8          0          0          0         68   init.o
        50          8          0          0          0        152   printfb.o
         0          0          0          4          0          0   stdout.o

    ----------------------------------------------------------------------
       228         24          0          4          0        220   Library Totals
         0          0          0          0          0          0   (incl. Padding)

    ----------------------------------------------------------------------

      Code (inc. data)   RO Data    RW Data    ZI Data      Debug   Library Name

       228         24          0          4          0        220   mc_w.l

    ----------------------------------------------------------------------
       228         24          0          4          0        220   Library Totals

    ----------------------------------------------------------------------

==============================================================================


      Code (inc. data)   RO Data    RW Data    ZI Data      Debug   

     11768       1048       9668        456       3080     393988   Grand Totals
     11768       1048       9668        308       3080     393988   ELF Image Totals (compressed)
     11768       1048       9668        308          0          0   ROM Totals

==============================================================================

    Total RO  Size (Code + RO Data)                21436 (  20.93kB)
    Total RW  Size (RW Data + ZI Data)              3536 (   3.45kB)
    Total ROM Size (Code + RO Data + RW Data)      21744 (  21.23kB)

==============================================================================

