ARM Linker, 5.03 [Build 24] [MDK-ARM Standard][RL-ARM]

==============================================================================

Section Cross References

    stm32fxxx_it.o(i.EXTI1_IRQHandler) refers to stm32f2xx_exti.o(i.EXTI_GetITStatus) for EXTI_GetITStatus
    stm32fxxx_it.o(i.EXTI1_IRQHandler) refers to stm32f2xx_exti.o(i.EXTI_ClearITPendingBit) for EXTI_ClearITPendingBit
    stm32fxxx_it.o(i.EXTI1_IRQHandler) refers to main.o(.bss) for USB_Host
    stm32fxxx_it.o(i.OTG_FS_IRQHandler) refers to usb_hcd_int.o(i.USBH_OTG_ISR_Handler) for USBH_OTG_ISR_Handler
    stm32fxxx_it.o(i.OTG_FS_IRQHandler) refers to main.o(.bss) for USB_OTG_Core
    stm32fxxx_it.o(i.TIM2_IRQHandler) refers to usb_bsp.o(i.USB_OTG_BSP_TimerIRQ) for USB_OTG_BSP_TimerIRQ
    usb_bsp.o(i.BSP_Delay) refers to usb_bsp.o(i.BSP_SetTime) for BSP_SetTime
    usb_bsp.o(i.BSP_Delay) refers to stm32f2xx_tim.o(i.TIM_Cmd) for TIM_Cmd
    usb_bsp.o(i.BSP_Delay) refers to usb_bsp.o(.data) for .data
    usb_bsp.o(i.BSP_SetTime) refers to stm32f2xx_tim.o(i.TIM_Cmd) for TIM_Cmd
    usb_bsp.o(i.BSP_SetTime) refers to stm32f2xx_tim.o(i.TIM_ITConfig) for TIM_ITConfig
    usb_bsp.o(i.BSP_SetTime) refers to stm32f2xx_tim.o(i.TIM_TimeBaseInit) for TIM_TimeBaseInit
    usb_bsp.o(i.BSP_SetTime) refers to stm32f2xx_tim.o(i.TIM_ClearITPendingBit) for TIM_ClearITPendingBit
    usb_bsp.o(i.BSP_SetTime) refers to stm32f2xx_tim.o(i.TIM_ARRPreloadConfig) for TIM_ARRPreloadConfig
    usb_bsp.o(i.USB_OTG_BSP_ConfigVBUS) refers to stm32f2xx_rcc.o(i.RCC_AHB1PeriphClockCmd) for RCC_AHB1PeriphClockCmd
    usb_bsp.o(i.USB_OTG_BSP_ConfigVBUS) refers to stm32f2xx_gpio.o(i.GPIO_Init) for GPIO_Init
    usb_bsp.o(i.USB_OTG_BSP_ConfigVBUS) refers to stm32f2xx_gpio.o(i.GPIO_SetBits) for GPIO_SetBits
    usb_bsp.o(i.USB_OTG_BSP_ConfigVBUS) refers to usb_bsp.o(i.USB_OTG_BSP_mDelay) for USB_OTG_BSP_mDelay
    usb_bsp.o(i.USB_OTG_BSP_DriveVBUS) refers to stm32f2xx_gpio.o(i.GPIO_ResetBits) for GPIO_ResetBits
    usb_bsp.o(i.USB_OTG_BSP_DriveVBUS) refers to stm32f2xx_gpio.o(i.GPIO_SetBits) for GPIO_SetBits
    usb_bsp.o(i.USB_OTG_BSP_EnableInterrupt) refers to misc.o(i.NVIC_PriorityGroupConfig) for NVIC_PriorityGroupConfig
    usb_bsp.o(i.USB_OTG_BSP_EnableInterrupt) refers to misc.o(i.NVIC_Init) for NVIC_Init
    usb_bsp.o(i.USB_OTG_BSP_Init) refers to stm32f2xx_rcc.o(i.RCC_AHB1PeriphClockCmd) for RCC_AHB1PeriphClockCmd
    usb_bsp.o(i.USB_OTG_BSP_Init) refers to stm32f2xx_gpio.o(i.GPIO_Init) for GPIO_Init
    usb_bsp.o(i.USB_OTG_BSP_Init) refers to stm32f2xx_gpio.o(i.GPIO_PinAFConfig) for GPIO_PinAFConfig
    usb_bsp.o(i.USB_OTG_BSP_Init) refers to stm32f2xx_rcc.o(i.RCC_APB2PeriphClockCmd) for RCC_APB2PeriphClockCmd
    usb_bsp.o(i.USB_OTG_BSP_Init) refers to stm32f2xx_rcc.o(i.RCC_AHB2PeriphClockCmd) for RCC_AHB2PeriphClockCmd
    usb_bsp.o(i.USB_OTG_BSP_Init) refers to misc.o(i.NVIC_SetVectorTable) for NVIC_SetVectorTable
    usb_bsp.o(i.USB_OTG_BSP_Init) refers to misc.o(i.NVIC_PriorityGroupConfig) for NVIC_PriorityGroupConfig
    usb_bsp.o(i.USB_OTG_BSP_Init) refers to misc.o(i.NVIC_Init) for NVIC_Init
    usb_bsp.o(i.USB_OTG_BSP_Init) refers to stm32f2xx_rcc.o(i.RCC_APB1PeriphClockCmd) for RCC_APB1PeriphClockCmd
    usb_bsp.o(i.USB_OTG_BSP_TimerIRQ) refers to stm32f2xx_tim.o(i.TIM_GetITStatus) for TIM_GetITStatus
    usb_bsp.o(i.USB_OTG_BSP_TimerIRQ) refers to stm32f2xx_tim.o(i.TIM_ClearITPendingBit) for TIM_ClearITPendingBit
    usb_bsp.o(i.USB_OTG_BSP_TimerIRQ) refers to stm32f2xx_tim.o(i.TIM_Cmd) for TIM_Cmd
    usb_bsp.o(i.USB_OTG_BSP_TimerIRQ) refers to usb_bsp.o(.data) for .data
    usb_bsp.o(i.USB_OTG_BSP_mDelay) refers to usb_bsp.o(i.BSP_Delay) for BSP_Delay
    usb_bsp.o(i.USB_OTG_BSP_uDelay) refers to usb_bsp.o(i.BSP_Delay) for BSP_Delay
    main.o(i.main) refers to usbh_core.o(i.USBH_Init) for USBH_Init
    main.o(i.main) refers to usbh_core.o(i.USBH_Process) for USBH_Process
    main.o(i.main) refers to stm32_eval.o(i.STM_EVAL_LEDToggle) for STM_EVAL_LEDToggle
    main.o(i.main) refers to usbh_usr.o(.data) for USR_cb
    main.o(i.main) refers to usbh_msc_core.o(.data) for USBH_MSC_cb
    main.o(i.main) refers to main.o(.bss) for .bss
    usbh_usr.o(i.Explore_Disk) refers to ff.o(i.f_opendir) for f_opendir
    usbh_usr.o(i.Explore_Disk) refers to ff.o(i.f_readdir) for f_readdir
    usbh_usr.o(i.Explore_Disk) refers to ltm022a69b.o(i.LCD_SetTextColor) for LCD_SetTextColor
    usbh_usr.o(i.Explore_Disk) refers to ltm022a69b.o(i.LCD_DisplayStringLine) for LCD_DisplayStringLine
    usbh_usr.o(i.Explore_Disk) refers to usbh_usr.o(i.Toggle_Leds) for Toggle_Leds
    usbh_usr.o(i.Explore_Disk) refers to usb_hcd.o(i.HCD_IsDeviceConnected) for HCD_IsDeviceConnected
    usbh_usr.o(i.Explore_Disk) refers to stm32_eval.o(i.STM_EVAL_PBGetState) for STM_EVAL_PBGetState
    usbh_usr.o(i.Explore_Disk) refers to printf8.o(i.__0printf$8) for __2printf
    usbh_usr.o(i.Explore_Disk) refers to usbh_usr.o(.bss) for .bss
[...]
    i.USB_OTG_BSP_mDelay                     0x08003400   Section        0  usb_bsp.o(i.USB_OTG_BSP_mDelay)
    i.USB_OTG_BSP_uDelay                     0x08003406   Section        0  usb_bsp.o(i.USB_OTG_BSP_uDelay)
    i.USB_OTG_CoreInit                       0x0800340c   Section        0  usb_core.o(i.USB_OTG_CoreInit)
    i.USB_OTG_CoreInitHost                   0x080034e8   Section        0  usb_core.o(i.USB_OTG_CoreInitHost)
    i.USB_OTG_CoreReset                      0x08003580   Section        0  usb_core.o(i.USB_OTG_CoreReset)
    USB_OTG_CoreReset                        0x08003581   Thumb Code    84  usb_core.o(i.USB_OTG_CoreReset)
    i.USB_OTG_DisableGlobalInt               0x080035d8   Section        0  usb_core.o(i.USB_OTG_DisableGlobalInt)
    i.USB_OTG_DriveVbus                      0x080035e8   Section        0  usb_core.o(i.USB_OTG_DriveVbus)
    i.USB_OTG_EnableGlobalInt                0x0800361c   Section        0  usb_core.o(i.USB_OTG_EnableGlobalInt)
    i.USB_OTG_EnableHostInt                  0x0800362c   Section        0  usb_core.o(i.USB_OTG_EnableHostInt)
    i.USB_OTG_FlushRxFifo                    0x08003670   Section        0  usb_core.o(i.USB_OTG_FlushRxFifo)
    i.USB_OTG_FlushTxFifo                    0x080036a8   Section        0  usb_core.o(i.USB_OTG_FlushTxFifo)
    i.USB_OTG_HC_DoPing                      0x080036e8   Section        0  usb_core.o(i.USB_OTG_HC_DoPing)
    i.USB_OTG_HC_Halt                        0x08003712   Section        0  usb_core.o(i.USB_OTG_HC_Halt)
    i.USB_OTG_HC_Init                        0x0800374e   Section        0  usb_core.o(i.USB_OTG_HC_Init)
    i.USB_OTG_HC_StartXfer                   0x0800383a   Section        0  usb_core.o(i.USB_OTG_HC_StartXfer)
    i.USB_OTG_InitFSLSPClkSel                0x0800393c   Section        0  usb_core.o(i.USB_OTG_InitFSLSPClkSel)
    i.USB_OTG_IsEvenFrame                    0x08003948   Section        0  usb_core.o(i.USB_OTG_IsEvenFrame)
    i.USB_OTG_IsHostMode                     0x08003954   Section        0  usb_core.o(i.USB_OTG_IsHostMode)
    i.USB_OTG_ReadCoreItr                    0x08003962   Section        0  usb_core.o(i.USB_OTG_ReadCoreItr)
    i.USB_OTG_ReadHPRT0                      0x0800396c   Section        0  usb_core.o(i.USB_OTG_ReadHPRT0)
    i.USB_OTG_ReadHostAllChannels_intr       0x08003978   Section        0  usb_core.o(i.USB_OTG_ReadHostAllChannels_intr)
    i.USB_OTG_ReadPacket                     0x0800397e   Section        0  usb_core.o(i.USB_OTG_ReadPacket)
    i.USB_OTG_ResetPort                      0x0800399e   Section        0  usb_core.o(i.USB_OTG_ResetPort)
    i.USB_OTG_SelectCore                     0x080039c8   Section        0  usb_core.o(i.USB_OTG_SelectCore)
    i.USB_OTG_SetCurrentMode                 0x08003a88   Section        0  usb_core.o(i.USB_OTG_SetCurrentMode)
    i.USB_OTG_USBH_handle_Disconnect_ISR     0x08003ab2   Section        0  usb_hcd_int.o(i.USB_OTG_USBH_handle_Disconnect_ISR)
    USB_OTG_USBH_handle_Disconnect_ISR       0x08003ab3   Thumb Code    46  usb_hcd_int.o(i.USB_OTG_USBH_handle_Disconnect_ISR)
    i.USB_OTG_USBH_handle_IncompletePeriodicXfer_ISR 0x08003ae0   Section        0  usb_hcd_int.o(i.USB_OTG_USBH_handle_IncompletePeriodicXfer_ISR)
    USB_OTG_USBH_handle_IncompletePeriodicXfer_ISR 0x08003ae1   Thumb Code    70  usb_hcd_int.o(i.USB_OTG_USBH_handle_IncompletePeriodicXfer_ISR)
    i.USB_OTG_USBH_handle_hc_ISR             0x08003b26   Section        0  usb_hcd_int.o(i.USB_OTG_USBH_handle_hc_ISR)
    USB_OTG_USBH_handle_hc_ISR               0x08003b27   Thumb Code    86  usb_hcd_int.o(i.USB_OTG_USBH_handle_hc_ISR)
    i.USB_OTG_USBH_handle_hc_n_In_ISR        0x08003b7c   Section        0  usb_hcd_int.o(i.USB_OTG_USBH_handle_hc_n_In_ISR)
    USB_OTG_USBH_handle_hc_n_In_ISR          0x08003b7d   Thumb Code  1062  usb_hcd_int.o(i.USB_OTG_USBH_handle_hc_n_In_ISR)
    i.USB_OTG_USBH_handle_hc_n_Out_ISR       0x08003fa2   Section        0  usb_hcd_int.o(i.USB_OTG_USBH_handle_hc_n_Out_ISR)
    USB_OTG_USBH_handle_hc_n_Out_ISR         0x08003fa3   Thumb Code   904  usb_hcd_int.o(i.USB_OTG_USBH_handle_hc_n_Out_ISR)
    i.USB_OTG_USBH_handle_nptxfempty_ISR     0x0800432a   Section        0  usb_hcd_int.o(i.USB_OTG_USBH_handle_nptxfempty_ISR)
    USB_OTG_USBH_handle_nptxfempty_ISR       0x0800432b   Thumb Code   300  usb_hcd_int.o(i.USB_OTG_USBH_handle_nptxfempty_ISR)
    i.USB_OTG_USBH_handle_port_ISR           0x08004456   Section        0  usb_hcd_int.o(i.USB_OTG_USBH_handle_port_ISR)
    USB_OTG_USBH_handle_port_ISR             0x08004457   Thumb Code   280  usb_hcd_int.o(i.USB_OTG_USBH_handle_port_ISR)
    i.USB_OTG_USBH_handle_ptxfempty_ISR      0x0800456e   Section        0  usb_hcd_int.o(i.USB_OTG_USBH_handle_ptxfempty_ISR)
    USB_OTG_USBH_handle_ptxfempty_ISR        0x0800456f   Thumb Code   302  usb_hcd_int.o(i.USB_OTG_USBH_handle_ptxfempty_ISR)
    i.USB_OTG_USBH_handle_rx_qlvl_ISR        0x0800469c   Section        0  usb_hcd_int.o(i.USB_OTG_USBH_handle_rx_qlvl_ISR)
    USB_OTG_USBH_handle_rx_qlvl_ISR          0x0800469d   Thumb Code   356  usb_hcd_int.o(i.USB_OTG_USBH_handle_rx_qlvl_ISR)
    i.USB_OTG_USBH_handle_sof_ISR            0x08004800   Section        0  usb_hcd_int.o(i.USB_OTG_USBH_handle_sof_ISR)
    USB_OTG_USBH_handle_sof_ISR              0x08004801   Thumb Code    28  usb_hcd_int.o(i.USB_OTG_USBH_handle_sof_ISR)
    i.USB_OTG_WritePacket                    0x0800481c   Section        0  usb_core.o(i.USB_OTG_WritePacket)
    i.UsageFault_Handler                     0x08004844   Section        0  stm32fxxx_it.o(i.UsageFault_Handler)
    i.__0printf$8                            0x08004848   Section        0  printf8.o(i.__0printf$8)
    i.__scatterload_copy                     0x08004868   Section       14  handlers.o(i.__scatterload_copy)
    i.__scatterload_null                     0x08004876   Section        2  handlers.o(i.__scatterload_null)
    i.__scatterload_zeroinit                 0x08004878   Section       14  handlers.o(i.__scatterload_zeroinit)
    i._printf_core                           0x08004888   Section        0  printf8.o(i._printf_core)
    _printf_core                             0x08004889   Thumb Code   988  printf8.o(i._printf_core)
    i._printf_post_padding                   0x08004c90   Section        0  printf8.o(i._printf_post_padding)
    _printf_post_padding                     0x08004c91   Thumb Code    38  printf8.o(i._printf_post_padding)
    i._printf_pre_padding                    0x08004cb6   Section        0  printf8.o(i._printf_pre_padding)
    _printf_pre_padding                      0x08004cb7   Thumb Code    48  printf8.o(i._printf_pre_padding)
    i.check_fs                               0x08004ce8   Section        0  ff.o(i.check_fs)
    check_fs                                 0x08004ce9   Thumb Code    86  ff.o(i.check_fs)
    i.chk_chr                                0x08004d44   Section        0  ff.o(i.chk_chr)
    chk_chr                                  0x08004d45   Thumb Code    16  ff.o(i.chk_chr)
    i.chk_mounted                            0x08004d54   Section        0  ff.o(i.chk_mounted)
    i.clust2sect                             0x08004f18   Section        0  ff.o(i.clust2sect)
    i.create_chain                           0x08004f30   Section        0  ff.o(i.create_chain)
    create_chain                             0x08004f31   Thumb Code   150  ff.o(i.create_chain)
    i.create_name                            0x08004fc8   Section        0  ff.o(i.create_name)
    create_name                              0x08004fc9   Thumb Code   472  ff.o(i.create_name)
    i.delay_10us                             0x080051b8   Section        0  ltm022a69b.o(i.delay_10us)
    i.dir_find                               0x080051bc   Section        0  ff.o(i.dir_find)
    dir_find                                 0x080051bd   Thumb Code   302  ff.o(i.dir_find)
    i.dir_next                               0x080052f0   Section        0  ff.o(i.dir_next)
    dir_next                                 0x080052f1   Thumb Code   238  ff.o(i.dir_next)
    i.dir_read                               0x080053e0   Section        0  ff.o(i.dir_read)
    dir_read                                 0x080053e1   Thumb Code   236  ff.o(i.dir_read)
    i.dir_register                           0x080054d0   Section        0  ff.o(i.dir_register)
    dir_register                             0x080054d1   Thumb Code   428  ff.o(i.dir_register)
    i.dir_seek                               0x08005680   Section        0  ff.o(i.dir_seek)
    dir_seek                                 0x08005681   Thumb Code   126  ff.o(i.dir_seek)
    i.disk_initialize                        0x08005700   Section        0  usbh_msc_fatfs.o(i.disk_initialize)
    i.disk_ioctl                             0x08005720   Section        0  usbh_msc_fatfs.o(i.disk_ioctl)
    i.disk_read                              0x08005760   Section        0  usbh_msc_fatfs.o(i.disk_read)
    i.disk_status                            0x080057c4   Section        0  usbh_msc_fatfs.o(i.disk_status)
    i.disk_write                             0x080057d4   Section        0  usbh_msc_fatfs.o(i.disk_write)
    i.f_close                                0x08005840   Section        0  ff.o(i.f_close)
    i.f_lseek                                0x08005852   Section        0  ff.o(i.f_lseek)
    i.f_mount                                0x08005994   Section        0  ff.o(i.f_mount)
    i.f_open                                 0x080059b4   Section        0  ff.o(i.f_open)
    i.f_opendir                              0x08005b08   Section        0  ff.o(i.f_opendir)
    i.f_read                                 0x08005b60   Section        0  ff.o(i.f_read)
    i.f_readdir                              0x08005cb8   Section        0  ff.o(i.f_readdir)
    i.f_sync                                 0x08005d10   Section        0  ff.o(i.f_sync)
    i.f_write                                0x08005db4   Section        0  ff.o(i.f_write)
    i.ff_convert                             0x08005f48   Section        0  ccsbcs.o(i.ff_convert)
    i.ff_wtoupper                            0x08005f80   Section        0  ccsbcs.o(i.ff_wtoupper)
    i.follow_path                            0x08005fa4   Section        0  ff.o(i.follow_path)
    follow_path                              0x08005fa5   Thumb Code   108  ff.o(i.follow_path)
    i.fputc                                  0x08006010   Section        0  lcd_log.o(i.fputc)
    i.gen_numname                            0x0800610c   Section        0  ff.o(i.gen_numname)
    i.get_fat                                0x08006174   Section        0  ff.o(i.get_fat)
    i.get_fattime                            0x08006226   Section        0  fattime.o(i.get_fattime)
    i.get_fileinfo                           0x0800622a   Section        0  ff.o(i.get_fileinfo)
    get_fileinfo                             0x0800622b   Thumb Code   202  ff.o(i.get_fileinfo)
    i.lcd_ctrl_port_init                     0x080062f4   Section        0  ltm022a69b.o(i.lcd_ctrl_port_init)
    i.main                                   0x08006360   Section        0  main.o(i.main)
    i.mem_cpy                                0x080063b8   Section        0  ff.o(i.mem_cpy)
    mem_cpy                                  0x080063b9   Thumb Code    18  ff.o(i.mem_cpy)
    i.mem_set                                0x080063ca   Section        0  ff.o(i.mem_set)
    mem_set                                  0x080063cb   Thumb Code    14  ff.o(i.mem_set)
    i.move_window                            0x080063d8   Section        0  ff.o(i.move_window)
    move_window                              0x080063d9   Thumb Code   106  ff.o(i.move_window)
    i.put_fat                                0x08006442   Section        0  ff.o(i.put_fat)
    i.remove_chain                           0x0800652a   Section        0  ff.o(i.remove_chain)
    remove_chain                             0x0800652b   Thumb Code    98  ff.o(i.remove_chain)
    i.sum_sfn                                0x0800658c   Section        0  ff.o(i.sum_sfn)
    sum_sfn                                  0x0800658d   Thumb Code    26  ff.o(i.sum_sfn)
    i.sync                                   0x080065a6   Section        0  ff.o(i.sync)
    sync                                     0x080065a7   Thumb Code   184  ff.o(i.sync)
    i.validate                               0x0800665e   Section        0  ff.o(i.validate)
    validate                                 0x0800665f   Thumb Code    32  ff.o(i.validate)
    .constdata                               0x0800667e   Section      318  usbh_usr.o(.constdata)
    .constdata                               0x080067bc   Section       80  stm32_eval.o(.constdata)
    .constdata                               0x0800680c   Section     4560  ltm022a69b.o(.constdata)
    .constdata                               0x080079dc   Section     2304  ltm022a69b.o(.constdata)
    .constdata                               0x080082dc   Section     2304  ltm022a69b.o(.constdata)
    .constdata                               0x08008bdc   Section     1216  ccsbcs.o(.constdata)
    Tbl                                      0x08008bdc   Data         256  ccsbcs.o(.constdata)
    tbl_lower                                0x08008cdc   Data         480  ccsbcs.o(.constdata)
    tbl_upper                                0x08008ebc   Data         480  ccsbcs.o(.constdata)
    .constdata                               0x0800909c   Section      210  ff.o(.constdata)
    LfnOfs                                   0x0800909c   Data          13  ff.o(.constdata)
    cvt                                      0x080090a9   Data         128  ff.o(.constdata)
    sstbl                                    0x0800912c   Data          44  ff.o(.constdata)
    cstbl                                    0x08009158   Data          22  ff.o(.constdata)
    .data                                    0x20000000   Section        4  usb_bsp.o(.data)
    .data                                    0x20000004   Section        8  usbh_usr.o(.data)
    startup                                  0x20000006   Data           1  usbh_usr.o(.data)
    i                                        0x20000008   Data           4  usbh_usr.o(.data)
    .data                                    0x2000000c   Section       72  usbh_usr.o(.data)
    .data                                    0x20000054   Section       40  stm32_eval.o(.data)
    .data                                    0x2000007c   Section       18  lcd_log.o(.data)
    .data                                    0x20000090   Section       20  ltm022a69b.o(.data)
    TextColor                                0x20000090   Data           2  ltm022a69b.o(.data)
    BackColor                                0x20000092   Data           2  ltm022a69b.o(.data)
    p                                        0x20000094   Data           4  ltm022a69b.o(.data)
    LCD_Currentfonts                         0x20000098   Data           4  ltm022a69b.o(.data)
    .data                                    0x200000a4   Section        8  ltm022a69b.o(.data)
    .data                                    0x200000ac   Section        8  ltm022a69b.o(.data)
    .data                                    0x200000b4   Section       16  usbh_core.o(.data)
    timeout                                  0x200000b4   Data           2  usbh_core.o(.data)
    .data                                    0x200000c4   Section        1  usbh_msc_scsi.o(.data)
    status                                   0x200000c4   Data           1  usbh_msc_scsi.o(.data)
    .data                                    0x200000c8   Section       16  usbh_msc_bot.o(.data)
    error_direction                          0x200000c8   Data           1  usbh_msc_bot.o(.data)
    remainingDataLength                      0x200000cc   Data           4  usbh_msc_bot.o(.data)
    datapointer                              0x200000d0   Data           4  usbh_msc_bot.o(.data)
    BOTStallErrorCount                       0x200000d4   Data           4  usbh_msc_bot.o(.data)
    .data                                    0x200000d8   Section        2  usbh_msc_core.o(.data)
    maxLunExceed                             0x200000d9   Data           1  usbh_msc_core.o(.data)
    .data                                    0x200000dc   Section       16  usbh_msc_core.o(.data)
    .data                                    0x200000ec   Section        1  usbh_msc_fatfs.o(.data)
    Stat                                     0x200000ec   Data           1  usbh_msc_fatfs.o(.data)
    .data                                    0x200000f0   Section        8  ff.o(.data)
    Fsid                                     0x200000f0   Data           2  ff.o(.data)
    FatFs                                    0x200000f4   Data           4  ff.o(.data)
    .data                                    0x200000f8   Section        4  stdout.o(.data)
    .bss                                     0x200000fc   Section     1332  main.o(.bss)
    .bss                                     0x20000630   Section     2340  usbh_usr.o(.bss)
    lfn                                      0x20000630   Data         256  usbh_usr.o(.bss)
    lfn                                      0x20000730   Data         256  usbh_usr.o(.bss)
    .bss                                     0x20000f54   Section      624  lcd_log.o(.bss)
    .bss                                     0x200011c4   Section      528  usbh_msc_scsi.o(.bss)
    .bss                                     0x200013d4   Section       64  usbh_msc_bot.o(.bss)
    .bss                                     0x20001414   Section       74  usbh_msc_core.o(.bss)
    .bss                                     0x2000145e   Section      512  ff.o(.bss)
    LfnBuf                                   0x2000145e   Data         512  ff.o(.bss)
    STACK                                    0x20001660   Section     1024  startup_stm32f2xx.o(STACK)

    Global Symbols

    Symbol Name                              Value     Ov Type        Size  Object(Section)

    BuildAttributes$$THM_ISAv4$P$D$K$B$S$PE$A:L22UL41UL21$X:L11$S22US41US21$IEEE1$IW$USESV6$~STKCKD$USESV7$~SHL$OSPACE$ROPI$EBA8$MICROLIB$REQ8$PRES8$EABIv2 0x00000000   Number         0  anon$$obj.o ABSOLUTE
    __ARM_use_no_argv                        0x00000000   Number         0  main.o ABSOLUTE
    _printf_a                                0x00000000   Number         0  stubs.o ABSOLUTE
    _printf_c                                0x00000000   Number         0  stubs.o ABSOLUTE
    _printf_charcount                        0x00000000   Number         0  stubs.o ABSOLUTE
    _printf_d                                0x00000000   Number         0  stubs.o ABSOLUTE
    _printf_e                                0x00000000   Number         0  stubs.o ABSOLUTE
    _printf_f                                0x00000000   Number         0  stubs.o ABSOLUTE
    _printf_flags                            0x00000000   Number         0  stubs.o ABSOLUTE
    _printf_fp_dec                           0x00000000   Number         0  stubs.o ABSOLUTE
    _printf_fp_hex                           0x00000000   Number         0  stubs.o ABSOLUTE
    _printf_g                                0x00000000   Number         0  stubs.o ABSOLUTE
    _printf_i                                0x00000000   Number         0  stubs.o ABSOLUTE
    _printf_int_dec                          0x00000000   Number         0  stubs.o ABSOLUTE
    _printf_l                                0x00000000   Number         0  stubs.o ABSOLUTE
    _printf_lc                               0x00000000   Number         0  stubs.o ABSOLUTE
    _printf_ll                               0x00000000   Number         0  stubs.o ABSOLUTE
    _printf_lld                              0x00000000   Number         0  stubs.o ABSOLUTE
    _printf_lli                              0x00000000   Number         0  stubs.o ABSOLUTE
    _printf_llo                              0x00000000   Number         0  stubs.o ABSOLUTE
    _printf_llu                              0x00000000   Number         0  stubs.o ABSOLUTE
    _printf_llx                              0x00000000   Number         0  stubs.o ABSOLUTE
    _printf_longlong_dec                     0x00000000   Number         0  stubs.o ABSOLUTE
    _printf_longlong_hex                     0x00000000   Number         0  stubs.o ABSOLUTE
    _printf_longlong_oct                     0x00000000   Number         0  stubs.o ABSOLUTE
    _printf_ls                               0x00000000   Number         0  stubs.o ABSOLUTE
    _printf_mbtowc                           0x00000000   Number         0  stubs.o ABSOLUTE
    _printf_n                                0x00000000   Number         0  stubs.o ABSOLUTE
    _printf_o                                0x00000000   Number         0  stubs.o ABSOLUTE
    _printf_p                                0x00000000   Number         0  stubs.o ABSOLUTE
    _printf_percent                          0x00000000   Number         0  stubs.o ABSOLUTE
    _printf_pre_padding                      0x00000000   Number         0  stubs.o ABSOLUTE
    _printf_return_value                     0x00000000   Number         0  stubs.o ABSOLUTE
    _printf_s                                0x00000000   Number         0  stubs.o ABSOLUTE
    _printf_sizespec                         0x00000000   Number         0  stubs.o ABSOLUTE
    _printf_str                              0x00000000   Number         0  stubs.o ABSOLUTE
    _printf_truncate_signed                  0x00000000   Number         0  stubs.o ABSOLUTE
    _printf_truncate_unsigned                0x00000000   Number         0  stubs.o ABSOLUTE
    _printf_u                                0x00000000   Number         0  stubs.o ABSOLUTE
    _printf_wc                               0x00000000   Number         0  stubs.o ABSOLUTE
    _printf_wctomb                           0x00000000   Number         0  stubs.o ABSOLUTE
    _printf_widthprec                        0x00000000   Number         0  stubs.o ABSOLUTE
    _printf_x                                0x00000000   Number         0  stubs.o ABSOLUTE
    __cpp_initialize__aeabi_                  - Undefined Weak Reference
    __cxa_finalize                            - Undefined Weak Reference
    __decompress                              - Undefined Weak Reference
    _clock_init                               - Undefined Weak Reference
    _microlib_exit                            - Undefined Weak Reference
    __Vectors_Size                           0x00000184   Number         0  startup_stm32f2xx.o ABSOLUTE
    __Vectors                                0x08000000   Data           4  startup_stm32f2xx.o(RESET)
    __Vectors_End                            0x08000184   Data           0  startup_stm32f2xx.o(RESET)
    __main                                   0x08000185   Thumb Code     0  entry.o(.ARM.Collect$$$$00000000)
    _main_stk                                0x08000185   Thumb Code     0  entry2.o(.ARM.Collect$$$$00000001)
    _main_scatterload                        0x08000189   Thumb Code     0  entry5.o(.ARM.Collect$$$$00000004)
    __main_after_scatterload                 0x0800018d   Thumb Code     0  entry5.o(.ARM.Collect$$$$00000004)
    _main_clock                              0x0800018d   Thumb Code     0  entry7b.o(.ARM.Collect$$$$00000008)
    _main_cpp_init                           0x0800018d   Thumb Code     0  entry8b.o(.ARM.Collect$$$$0000000A)
    _main_init                               0x0800018d   Thumb Code     0  entry9a.o(.ARM.Collect$$$$0000000B)
    __rt_final_cpp                           0x08000195   Thumb Code     0  entry10a.o(.ARM.Collect$$$$0000000D)
    __rt_final_exit                          0x08000195   Thumb Code     0  entry11a.o(.ARM.Collect$$$$0000000F)
    Reset_Handler                            0x08000199   Thumb Code     8  startup_stm32f2xx.o(.text)
    SysTick_Handler                          0x080001b1   Thumb Code     2  startup_stm32f2xx.o(.text)
    ADC_IRQHandler                           0x080001b3   Thumb Code     0  startup_stm32f2xx.o(.text)
    CAN1_RX0_IRQHandler                      0x080001b3   Thumb Code     0  startup_stm32f2xx.o(.text)
    CAN1_RX1_IRQHandler                      0x080001b3   Thumb Code     0  startup_stm32f2xx.o(.text)
    CAN1_SCE_IRQHandler                      0x080001b3   Thumb Code     0  startup_stm32f2xx.o(.text)
    CAN1_TX_IRQHandler                       0x080001b3   Thumb Code     0  startup_stm32f2xx.o(.text)
    CAN2_RX0_IRQHandler                      0x080001b3   Thumb Code     0  startup_stm32f2xx.o(.text)
    CAN2_RX1_IRQHandler                      0x080001b3   Thumb Code     0  startup_stm32f2xx.o(.text)
    CAN2_SCE_IRQHandler                      0x080001b3   Thumb Code     0  startup_stm32f2xx.o(.text)
    CAN2_TX_IRQHandler                       0x080001b3   Thumb Code     0  startup_stm32f2xx.o(.text)
    CRYP_IRQHandler                          0x080001b3   Thumb Code     0  startup_stm32f2xx.o(.text)
    DCMI_IRQHandler                          0x080001b3   Thumb Code     0  startup_stm32f2xx.o(.text)
    DMA1_Stream0_IRQHandler                  0x080001b3   Thumb Code     0  startup_stm32f2xx.o(.text)
    DMA1_Stream1_IRQHandler                  0x080001b3   Thumb Code     0  startup_stm32f2xx.o(.text)
    DMA1_Stream2_IRQHandler                  0x080001b3   Thumb Code     0  startup_stm32f2xx.o(.text)
    DMA1_Stream3_IRQHandler                  0x080001b3   Thumb Code     0  startup_stm32f2xx.o(.text)
    DMA1_Stream4_IRQHandler                  0x080001b3   Thumb Code     0  startup_stm32f2xx.o(.text)
    DMA1_Stream5_IRQHandler                  0x080001b3   Thumb Code     0  startup_stm32f2xx.o(.text)
    DMA1_Stream6_IRQHandler                  0x080001b3   Thumb Code     0  startup_stm32f2xx.o(.text)
    DMA1_Stream7_IRQHandler                  0x080001b3   Thumb Code     0  startup_stm32f2xx.o(.text)
    DMA2_Stream0_IRQHandler                  0x080001b3   Thumb Code     0  startup_stm32f2xx.o(.text)
    DMA2_Stream1_IRQHandler                  0x080001b3   Thumb Code     0  startup_stm32f2xx.o(.text)
    DMA2_Stream2_IRQHandler                  0x080001b3   Thumb Code     0  startup_stm32f2xx.o(.text)
    DMA2_Stream3_IRQHandler                  0x080001b3   Thumb Code     0  startup_stm32f2xx.o(.text)
    DMA2_Stream4_IRQHandler                  0x080001b3   Thumb Code     0  startup_stm32f2xx.o(.text)
    DMA2_Stream5_IRQHandler                  0x080001b3   Thumb Code     0  startup_stm32f2xx.o(.text)
    DMA2_Stream6_IRQHandler                  0x080001b3   Thumb Code     0  startup_stm32f2xx.o(.text)
    DMA2_Stream7_IRQHandler                  0x080001b3   Thumb Code     0  startup_stm32f2xx.o(.text)
    ETH_IRQHandler                           0x080001b3   Thumb Code     0  startup_stm32f2xx.o(.text)
    ETH_WKUP_IRQHandler                      0x080001b3   Thumb Code     0  startup_stm32f2xx.o(.text)
    EXTI0_IRQHandler                         0x080001b3   Thumb Code     0  startup_stm32f2xx.o(.text)
    EXTI15_10_IRQHandler                     0x080001b3   Thumb Code     0  startup_stm32f2xx.o(.text)
    EXTI2_IRQHandler                         0x080001b3   Thumb Code     0  startup_stm32f2xx.o(.text)
    EXTI3_IRQHandler                         0x080001b3   Thumb Code     0  startup_stm32f2xx.o(.text)
    EXTI4_IRQHandler                         0x080001b3   Thumb Code     0  startup_stm32f2xx.o(.text)
    EXTI9_5_IRQHandler                       0x080001b3   Thumb Code     0  startup_stm32f2xx.o(.text)
    FLASH_IRQHandler                         0x080001b3   Thumb Code     0  startup_stm32f2xx.o(.text)
    FSMC_IRQHandler                          0x080001b3   Thumb Code     0  startup_stm32f2xx.o(.text)
    HASH_RNG_IRQHandler                      0x080001b3   Thumb Code     0  startup_stm32f2xx.o(.text)
    I2C1_ER_IRQHandler                       0x080001b3   Thumb Code     0  startup_stm32f2xx.o(.text)
    I2C1_EV_IRQHandler                       0x080001b3   Thumb Code     0  startup_stm32f2xx.o(.text)
    I2C2_ER_IRQHandler                       0x080001b3   Thumb Code     0  startup_stm32f2xx.o(.text)
    I2C2_EV_IRQHandler                       0x080001b3   Thumb Code     0  startup_stm32f2xx.o(.text)
    I2C3_ER_IRQHandler                       0x080001b3   Thumb Code     0  startup_stm32f2xx.o(.text)
    I2C3_EV_IRQHandler                       0x080001b3   Thumb Code     0  startup_stm32f2xx.o(.text)
    OTG_FS_WKUP_IRQHandler                   0x080001b3   Thumb Code     0  startup_stm32f2xx.o(.text)
    OTG_HS_EP1_IN_IRQHandler                 0x080001b3   Thumb Code     0  startup_stm32f2xx.o(.text)
    OTG_HS_EP1_OUT_IRQHandler                0x080001b3   Thumb Code     0  startup_stm32f2xx.o(.text)
    OTG_HS_IRQHandler                        0x080001b3   Thumb Code     0  startup_stm32f2xx.o(.text)
    OTG_HS_WKUP_IRQHandler                   0x080001b3   Thumb Code     0  startup_stm32f2xx.o(.text)
    PVD_IRQHandler                           0x080001b3   Thumb Code     0  startup_stm32f2xx.o(.text)
    RCC_IRQHandler                           0x080001b3   Thumb Code     0  startup_stm32f2xx.o(.text)
    RTC_Alarm_IRQHandler                     0x080001b3   Thumb Code     0  startup_stm32f2xx.o(.text)
    RTC_WKUP_IRQHandler                      0x080001b3   Thumb Code     0  startup_stm32f2xx.o(.text)
    SDIO_IRQHandler                          0x080001b3   Thumb Code     0  startup_stm32f2xx.o(.text)
    SPI1_IRQHandler                          0x080001b3   Thumb Code     0  startup_stm32f2xx.o(.text)
    SPI2_IRQHandler                          0x080001b3   Thumb Code     0  startup_stm32f2xx.o(.text)
    SPI3_IRQHandler                          0x080001b3   Thumb Code     0  startup_stm32f2xx.o(.text)
    TAMP_STAMP_IRQHandler                    0x080001b3   Thumb Code     0  startup_stm32f2xx.o(.text)
    TIM1_BRK_TIM9_IRQHandler                 0x080001b3   Thumb Code     0  startup_stm32f2xx.o(.text)
    TIM1_CC_IRQHandler                       0x080001b3   Thumb Code     0  startup_stm32f2xx.o(.text)
    TIM1_TRG_COM_TIM11_IRQHandler            0x080001b3   Thumb Code     0  startup_stm32f2xx.o(.text)
    TIM1_UP_TIM10_IRQHandler                 0x080001b3   Thumb Code     0  startup_stm32f2xx.o(.text)
    TIM3_IRQHandler                          0x080001b3   Thumb Code     0  startup_stm32f2xx.o(.text)
    TIM4_IRQHandler                          0x080001b3   Thumb Code     0  startup_stm32f2xx.o(.text)
    TIM5_IRQHandler                          0x080001b3   Thumb Code     0  startup_stm32f2xx.o(.text)
    TIM6_DAC_IRQHandler                      0x080001b3   Thumb Code     0  startup_stm32f2xx.o(.text)
    TIM7_IRQHandler                          0x080001b3   Thumb Code     0  startup_stm32f2xx.o(.text)
    TIM8_BRK_TIM12_IRQHandler                0x080001b3   Thumb Code     0  startup_stm32f2xx.o(.text)
    TIM8_CC_IRQHandler                       0x080001b3   Thumb Code     0  startup_stm32f2xx.o(.text)
    TIM8_TRG_COM_TIM14_IRQHandler            0x080001b3   Thumb Code     0  startup_stm32f2xx.o(.text)
    TIM8_UP_TIM13_IRQHandler                 0x080001b3   Thumb Code     0  startup_stm32f2xx.o(.text)
    UART4_IRQHandler                         0x080001b3   Thumb Code     0  startup_stm32f2xx.o(.text)
    UART5_IRQHandler                         0x080001b3   Thumb Code     0  startup_stm32f2xx.o(.text)
    USART1_IRQHandler                        0x080001b3   Thumb Code     0  startup_stm32f2xx.o(.text)
    USART2_IRQHandler                        0x080001b3   Thumb Code     0  startup_stm32f2xx.o(.text)
    USART3_IRQHandler                        0x080001b3   Thumb Code     0  startup_stm32f2xx.o(.text)
    USART6_IRQHandler                        0x080001b3   Thumb Code     0  startup_stm32f2xx.o(.text)
    WWDG_IRQHandler                          0x080001b3   Thumb Code     0  startup_stm32f2xx.o(.text)
    __aeabi_memcpy                           0x080001bd   Thumb Code    36  memcpya.o(.text)
    __aeabi_memcpy4                          0x080001bd   Thumb Code     0  memcpya.o(.text)
    __aeabi_memcpy8                          0x080001bd   Thumb Code     0  memcpya.o(.text)
    strstr                                   0x080001e1   Thumb Code    36  strstr.o(.text)
    __aeabi_uldivmod                         0x08000205   Thumb Code    98  uldiv.o(.text)
    __scatterload                            0x08000269   Thumb Code    28  init.o(.text)
    __scatterload_rt2                        0x08000269   Thumb Code     0  init.o(.text)
    __aeabi_llsl                             0x0800028d   Thumb Code    30  llshl.o(.text)
    _ll_shift_l                              0x0800028d   Thumb Code     0  llshl.o(.text)
    __aeabi_llsr                             0x080002ab   Thumb Code    32  llushr.o(.text)
    _ll_ushift_r                             0x080002ab   Thumb Code     0  llushr.o(.text)
    BusFault_Handler                         0x0800035b   Thumb Code     2  stm32fxxx_it.o(i.BusFault_Handler)
    DebugMon_Handler                         0x0800035d   Thumb Code     2  stm32fxxx_it.o(i.DebugMon_Handler)
    EXTI1_IRQHandler                         0x08000361   Thumb Code    34  stm32fxxx_it.o(i.EXTI1_IRQHandler)
    EXTI_ClearITPendingBit                   0x08000389   Thumb Code     6  stm32f2xx_exti.o(i.EXTI_ClearITPendingBit)
    EXTI_GetITStatus                         0x08000395   Thumb Code    28  stm32f2xx_exti.o(i.EXTI_GetITStatus)
    EXTI_Init                                0x080003b5   Thumb Code   108  stm32f2xx_exti.o(i.EXTI_Init)
    GPIO_Init                                0x080005b5   Thumb Code   162  stm32f2xx_gpio.o(i.GPIO_Init)
    GPIO_PinAFConfig                         0x08000657   Thumb Code    32  stm32f2xx_gpio.o(i.GPIO_PinAFConfig)
    GPIO_ReadInputDataBit                    0x08000677   Thumb Code    14  stm32f2xx_gpio.o(i.GPIO_ReadInputDataBit)
    GPIO_ResetBits                           0x08000685   Thumb Code     4  stm32f2xx_gpio.o(i.GPIO_ResetBits)
    GPIO_SetBits                             0x08000689   Thumb Code     4  stm32f2xx_gpio.o(i.GPIO_SetBits)
    HCD_GetCurrentFrame                      0x0800068d   Thumb Code     8  usb_hcd.o(i.HCD_GetCurrentFrame)
    HCD_GetCurrentSpeed                      0x08000695   Thumb Code    12  usb_hcd.o(i.HCD_GetCurrentSpeed)
    HCD_GetURB_State                         0x080006a1   Thumb Code     8  usb_hcd.o(i.HCD_GetURB_State)
    HCD_GetXferCnt                           0x080006a9   Thumb Code    10  usb_hcd.o(i.HCD_GetXferCnt)
    HCD_Init                                 0x080006b3   Thumb Code    86  usb_hcd.o(i.HCD_Init)
    HCD_IsDeviceConnected                    0x08000709   Thumb Code     6  usb_hcd.o(i.HCD_IsDeviceConnected)
    HCD_ResetPort                            0x0800070f   Thumb Code    10  usb_hcd.o(i.HCD_ResetPort)
    HCD_SubmitRequest                        0x08000719   Thumb Code    20  usb_hcd.o(i.HCD_SubmitRequest)
    HardFault_Handler                        0x0800072d   Thumb Code     2  stm32fxxx_it.o(i.HardFault_Handler)
    LCD_Clear                                0x08000865   Thumb Code   144  ltm022a69b.o(i.LCD_Clear)
    LCD_ClearLine                            0x080008f9   Thumb Code    32  ltm022a69b.o(i.LCD_ClearLine)
    LCD_DisplayChar                          0x0800091d   Thumb Code    26  ltm022a69b.o(i.LCD_DisplayChar)
    LCD_DisplayStringLine                    0x0800093d   Thumb Code    42  ltm022a69b.o(i.LCD_DisplayStringLine)
    LCD_DrawChar                             0x0800096d   Thumb Code   214  ltm022a69b.o(i.LCD_DrawChar)
    LCD_GetFont                              0x08000a4d   Thumb Code     6  ltm022a69b.o(i.LCD_GetFont)
    LCD_LOG_ClearTextZone                    0x08000a59   Thumb Code    38  lcd_log.o(i.LCD_LOG_ClearTextZone)
    LCD_LOG_DeInit                           0x08000a81   Thumb Code    34  lcd_log.o(i.LCD_LOG_DeInit)
    LCD_LOG_Init                             0x08000aa9   Thumb Code    18  lcd_log.o(i.LCD_LOG_Init)
    LCD_LOG_SetFooter                        0x08000abb   Thumb Code   102  lcd_log.o(i.LCD_LOG_SetFooter)
    LCD_LOG_SetHeader                        0x08000b21   Thumb Code   136  lcd_log.o(i.LCD_LOG_SetHeader)
    LCD_SetBackColor                         0x08000c51   Thumb Code    12  ltm022a69b.o(i.LCD_SetBackColor)
    LCD_SetFont                              0x08000c61   Thumb Code     6  ltm022a69b.o(i.LCD_SetFont)
    LCD_SetTextColor                         0x08000c6d   Thumb Code    12  ltm022a69b.o(i.LCD_SetTextColor)
    LCD_WRITE_COMMAND                        0x08000c7d   Thumb Code    94  ltm022a69b.o(i.LCD_WRITE_COMMAND)
    LCD_WRITE_DATA                           0x08000ce1   Thumb Code    22  ltm022a69b.o(i.LCD_WRITE_DATA)
    LCD_WRITE_REG                            0x08000cf9   Thumb Code    60  ltm022a69b.o(i.LCD_WRITE_REG)
    LCD_WriteRAM_Prepare                     0x08000d39   Thumb Code    34  ltm022a69b.o(i.LCD_WriteRAM_Prepare)
    MemManage_Handler                        0x08000d61   Thumb Code     2  stm32fxxx_it.o(i.MemManage_Handler)
    NMI_Handler                              0x08000d63   Thumb Code     2  stm32fxxx_it.o(i.NMI_Handler)
    NVIC_Init                                0x08000d65   Thumb Code    92  misc.o(i.NVIC_Init)
    NVIC_PriorityGroupConfig                 0x08000dc9   Thumb Code    10  misc.o(i.NVIC_PriorityGroupConfig)
    NVIC_SetVectorTable                      0x08000ddd   Thumb Code    12  misc.o(i.NVIC_SetVectorTable)
    OTG_FS_IRQHandler                        0x08000df1   Thumb Code     6  stm32fxxx_it.o(i.OTG_FS_IRQHandler)
    PendSV_Handler                           0x08000dfd   Thumb Code     2  stm32fxxx_it.o(i.PendSV_Handler)
    RCC_AHB1PeriphClockCmd                   0x08000e01   Thumb Code    18  stm32f2xx_rcc.o(i.RCC_AHB1PeriphClockCmd)
    RCC_AHB2PeriphClockCmd                   0x08000e19   Thumb Code    18  stm32f2xx_rcc.o(i.RCC_AHB2PeriphClockCmd)
    RCC_APB1PeriphClockCmd                   0x08000e31   Thumb Code    18  stm32f2xx_rcc.o(i.RCC_APB1PeriphClockCmd)
    RCC_APB1PeriphResetCmd                   0x08000e49   Thumb Code    18  stm32f2xx_rcc.o(i.RCC_APB1PeriphResetCmd)
    RCC_APB2PeriphClockCmd                   0x08000e61   Thumb Code    18  stm32f2xx_rcc.o(i.RCC_APB2PeriphClockCmd)
    RCC_APB2PeriphResetCmd                   0x08000e79   Thumb Code    18  stm32f2xx_rcc.o(i.RCC_APB2PeriphResetCmd)
    SPI0_Init                                0x08000e91   Thumb Code   166  ltm022a69b.o(i.SPI0_Init)
    SPI0_communication                       0x08000f45   Thumb Code    48  ltm022a69b.o(i.SPI0_communication)
    SPI_Cmd                                  0x08000f79   Thumb Code    20  stm32f2xx_spi.o(i.SPI_Cmd)
    SPI_I2S_DeInit                           0x08000f8d   Thumb Code    72  stm32f2xx_spi.o(i.SPI_I2S_DeInit)
    SPI_I2S_GetFlagStatus                    0x08000fe1   Thumb Code    14  stm32f2xx_spi.o(i.SPI_I2S_GetFlagStatus)
    SPI_I2S_ReceiveData                      0x08000fef   Thumb Code     4  stm32f2xx_spi.o(i.SPI_I2S_ReceiveData)
    SPI_I2S_SendData                         0x08000ff3   Thumb Code     4  stm32f2xx_spi.o(i.SPI_I2S_SendData)
    SPI_Init                                 0x08000ff7   Thumb Code    56  stm32f2xx_spi.o(i.SPI_Init)
    STM322xG_LCD_Init                        0x08001031   Thumb Code   600  ltm022a69b.o(i.STM322xG_LCD_Init)
    STM_EVAL_LEDInit                         0x08001291   Thumb Code    62  stm32_eval.o(i.STM_EVAL_LEDInit)
    STM_EVAL_LEDToggle                       0x080012d9   Thumb Code    20  stm32_eval.o(i.STM_EVAL_LEDToggle)
    STM_EVAL_PBGetState                      0x080012f5   Thumb Code    16  stm32_eval.o(i.STM_EVAL_PBGetState)
    STM_EVAL_PBInit                          0x0800130d   Thumb Code   150  stm32_eval.o(i.STM_EVAL_PBInit)
    SVC_Handler                              0x080013ad   Thumb Code     2  stm32fxxx_it.o(i.SVC_Handler)
    SYSCFG_EXTILineConfig                    0x080013b1   Thumb Code    34  stm32f2xx_syscfg.o(i.SYSCFG_EXTILineConfig)
    SystemInit                               0x08001535   Thumb Code    62  system_stm32f2xx.o(i.SystemInit)
    TIM2_IRQHandler                          0x08001585   Thumb Code     4  stm32fxxx_it.o(i.TIM2_IRQHandler)
    TIM_ARRPreloadConfig                     0x08001589   Thumb Code    20  stm32f2xx_tim.o(i.TIM_ARRPreloadConfig)
    TIM_ClearITPendingBit                    0x0800159d   Thumb Code     6  stm32f2xx_tim.o(i.TIM_ClearITPendingBit)
    TIM_Cmd                                  0x080015a3   Thumb Code    20  stm32f2xx_tim.o(i.TIM_Cmd)
    TIM_GetITStatus                          0x080015b7   Thumb Code    24  stm32f2xx_tim.o(i.TIM_GetITStatus)
    TIM_ITConfig                             0x080015cf   Thumb Code    16  stm32f2xx_tim.o(i.TIM_ITConfig)
    TIM_TimeBaseInit                         0x080015e1   Thumb Code    96  stm32f2xx_tim.o(i.TIM_TimeBaseInit)
    USBH_Alloc_Channel                       0x08001691   Thumb Code    52  usbh_hcs.o(i.USBH_Alloc_Channel)
    USBH_BulkReceiveData                     0x080016c5   Thumb Code    38  usbh_ioreq.o(i.USBH_BulkReceiveData)
    USBH_BulkSendData                        0x080016eb   Thumb Code    40  usbh_ioreq.o(i.USBH_BulkSendData)
    USBH_ClrFeature                          0x08001713   Thumb Code    46  usbh_stdreq.o(i.USBH_ClrFeature)
    USBH_Connect                             0x08001741   Thumb Code    18  usbh_core.o(i.USBH_Connect)
    USBH_CtlReceiveData                      0x08001753   Thumb Code    34  usbh_ioreq.o(i.USBH_CtlReceiveData)
    USBH_CtlReq                              0x08001775   Thumb Code    80  usbh_ioreq.o(i.USBH_CtlReq)
    USBH_CtlSendData                         0x080017c5   Thumb Code    54  usbh_ioreq.o(i.USBH_CtlSendData)
    USBH_CtlSendSetup                        0x080017fb   Thumb Code    36  usbh_ioreq.o(i.USBH_CtlSendSetup)
    USBH_DeAllocate_AllChannel               0x0800181f   Thumb Code    24  usbh_hcs.o(i.USBH_DeAllocate_AllChannel)
    USBH_DeInit                              0x08001837   Thumb Code    52  usbh_core.o(i.USBH_DeInit)
    USBH_Disconnect                          0x0800186b   Thumb Code    18  usbh_core.o(i.USBH_Disconnect)
    USBH_ErrorHandle                         0x0800187d   Thumb Code    44  usbh_core.o(i.USBH_ErrorHandle)
    USBH_Free_Channel                        0x080018a9   Thumb Code    26  usbh_hcs.o(i.USBH_Free_Channel)
    USBH_GetDescriptor                       0x080018c3   Thumb Code    48  usbh_stdreq.o(i.USBH_GetDescriptor)
    USBH_Get_CfgDesc                         0x08001901   Thumb Code    58  usbh_stdreq.o(i.USBH_Get_CfgDesc)
    USBH_Get_DevDesc                         0x0800193b   Thumb Code   132  usbh_stdreq.o(i.USBH_Get_DevDesc)
    USBH_Get_StringDesc                      0x080019bf   Thumb Code    72  usbh_stdreq.o(i.USBH_Get_StringDesc)
    USBH_HandleControl                       0x08001a09   Thumb Code   458  usbh_core.o(i.USBH_HandleControl)
    USBH_Init                                0x08001d6d   Thumb Code    80  usbh_core.o(i.USBH_Init)
    USBH_MSC_BOT_Abort                       0x08001dc1   Thumb Code    48  usbh_msc_bot.o(i.USBH_MSC_BOT_Abort)
    USBH_MSC_DecodeCSW                       0x08001e05   Thumb Code    78  usbh_msc_bot.o(i.USBH_MSC_DecodeCSW)
    USBH_MSC_ErrorHandle                     0x08001e61   Thumb Code    42  usbh_msc_core.o(i.USBH_MSC_ErrorHandle)
    USBH_MSC_HandleBOTXfer                   0x08001ff9   Thumb Code   502  usbh_msc_bot.o(i.USBH_MSC_HandleBOTXfer)
    USBH_MSC_Init                            0x080021fd   Thumb Code    40  usbh_msc_bot.o(i.USBH_MSC_Init)
    USBH_MSC_ModeSense6                      0x08002311   Thumb Code   142  usbh_msc_scsi.o(i.USBH_MSC_ModeSense6)
    USBH_MSC_Read10                          0x080023ad   Thumb Code   204  usbh_msc_scsi.o(i.USBH_MSC_Read10)
    USBH_MSC_ReadCapacity10                  0x08002485   Thumb Code   148  usbh_msc_scsi.o(i.USBH_MSC_ReadCapacity10)
    USBH_MSC_RequestSense                    0x08002525   Thumb Code   146  usbh_msc_scsi.o(i.USBH_MSC_RequestSense)
    USBH_MSC_TestUnitReady                   0x080025c5   Thumb Code   116  usbh_msc_scsi.o(i.USBH_MSC_TestUnitReady)
    USBH_MSC_Write10                         0x08002645   Thumb Code   148  usbh_msc_scsi.o(i.USBH_MSC_Write10)
    USBH_Modify_Channel                      0x080026e1   Thumb Code    50  usbh_hcs.o(i.USBH_Modify_Channel)
    USBH_OTG_ISR_Handler                     0x08002713   Thumb Code   168  usb_hcd_int.o(i.USBH_OTG_ISR_Handler)
    USBH_Open_Channel                        0x080027bb   Thumb Code    80  usbh_hcs.o(i.USBH_Open_Channel)
    USBH_Process                             0x080028f5   Thumb Code   426  usbh_core.o(i.USBH_Process)
    USBH_SetAddress                          0x08002a9f   Thumb Code    24  usbh_stdreq.o(i.USBH_SetAddress)
    USBH_SetCfg                              0x08002ab7   Thumb Code    24  usbh_stdreq.o(i.USBH_SetCfg)
    USBH_USR_Configuration_DescAvailable     0x08002ad1   Thumb Code    34  usbh_usr.o(i.USBH_USR_Configuration_DescAvailable)
    USBH_USR_DeInit                          0x08002afd   Thumb Code     8  usbh_usr.o(i.USBH_USR_DeInit)
    USBH_USR_DeviceAddressAssigned           0x08002b09   Thumb Code     2  usbh_usr.o(i.USBH_USR_DeviceAddressAssigned)
    USBH_USR_DeviceAttached                  0x08002b0d   Thumb Code    14  usbh_usr.o(i.USBH_USR_DeviceAttached)
    USBH_USR_DeviceDisconnected              0x08002b25   Thumb Code    54  usbh_usr.o(i.USBH_USR_DeviceDisconnected)
    USBH_USR_DeviceNotSupported              0x08002b91   Thumb Code    30  usbh_usr.o(i.USBH_USR_DeviceNotSupported)
    USBH_USR_DeviceSpeedDetected             0x08002bd5   Thumb Code    46  usbh_usr.o(i.USBH_USR_DeviceSpeedDetected)
    USBH_USR_Device_DescAvailable            0x08002c0d   Thumb Code    34  usbh_usr.o(i.USBH_USR_Device_DescAvailable)
    USBH_USR_EnumerationDone                 0x08002c55   Thumb Code    54  usbh_usr.o(i.USBH_USR_EnumerationDone)
    USBH_USR_Init                            0x08002ce1   Thumb Code    86  usbh_usr.o(i.USBH_USR_Init)
    USBH_USR_MSC_Application                 0x08002d99   Thumb Code   468  usbh_usr.o(i.USBH_USR_MSC_Application)
    USBH_USR_Manufacturer_String             0x08003181   Thumb Code    16  usbh_usr.o(i.USBH_USR_Manufacturer_String)
    USBH_USR_OverCurrentDetected             0x080031a9   Thumb Code    30  usbh_usr.o(i.USBH_USR_OverCurrentDetected)
    USBH_USR_Product_String                  0x080031ed   Thumb Code    16  usbh_usr.o(i.USBH_USR_Product_String)
    USBH_USR_ResetDevice                     0x08003211   Thumb Code     2  usbh_usr.o(i.USBH_USR_ResetDevice)
    USBH_USR_SerialNum_String                0x08003215   Thumb Code    16  usbh_usr.o(i.USBH_USR_SerialNum_String)
    USBH_USR_UnrecoveredError                0x0800323d   Thumb Code    30  usbh_usr.o(i.USBH_USR_UnrecoveredError)
    USBH_USR_UserInput                       0x0800326d   Thumb Code    18  usbh_usr.o(i.USBH_USR_UserInput)
    USB_OTG_BSP_ConfigVBUS                   0x08003281   Thumb Code    62  usb_bsp.o(i.USB_OTG_BSP_ConfigVBUS)
    USB_OTG_BSP_DriveVBUS                    0x080032c5   Thumb Code    18  usb_bsp.o(i.USB_OTG_BSP_DriveVBUS)
    USB_OTG_BSP_EnableInterrupt              0x080032dd   Thumb Code    40  usb_bsp.o(i.USB_OTG_BSP_EnableInterrupt)
    USB_OTG_BSP_Init                         0x08003305   Thumb Code   190  usb_bsp.o(i.USB_OTG_BSP_Init)
    USB_OTG_BSP_TimerIRQ                     0x080033c9   Thumb Code    50  usb_bsp.o(i.USB_OTG_BSP_TimerIRQ)
    USB_OTG_BSP_mDelay                       0x08003401   Thumb Code     6  usb_bsp.o(i.USB_OTG_BSP_mDelay)
    USB_OTG_BSP_uDelay                       0x08003407   Thumb Code     6  usb_bsp.o(i.USB_OTG_BSP_uDelay)
    USB_OTG_CoreInit                         0x0800340d   Thumb Code   218  usb_core.o(i.USB_OTG_CoreInit)
    USB_OTG_CoreInitHost                     0x080034e9   Thumb Code   150  usb_core.o(i.USB_OTG_CoreInitHost)
    USB_OTG_DisableGlobalInt                 0x080035d9   Thumb Code    16  usb_core.o(i.USB_OTG_DisableGlobalInt)
    USB_OTG_DriveVbus                        0x080035e9   Thumb Code    52  usb_core.o(i.USB_OTG_DriveVbus)
    USB_OTG_EnableGlobalInt                  0x0800361d   Thumb Code    16  usb_core.o(i.USB_OTG_EnableGlobalInt)
    USB_OTG_EnableHostInt                    0x0800362d   Thumb Code    62  usb_core.o(i.USB_OTG_EnableHostInt)
    USB_OTG_FlushRxFifo                      0x08003671   Thumb Code    52  usb_core.o(i.USB_OTG_FlushRxFifo)
    USB_OTG_FlushTxFifo                      0x080036a9   Thumb Code    60  usb_core.o(i.USB_OTG_FlushTxFifo)
    USB_OTG_HC_DoPing                        0x080036e9   Thumb Code    42  usb_core.o(i.USB_OTG_HC_DoPing)
    USB_OTG_HC_Halt                          0x08003713   Thumb Code    60  usb_core.o(i.USB_OTG_HC_Halt)
    USB_OTG_HC_Init                          0x0800374f   Thumb Code   236  usb_core.o(i.USB_OTG_HC_Init)
    USB_OTG_HC_StartXfer                     0x0800383b   Thumb Code   258  usb_core.o(i.USB_OTG_HC_StartXfer)
    USB_OTG_InitFSLSPClkSel                  0x0800393d   Thumb Code    12  usb_core.o(i.USB_OTG_InitFSLSPClkSel)
    USB_OTG_IsEvenFrame                      0x08003949   Thumb Code    12  usb_core.o(i.USB_OTG_IsEvenFrame)
    USB_OTG_IsHostMode                       0x08003955   Thumb Code    14  usb_core.o(i.USB_OTG_IsHostMode)
    USB_OTG_ReadCoreItr                      0x08003963   Thumb Code    10  usb_core.o(i.USB_OTG_ReadCoreItr)
    USB_OTG_ReadHPRT0                        0x0800396d   Thumb Code    12  usb_core.o(i.USB_OTG_ReadHPRT0)
    USB_OTG_ReadHostAllChannels_intr         0x08003979   Thumb Code     6  usb_core.o(i.USB_OTG_ReadHostAllChannels_intr)
    USB_OTG_ReadPacket                       0x0800397f   Thumb Code    32  usb_core.o(i.USB_OTG_ReadPacket)
    USB_OTG_ResetPort                        0x0800399f   Thumb Code    42  usb_core.o(i.USB_OTG_ResetPort)
    USB_OTG_SelectCore                       0x080039c9   Thumb Code   188  usb_core.o(i.USB_OTG_SelectCore)
    USB_OTG_SetCurrentMode                   0x08003a89   Thumb Code    42  usb_core.o(i.USB_OTG_SetCurrentMode)
    USB_OTG_WritePacket                      0x0800481d   Thumb Code    40  usb_core.o(i.USB_OTG_WritePacket)
    UsageFault_Handler                       0x08004845   Thumb Code     2  stm32fxxx_it.o(i.UsageFault_Handler)
    __0printf$8                              0x08004849   Thumb Code    22  printf8.o(i.__0printf$8)
    __1printf$8                              0x08004849   Thumb Code     0  printf8.o(i.__0printf$8)
    __2printf                                0x08004849   Thumb Code     0  printf8.o(i.__0printf$8)
    __scatterload_copy                       0x08004869   Thumb Code    14  handlers.o(i.__scatterload_copy)
    __scatterload_null                       0x08004877   Thumb Code     2  handlers.o(i.__scatterload_null)
    __scatterload_zeroinit                   0x08004879   Thumb Code    14  handlers.o(i.__scatterload_zeroinit)
    chk_mounted                              0x08004d55   Thumb Code   440  ff.o(i.chk_mounted)
    clust2sect                               0x08004f19   Thumb Code    24  ff.o(i.clust2sect)
    delay_10us                               0x080051b9   Thumb Code     2  ltm022a69b.o(i.delay_10us)
    disk_initialize                          0x08005701   Thumb Code    24  usbh_msc_fatfs.o(i.disk_initialize)
    disk_ioctl                               0x08005721   Thumb Code    56  usbh_msc_fatfs.o(i.disk_ioctl)
    disk_read                                0x08005761   Thumb Code    86  usbh_msc_fatfs.o(i.disk_read)
    disk_status                              0x080057c5   Thumb Code    12  usbh_msc_fatfs.o(i.disk_status)
    disk_write                               0x080057d5   Thumb Code    96  usbh_msc_fatfs.o(i.disk_write)
    f_close                                  0x08005841   Thumb Code    18  ff.o(i.f_close)
    f_lseek                                  0x08005853   Thumb Code   320  ff.o(i.f_lseek)
    f_mount                                  0x08005995   Thumb Code    26  ff.o(i.f_mount)
    f_open                                   0x080059b5   Thumb Code   334  ff.o(i.f_open)
    f_opendir                                0x08005b09   Thumb Code    82  ff.o(i.f_opendir)
    f_read                                   0x08005b61   Thumb Code   344  ff.o(i.f_read)
    f_readdir                                0x08005cb9   Thumb Code    84  ff.o(i.f_readdir)
    f_sync                                   0x08005d11   Thumb Code   164  ff.o(i.f_sync)
    f_write                                  0x08005db5   Thumb Code   404  ff.o(i.f_write)
    ff_convert                               0x08005f49   Thumb Code    50  ccsbcs.o(i.ff_convert)
    ff_wtoupper                              0x08005f81   Thumb Code    28  ccsbcs.o(i.ff_wtoupper)
    fputc                                    0x08006011   Thumb Code   244  lcd_log.o(i.fputc)
    gen_numname                              0x0800610d   Thumb Code   104  ff.o(i.gen_numname)
    get_fat                                  0x08006175   Thumb Code   178  ff.o(i.get_fat)
    get_fattime                              0x08006227   Thumb Code     4  fattime.o(i.get_fattime)
    lcd_ctrl_port_init                       0x080062f5   Thumb Code   100  ltm022a69b.o(i.lcd_ctrl_port_init)
    main                                     0x08006361   Thumb Code    76  main.o(i.main)
    put_fat                                  0x08006443   Thumb Code   232  ff.o(i.put_fat)
    MSG_DEV_ATTACHED                         0x0800667e   Data          20  usbh_usr.o(.constdata)
    MSG_DEV_DISCONNECTED                     0x08006692   Data          23  usbh_usr.o(.constdata)
    MSG_DEV_ENUMERATED                       0x080066a9   Data          26  usbh_usr.o(.constdata)
    MSG_DEV_HIGHSPEED                        0x080066c3   Data          30  usbh_usr.o(.constdata)
    MSG_DEV_FULLSPEED                        0x080066e1   Data          30  usbh_usr.o(.constdata)
    MSG_DEV_LOWSPEED                         0x080066ff   Data          29  usbh_usr.o(.constdata)
    MSG_DEV_ERROR                            0x0800671c   Data          17  usbh_usr.o(.constdata)
    MSG_MSC_CLASS                            0x0800672d   Data          33  usbh_usr.o(.constdata)
    MSG_HID_CLASS                            0x0800674e   Data          24  usbh_usr.o(.constdata)
    MSG_ROOT_CONT                            0x08006766   Data          28  usbh_usr.o(.constdata)
    MSG_WR_PROTECT                           0x08006782   Data          31  usbh_usr.o(.constdata)
    MSG_UNREC_ERROR                          0x080067a1   Data          27  usbh_usr.o(.constdata)
    COM_TX_PIN_SOURCE                        0x080067bc   Data           1  stm32_eval.o(.constdata)
    COM_RX_PIN_SOURCE                        0x080067bd   Data           1  stm32_eval.o(.constdata)
    COM_TX_AF                                0x080067be   Data           1  stm32_eval.o(.constdata)
    COM_RX_AF                                0x080067bf   Data           1  stm32_eval.o(.constdata)
    COM_TX_PIN                               0x080067c0   Data           2  stm32_eval.o(.constdata)
    COM_RX_PIN                               0x080067c2   Data           2  stm32_eval.o(.constdata)
    BUTTON_PORT_SOURCE                       0x080067c4   Data           3  stm32_eval.o(.constdata)
    BUTTON_PIN_SOURCE                        0x080067c7   Data           3  stm32_eval.o(.constdata)
    BUTTON_IRQn                              0x080067ca   Data           3  stm32_eval.o(.constdata)
    COM_USART_CLK                            0x080067d0   Data           4  stm32_eval.o(.constdata)
    COM_TX_PORT_CLK                          0x080067d4   Data           4  stm32_eval.o(.constdata)
    COM_RX_PORT_CLK                          0x080067d8   Data           4  stm32_eval.o(.constdata)
    BUTTON_PIN                               0x080067dc   Data           6  stm32_eval.o(.constdata)
    BUTTON_EXTI_LINE                         0x080067e2   Data           6  stm32_eval.o(.constdata)
    GPIO_PIN                                 0x080067e8   Data           8  stm32_eval.o(.constdata)
    GPIO_CLK                                 0x080067f0   Data          16  stm32_eval.o(.constdata)
    BUTTON_CLK                               0x08006800   Data          12  stm32_eval.o(.constdata)
    ASCII16x24_Table                         0x0800680c   Data        4560  ltm022a69b.o(.constdata)
    ASCII12x12_Table                         0x080079dc   Data        2304  ltm022a69b.o(.constdata)
    ASCII8x12_Table                          0x080082dc   Data        2304  ltm022a69b.o(.constdata)
    Region$$Table$$Base                      0x08009170   Number         0  anon$$obj.o(Region$$Table)
    Region$$Table$$Limit                     0x08009190   Number         0  anon$$obj.o(Region$$Table)
    BSP_delay                                0x20000000   Data           4  usb_bsp.o(.data)
    USBH_USR_ApplicationState                0x20000004   Data           1  usbh_usr.o(.data)
    line_idx                                 0x20000005   Data           1  usbh_usr.o(.data)
    USR_cb                                   0x2000000c   Data          72  usbh_usr.o(.data)
    COM_USART                                0x20000054   Data           4  stm32_eval.o(.data)
    COM_TX_PORT                              0x20000058   Data           4  stm32_eval.o(.data)
    COM_RX_PORT                              0x2000005c   Data           4  stm32_eval.o(.data)
    GPIO_PORT                                0x20000060   Data          16  stm32_eval.o(.data)
    BUTTON_PORT                              0x20000070   Data          12  stm32_eval.o(.data)
    LCD_CacheBuffer_yptr_invert              0x2000007c   Data           1  lcd_log.o(.data)
    LCD_ScrollActive                         0x2000007d   Data           1  lcd_log.o(.data)
    LCD_Lock                                 0x2000007e   Data           1  lcd_log.o(.data)
    LCD_Scrolled                             0x2000007f   Data           1  lcd_log.o(.data)
    LCD_LineColor                            0x20000080   Data           2  lcd_log.o(.data)
    LCD_CacheBuffer_xptr                     0x20000082   Data           2  lcd_log.o(.data)
    LCD_CacheBuffer_yptr_top                 0x20000084   Data           2  lcd_log.o(.data)
    LCD_CacheBuffer_yptr_bottom              0x20000086   Data           2  lcd_log.o(.data)
    LCD_CacheBuffer_yptr_top_bak             0x20000088   Data           2  lcd_log.o(.data)
    LCD_CacheBuffer_yptr_bottom_bak          0x2000008a   Data           2  lcd_log.o(.data)
    LCD_ScrollBackStep                       0x2000008c   Data           2  lcd_log.o(.data)
    Font16x24                                0x2000009c   Data           8  ltm022a69b.o(.data)
    Font12x12                                0x200000a4   Data           8  ltm022a69b.o(.data)
    Font8x12                                 0x200000ac   Data           8  ltm022a69b.o(.data)
    USBH_DeviceConnStatus_cb                 0x200000b8   Data          12  usbh_core.o(.data)
    MSCErrorCount                            0x200000d8   Data           1  usbh_msc_core.o(.data)
    USBH_MSC_cb                              0x200000dc   Data          16  usbh_msc_core.o(.data)
    __stdout                                 0x200000f8   Data           4  stdout.o(.data)
    USB_OTG_Core                             0x200000fc   Data        1200  main.o(.bss)
    USB_Host                                 0x200005ac   Data         132  main.o(.bss)
    fatfs                                    0x20000830   Data         560  usbh_usr.o(.bss)
    file                                     0x20000a60   Data         548  usbh_usr.o(.bss)
    Image_Buf                                0x20000c84   Data         720  usbh_usr.o(.bss)
    LCD_CacheBuffer                          0x20000f54   Data         624  lcd_log.o(.bss)
    USBH_MSC_Param                           0x200011c4   Data          16  usbh_msc_scsi.o(.bss)
    USBH_DataInBuffer                        0x200011d4   Data         512  usbh_msc_scsi.o(.bss)
    USBH_MSC_CBWData                         0x200013d4   Data          32  usbh_msc_bot.o(.bss)
    USBH_MSC_CSWData                         0x200013f4   Data          16  usbh_msc_bot.o(.bss)
    USBH_MSC_BOTXferParam                    0x20001404   Data          16  usbh_msc_bot.o(.bss)
    MSC_Machine                              0x20001414   Data          74  usbh_msc_core.o(.bss)
    __initial_sp                             0x20001a60   Data           0  startup_stm32f2xx.o(STACK)



==============================================================================

Memory Map of the image

  Image Entry point : 0x08000185

  Load Region LR_IROM1 (Base: 0x08000000, Size: 0x0000928c, Max: 0x00100000, ABSOLUTE)

    Execution Region ER_IROM1 (Base: 0x08000000, Size: 0x00009190, Max: 0x00100000, ABSOLUTE)

    Base Addr    Size         Type   Attr      Idx    E Section Name        Object

    0x08000000   0x00000184   Data   RO          683    RESET               startup_stm32f2xx.o
    0x08000184   0x00000000   Code   RO         4465  * .ARM.Collect$$$$00000000  mc_w.l(entry.o)
    0x08000184   0x00000004   Code   RO         4735    .ARM.Collect$$$$00000001  mc_w.l(entry2.o)
    0x08000188   0x00000004   Code   RO         4738    .ARM.Collect$$$$00000004  mc_w.l(entry5.o)
    0x0800018c   0x00000000   Code   RO         4740    .ARM.Collect$$$$00000008  mc_w.l(entry7b.o)
    0x0800018c   0x00000000   Code   RO         4742    .ARM.Collect$$$$0000000A  mc_w.l(entry8b.o)
    0x0800018c   0x00000008   Code   RO         4743    .ARM.Collect$$$$0000000B  mc_w.l(entry9a.o)
    0x08000194   0x00000000   Code   RO         4745    .ARM.Collect$$$$0000000D  mc_w.l(entry10a.o)
    0x08000194   0x00000000   Code   RO         4747    .ARM.Collect$$$$0000000F  mc_w.l(entry11a.o)
    0x08000194   0x00000004   Code   RO         4736    .ARM.Collect$$$$00002712  mc_w.l(entry2.o)
    0x08000198   0x00000024   Code   RO          684    .text               startup_stm32f2xx.o
    0x080001bc   0x00000024   Code   RO         4468    .text               mc_w.l(memcpya.o)
    0x080001e0   0x00000024   Code   RO         4470    .text               mc_w.l(strstr.o)
    0x08000204   0x00000062   Code   RO         4752    .text               mc_w.l(uldiv.o)
    0x08000266   0x00000002   PAD
    0x08000268   0x00000024   Code   RO         4765    .text               mc_w.l(init.o)
    0x0800028c   0x0000001e   Code   RO         4767    .text               mc_w.l(llshl.o)
    0x080002aa   0x00000020   Code   RO         4769    .text               mc_w.l(llushr.o)
    0x080002ca   0x00000002   PAD
    0x080002cc   0x00000024   Code   RO          210    i.BSP_Delay         usb_bsp.o
    0x080002f0   0x0000006a   Code   RO          211    i.BSP_SetTime       usb_bsp.o
    0x0800035a   0x00000002   Code   RO            1    i.BusFault_Handler  stm32fxxx_it.o
    0x0800035c   0x00000002   Code   RO            2    i.DebugMon_Handler  stm32fxxx_it.o
    0x0800035e   0x00000002   PAD
    0x08000360   0x00000028   Code   RO            3    i.EXTI1_IRQHandler  stm32fxxx_it.o
    0x08000388   0x0000000c   Code   RO         1392    i.EXTI_ClearITPendingBit  stm32f2xx_exti.o
    0x08000394   0x00000020   Code   RO         1396    i.EXTI_GetITStatus  stm32f2xx_exti.o
    0x080003b4   0x00000070   Code   RO         1397    i.EXTI_Init         stm32f2xx_exti.o
    0x08000424   0x00000190   Code   RO          456    i.Explore_Disk      usbh_usr.o
    0x080005b4   0x000000a2   Code   RO         1752    i.GPIO_Init         stm32f2xx_gpio.o
    0x08000656   0x00000020   Code   RO         1753    i.GPIO_PinAFConfig  stm32f2xx_gpio.o
    0x08000676   0x0000000e   Code   RO         1756    i.GPIO_ReadInputDataBit  stm32f2xx_gpio.o
    0x08000684   0x00000004   Code   RO         1759    i.GPIO_ResetBits    stm32f2xx_gpio.o
    0x08000688   0x00000004   Code   RO         1760    i.GPIO_SetBits      stm32f2xx_gpio.o
    0x0800068c   0x00000008   Code   RO         3916    i.HCD_GetCurrentFrame  usb_hcd.o
    0x08000694   0x0000000c   Code   RO         3917    i.HCD_GetCurrentSpeed  usb_hcd.o
    0x080006a0   0x00000008   Code   RO         3919    i.HCD_GetURB_State  usb_hcd.o
    0x080006a8   0x0000000a   Code   RO         3920    i.HCD_GetXferCnt    usb_hcd.o
    0x080006b2   0x00000056   Code   RO         3922    i.HCD_Init          usb_hcd.o
    0x08000708   0x00000006   Code   RO         3923    i.HCD_IsDeviceConnected  usb_hcd.o
    0x0800070e   0x0000000a   Code   RO         3924    i.HCD_ResetPort     usb_hcd.o
    0x08000718   0x00000014   Code   RO         3925    i.HCD_SubmitRequest  usb_hcd.o
    0x0800072c   0x00000002   Code   RO            4    i.HardFault_Handler  stm32fxxx_it.o
    0x0800072e   0x00000002   PAD
    0x08000730   0x00000134   Code   RO          457    i.Image_Browser     usbh_usr.o
    0x08000864   0x00000094   Code   RO         1021    i.LCD_Clear         ltm022a69b.o
    0x080008f8   0x00000024   Code   RO         1022    i.LCD_ClearLine     ltm022a69b.o
    0x0800091c   0x00000020   Code   RO         1023    i.LCD_DisplayChar   ltm022a69b.o
    0x0800093c   0x00000030   Code   RO         1024    i.LCD_DisplayStringLine  ltm022a69b.o
    0x0800096c   0x000000e0   Code   RO         1025    i.LCD_DrawChar      ltm022a69b.o
    0x08000a4c   0x0000000c   Code   RO         1028    i.LCD_GetFont       ltm022a69b.o
    0x08000a58   0x00000026   Code   RO          775    i.LCD_LOG_ClearTextZone  lcd_log.o
    0x08000a7e   0x00000002   PAD
    0x08000a80   0x00000028   Code   RO          776    i.LCD_LOG_DeInit    lcd_log.o
    0x08000aa8   0x00000012   Code   RO          777    i.LCD_LOG_Init      lcd_log.o
    0x08000aba   0x00000066   Code   RO          778    i.LCD_LOG_SetFooter  lcd_log.o
    0x08000b20   0x00000090   Code   RO          779    i.LCD_LOG_SetHeader  lcd_log.o
    0x08000bb0   0x000000a0   Code   RO          780    i.LCD_LOG_UpdateDisplay  lcd_log.o
    0x08000c50   0x00000010   Code   RO         1030    i.LCD_SetBackColor  ltm022a69b.o
    0x08000c60   0x0000000c   Code   RO         1032    i.LCD_SetFont       ltm022a69b.o
    0x08000c6c   0x00000010   Code   RO         1033    i.LCD_SetTextColor  ltm022a69b.o
    0x08000c7c   0x00000064   Code   RO         1034    i.LCD_WRITE_COMMAND  ltm022a69b.o
    0x08000ce0   0x00000016   Code   RO         1035    i.LCD_WRITE_DATA    ltm022a69b.o
    0x08000cf6   0x00000002   PAD
    0x08000cf8   0x00000040   Code   RO         1036    i.LCD_WRITE_REG     ltm022a69b.o
    0x08000d38   0x00000028   Code   RO         1037    i.LCD_WriteRAM_Prepare  ltm022a69b.o
    0x08000d60   0x00000002   Code   RO            5    i.MemManage_Handler  stm32fxxx_it.o
    0x08000d62   0x00000002   Code   RO            6    i.NMI_Handler       stm32fxxx_it.o
    0x08000d64   0x00000064   Code   RO          272    i.NVIC_Init         misc.o
    0x08000dc8   0x00000014   Code   RO          273    i.NVIC_PriorityGroupConfig  misc.o
    0x08000ddc   0x00000014   Code   RO          274    i.NVIC_SetVectorTable  misc.o
    0x08000df0   0x0000000c   Code   RO            7    i.OTG_FS_IRQHandler  stm32fxxx_it.o
    0x08000dfc   0x00000002   Code   RO            8    i.PendSV_Handler    stm32fxxx_it.o
    0x08000dfe   0x00000002   PAD
    0x08000e00   0x00000018   Code   RO         2117    i.RCC_AHB1PeriphClockCmd  stm32f2xx_rcc.o
    0x08000e18   0x00000018   Code   RO         2120    i.RCC_AHB2PeriphClockCmd  stm32f2xx_rcc.o
    0x08000e30   0x00000018   Code   RO         2126    i.RCC_APB1PeriphClockCmd  stm32f2xx_rcc.o
    0x08000e48   0x00000018   Code   RO         2128    i.RCC_APB1PeriphResetCmd  stm32f2xx_rcc.o
    0x08000e60   0x00000018   Code   RO         2129    i.RCC_APB2PeriphClockCmd  stm32f2xx_rcc.o
    0x08000e78   0x00000018   Code   RO         2131    i.RCC_APB2PeriphResetCmd  stm32f2xx_rcc.o
    0x08000e90   0x000000b4   Code   RO         1038    i.SPI0_Init         ltm022a69b.o
    0x08000f44   0x00000034   Code   RO         1039    i.SPI0_communication  ltm022a69b.o
    0x08000f78   0x00000014   Code   RO         2394    i.SPI_Cmd           stm32f2xx_spi.o
    0x08000f8c   0x00000054   Code   RO         2401    i.SPI_I2S_DeInit    stm32f2xx_spi.o
    0x08000fe0   0x0000000e   Code   RO         2402    i.SPI_I2S_GetFlagStatus  stm32f2xx_spi.o
    0x08000fee   0x00000004   Code   RO         2405    i.SPI_I2S_ReceiveData  stm32f2xx_spi.o
    0x08000ff2   0x00000004   Code   RO         2406    i.SPI_I2S_SendData  stm32f2xx_spi.o
    0x08000ff6   0x00000038   Code   RO         2407    i.SPI_Init          stm32f2xx_spi.o
    0x0800102e   0x00000002   PAD
    0x08001030   0x00000260   Code   RO         1040    i.STM322xG_LCD_Init  ltm022a69b.o
    0x08001290   0x00000048   Code   RO          694    i.STM_EVAL_LEDInit  stm32_eval.o
    0x080012d8   0x0000001c   Code   RO          697    i.STM_EVAL_LEDToggle  stm32_eval.o
    0x080012f4   0x00000018   Code   RO          698    i.STM_EVAL_PBGetState  stm32_eval.o
    0x0800130c   0x000000a0   Code   RO          699    i.STM_EVAL_PBInit   stm32_eval.o
    0x080013ac   0x00000002   Code   RO            9    i.SVC_Handler       stm32fxxx_it.o
    0x080013ae   0x00000002   PAD
    0x080013b0   0x00000028   Code   RO         1232    i.SYSCFG_EXTILineConfig  stm32f2xx_syscfg.o
    0x080013d8   0x00000098   Code   RO          652    i.SetSysClock       system_stm32f2xx.o
    0x08001470   0x000000c4   Code   RO          458    i.Show_Image        usbh_usr.o
    0x08001534   0x00000050   Code   RO          654    i.SystemInit        system_stm32f2xx.o
    0x08001584   0x00000004   Code   RO           10    i.TIM2_IRQHandler   stm32fxxx_it.o
    0x08001588   0x00000014   Code   RO         2721    i.TIM_ARRPreloadConfig  stm32f2xx_tim.o
    0x0800159c   0x00000006   Code   RO         2728    i.TIM_ClearITPendingBit  stm32f2xx_tim.o
    0x080015a2   0x00000014   Code   RO         2733    i.TIM_Cmd           stm32f2xx_tim.o
    0x080015b6   0x00000018   Code   RO         2754    i.TIM_GetITStatus   stm32f2xx_tim.o
    0x080015ce   0x00000010   Code   RO         2758    i.TIM_ITConfig      stm32f2xx_tim.o
    0x080015de   0x00000002   PAD
    0x080015e0   0x0000007c   Code   RO         2805    i.TIM_TimeBaseInit  stm32f2xx_tim.o
    0x0800165c   0x00000034   Code   RO          459    i.Toggle_Leds       usbh_usr.o
    0x08001690   0x00000034   Code   RO         3588    i.USBH_Alloc_Channel  usbh_hcs.o
    0x080016c4   0x00000026   Code   RO         3627    i.USBH_BulkReceiveData  usbh_ioreq.o
    0x080016ea   0x00000028   Code   RO         3628    i.USBH_BulkSendData  usbh_ioreq.o
    0x08001712   0x0000002e   Code   RO         3444    i.USBH_ClrFeature   usbh_stdreq.o
    0x08001740   0x00000012   Code   RO         3532    i.USBH_Connect      usbh_core.o
    0x08001752   0x00000022   Code   RO         3629    i.USBH_CtlReceiveData  usbh_ioreq.o
    0x08001774   0x00000050   Code   RO         3630    i.USBH_CtlReq       usbh_ioreq.o
    0x080017c4   0x00000036   Code   RO         3631    i.USBH_CtlSendData  usbh_ioreq.o
    0x080017fa   0x00000024   Code   RO         3632    i.USBH_CtlSendSetup  usbh_ioreq.o
    0x0800181e   0x00000018   Code   RO         3589    i.USBH_DeAllocate_AllChannel  usbh_hcs.o
    0x08001836   0x00000034   Code   RO         3533    i.USBH_DeInit       usbh_core.o
    0x0800186a   0x00000012   Code   RO         3534    i.USBH_Disconnect   usbh_core.o
    0x0800187c   0x0000002c   Code   RO         3535    i.USBH_ErrorHandle  usbh_core.o
    0x080018a8   0x0000001a   Code   RO         3590    i.USBH_Free_Channel  usbh_hcs.o
    0x080018c2   0x00000030   Code   RO         3445    i.USBH_GetDescriptor  usbh_stdreq.o
    0x080018f2   0x0000000e   Code   RO         3446    i.USBH_GetNextDesc  usbh_stdreq.o
    0x08001900   0x0000003a   Code   RO         3447    i.USBH_Get_CfgDesc  usbh_stdreq.o
    0x0800193a   0x00000084   Code   RO         3448    i.USBH_Get_DevDesc  usbh_stdreq.o
    0x080019be   0x00000048   Code   RO         3449    i.USBH_Get_StringDesc  usbh_stdreq.o
    0x08001a06   0x00000002   PAD
    0x08001a08   0x000001d0   Code   RO         3536    i.USBH_HandleControl  usbh_core.o
    0x08001bd8   0x00000194   Code   RO         3537    i.USBH_HandleEnum   usbh_core.o
    0x08001d6c   0x00000054   Code   RO         3538    i.USBH_Init         usbh_core.o
    0x08001dc0   0x00000038   Code   RO         4032    i.USBH_MSC_BOT_Abort  usbh_msc_bot.o
    0x08001df8   0x0000000c   Code   RO         4069    i.USBH_MSC_ClassRequest  usbh_msc_core.o
    0x08001e04   0x0000005c   Code   RO         4033    i.USBH_MSC_DecodeCSW  usbh_msc_bot.o
    0x08001e60   0x00000034   Code   RO         4070    i.USBH_MSC_ErrorHandle  usbh_msc_core.o
    0x08001e94   0x00000164   Code   RO         4071    i.USBH_MSC_Handle   usbh_msc_core.o
    0x08001ff8   0x00000204   Code   RO         4034    i.USBH_MSC_HandleBOTXfer  usbh_msc_bot.o
    0x080021fc   0x0000003c   Code   RO         4035    i.USBH_MSC_Init     usbh_msc_bot.o
    0x08002238   0x00000038   Code   RO         4072    i.USBH_MSC_InterfaceDeInit  usbh_msc_core.o
    0x08002270   0x000000a0   Code   RO         4073    i.USBH_MSC_InterfaceInit  usbh_msc_core.o
    0x08002310   0x0000009c   Code   RO         3982    i.USBH_MSC_ModeSense6  usbh_msc_scsi.o
    0x080023ac   0x000000d8   Code   RO         3983    i.USBH_MSC_Read10   usbh_msc_scsi.o
    0x08002484   0x000000a0   Code   RO         3984    i.USBH_MSC_ReadCapacity10  usbh_msc_scsi.o
    0x08002524   0x000000a0   Code   RO         3985    i.USBH_MSC_RequestSense  usbh_msc_scsi.o
    0x080025c4   0x00000080   Code   RO         3986    i.USBH_MSC_TestUnitReady  usbh_msc_scsi.o
    0x08002644   0x0000009c   Code   RO         3987    i.USBH_MSC_Write10  usbh_msc_scsi.o
    0x080026e0   0x00000032   Code   RO         3591    i.USBH_Modify_Channel  usbh_hcs.o
    0x08002712   0x000000a8   Code   RO         3681    i.USBH_OTG_ISR_Handler  usb_hcd_int.o
    0x080027ba   0x00000050   Code   RO         3592    i.USBH_Open_Channel  usbh_hcs.o
    0x0800280a   0x000000ea   Code   RO         3450    i.USBH_ParseCfgDesc  usbh_stdreq.o
    0x080028f4   0x000001aa   Code   RO         3539    i.USBH_Process      usbh_core.o
    0x08002a9e   0x00000018   Code   RO         3451    i.USBH_SetAddress   usbh_stdreq.o
    0x08002ab6   0x00000018   Code   RO         3452    i.USBH_SetCfg       usbh_stdreq.o
    0x08002ace   0x00000002   PAD
    0x08002ad0   0x0000002c   Code   RO          460    i.USBH_USR_Configuration_DescAvailable  usbh_usr.o
    0x08002afc   0x0000000c   Code   RO          461    i.USBH_USR_DeInit   usbh_usr.o
    0x08002b08   0x00000002   Code   RO          462    i.USBH_USR_DeviceAddressAssigned  usbh_usr.o
    0x08002b0a   0x00000002   PAD
    0x08002b0c   0x00000018   Code   RO          463    i.USBH_USR_DeviceAttached  usbh_usr.o
    0x08002b24   0x0000006c   Code   RO          464    i.USBH_USR_DeviceDisconnected  usbh_usr.o
    0x08002b90   0x00000044   Code   RO          465    i.USBH_USR_DeviceNotSupported  usbh_usr.o
    0x08002bd4   0x00000038   Code   RO          466    i.USBH_USR_DeviceSpeedDetected  usbh_usr.o
    0x08002c0c   0x00000048   Code   RO          467    i.USBH_USR_Device_DescAvailable  usbh_usr.o
    0x08002c54   0x0000008c   Code   RO          468    i.USBH_USR_EnumerationDone  usbh_usr.o
    0x08002ce0   0x000000b8   Code   RO          469    i.USBH_USR_Init     usbh_usr.o
    0x08002d98   0x000003e8   Code   RO          470    i.USBH_USR_MSC_Application  usbh_usr.o
    0x08003180   0x00000028   Code   RO          471    i.USBH_USR_Manufacturer_String  usbh_usr.o
    0x080031a8   0x00000044   Code   RO          472    i.USBH_USR_OverCurrentDetected  usbh_usr.o
    0x080031ec   0x00000024   Code   RO          473    i.USBH_USR_Product_String  usbh_usr.o
    0x08003210   0x00000002   Code   RO          474    i.USBH_USR_ResetDevice  usbh_usr.o
    0x08003212   0x00000002   PAD
    0x08003214   0x00000028   Code   RO          475    i.USBH_USR_SerialNum_String  usbh_usr.o
    0x0800323c   0x00000030   Code   RO          476    i.USBH_USR_UnrecoveredError  usbh_usr.o
    0x0800326c   0x00000012   Code   RO          477    i.USBH_USR_UserInput  usbh_usr.o
    0x0800327e   0x00000002   PAD
    0x08003280   0x00000044   Code   RO          212    i.USB_OTG_BSP_ConfigVBUS  usb_bsp.o
    0x080032c4   0x00000018   Code   RO          213    i.USB_OTG_BSP_DriveVBUS  usb_bsp.o
    0x080032dc   0x00000028   Code   RO          214    i.USB_OTG_BSP_EnableInterrupt  usb_bsp.o
    0x08003304   0x000000c4   Code   RO          215    i.USB_OTG_BSP_Init  usb_bsp.o
    0x080033c8   0x00000038   Code   RO          216    i.USB_OTG_BSP_TimerIRQ  usb_bsp.o
    0x08003400   0x00000006   Code   RO          217    i.USB_OTG_BSP_mDelay  usb_bsp.o
    0x08003406   0x00000006   Code   RO          218    i.USB_OTG_BSP_uDelay  usb_bsp.o
    0x0800340c   0x000000da   Code   RO         3746    i.USB_OTG_CoreInit  usb_core.o
    0x080034e6   0x00000002   PAD
    0x080034e8   0x00000096   Code   RO         3747    i.USB_OTG_CoreInitHost  usb_core.o
    0x0800357e   0x00000002   PAD
    0x08003580   0x00000058   Code   RO         3748    i.USB_OTG_CoreReset  usb_core.o
    0x080035d8   0x00000010   Code   RO         3749    i.USB_OTG_DisableGlobalInt  usb_core.o
    0x080035e8   0x00000034   Code   RO         3750    i.USB_OTG_DriveVbus  usb_core.o
    0x0800361c   0x00000010   Code   RO         3751    i.USB_OTG_EnableGlobalInt  usb_core.o
    0x0800362c   0x00000044   Code   RO         3752    i.USB_OTG_EnableHostInt  usb_core.o
    0x08003670   0x00000038   Code   RO         3753    i.USB_OTG_FlushRxFifo  usb_core.o
    0x080036a8   0x00000040   Code   RO         3754    i.USB_OTG_FlushTxFifo  usb_core.o
    0x080036e8   0x0000002a   Code   RO         3756    i.USB_OTG_HC_DoPing  usb_core.o
    0x08003712   0x0000003c   Code   RO         3757    i.USB_OTG_HC_Halt   usb_core.o
    0x0800374e   0x000000ec   Code   RO         3758    i.USB_OTG_HC_Init   usb_core.o
    0x0800383a   0x00000102   Code   RO         3759    i.USB_OTG_HC_StartXfer  usb_core.o
    0x0800393c   0x0000000c   Code   RO         3760    i.USB_OTG_InitFSLSPClkSel  usb_core.o
    0x08003948   0x0000000c   Code   RO         3762    i.USB_OTG_IsEvenFrame  usb_core.o
    0x08003954   0x0000000e   Code   RO         3763    i.USB_OTG_IsHostMode  usb_core.o
    0x08003962   0x0000000a   Code   RO         3764    i.USB_OTG_ReadCoreItr  usb_core.o
    0x0800396c   0x0000000c   Code   RO         3765    i.USB_OTG_ReadHPRT0  usb_core.o
    0x08003978   0x00000006   Code   RO         3766    i.USB_OTG_ReadHostAllChannels_intr  usb_core.o
    0x0800397e   0x00000020   Code   RO         3768    i.USB_OTG_ReadPacket  usb_core.o
    0x0800399e   0x0000002a   Code   RO         3769    i.USB_OTG_ResetPort  usb_core.o
    0x080039c8   0x000000c0   Code   RO         3770    i.USB_OTG_SelectCore  usb_core.o
    0x08003a88   0x0000002a   Code   RO         3771    i.USB_OTG_SetCurrentMode  usb_core.o
    0x08003ab2   0x0000002e   Code   RO         3682    i.USB_OTG_USBH_handle_Disconnect_ISR  usb_hcd_int.o
    0x08003ae0   0x00000046   Code   RO         3683    i.USB_OTG_USBH_handle_IncompletePeriodicXfer_ISR  usb_hcd_int.o
    0x08003b26   0x00000056   Code   RO         3684    i.USB_OTG_USBH_handle_hc_ISR  usb_hcd_int.o
    0x08003b7c   0x00000426   Code   RO         3685    i.USB_OTG_USBH_handle_hc_n_In_ISR  usb_hcd_int.o
    0x08003fa2   0x00000388   Code   RO         3686    i.USB_OTG_USBH_handle_hc_n_Out_ISR  usb_hcd_int.o
    0x0800432a   0x0000012c   Code   RO         3687    i.USB_OTG_USBH_handle_nptxfempty_ISR  usb_hcd_int.o
    0x08004456   0x00000118   Code   RO         3688    i.USB_OTG_USBH_handle_port_ISR  usb_hcd_int.o
    0x0800456e   0x0000012e   Code   RO         3689    i.USB_OTG_USBH_handle_ptxfempty_ISR  usb_hcd_int.o
    0x0800469c   0x00000164   Code   RO         3690    i.USB_OTG_USBH_handle_rx_qlvl_ISR  usb_hcd_int.o
    0x08004800   0x0000001c   Code   RO         3691    i.USB_OTG_USBH_handle_sof_ISR  usb_hcd_int.o
    0x0800481c   0x00000028   Code   RO         3773    i.USB_OTG_WritePacket  usb_core.o
    0x08004844   0x00000002   Code   RO           11    i.UsageFault_Handler  stm32fxxx_it.o
    0x08004846   0x00000002   PAD
    0x08004848   0x00000020   Code   RO         4681    i.__0printf$8       mc_w.l(printf8.o)
    0x08004868   0x0000000e   Code   RO         4777    i.__scatterload_copy  mc_w.l(handlers.o)
    0x08004876   0x00000002   Code   RO         4778    i.__scatterload_null  mc_w.l(handlers.o)
    0x08004878   0x0000000e   Code   RO         4779    i.__scatterload_zeroinit  mc_w.l(handlers.o)
    0x08004886   0x00000002   PAD
    0x08004888   0x00000408   Code   RO         4688    i._printf_core      mc_w.l(printf8.o)
    0x08004c90   0x00000026   Code   RO         4689    i._printf_post_padding  mc_w.l(printf8.o)
    0x08004cb6   0x00000030   Code   RO         4690    i._printf_pre_padding  mc_w.l(printf8.o)
    0x08004ce6   0x00000002   PAD
    0x08004ce8   0x0000005c   Code   RO         4181    i.check_fs          ff.o
    0x08004d44   0x00000010   Code   RO         4182    i.chk_chr           ff.o
    0x08004d54   0x000001c4   Code   RO         4183    i.chk_mounted       ff.o
    0x08004f18   0x00000018   Code   RO         4184    i.clust2sect        ff.o
    0x08004f30   0x00000096   Code   RO         4185    i.create_chain      ff.o
    0x08004fc6   0x00000002   PAD
    0x08004fc8   0x000001f0   Code   RO         4186    i.create_name       ff.o
    0x080051b8   0x00000002   Code   RO         1042    i.delay_10us        ltm022a69b.o
    0x080051ba   0x00000002   PAD
    0x080051bc   0x00000134   Code   RO         4187    i.dir_find          ff.o
    0x080052f0   0x000000ee   Code   RO         4188    i.dir_next          ff.o
    0x080053de   0x00000002   PAD
    0x080053e0   0x000000f0   Code   RO         4189    i.dir_read          ff.o
    0x080054d0   0x000001b0   Code   RO         4190    i.dir_register      ff.o
    0x08005680   0x0000007e   Code   RO         4192    i.dir_seek          ff.o
    0x080056fe   0x00000002   PAD
    0x08005700   0x00000020   Code   RO         4110    i.disk_initialize   usbh_msc_fatfs.o
    0x08005720   0x00000040   Code   RO         4111    i.disk_ioctl        usbh_msc_fatfs.o
    0x08005760   0x00000064   Code   RO         4112    i.disk_read         usbh_msc_fatfs.o
    0x080057c4   0x00000010   Code   RO         4113    i.disk_status       usbh_msc_fatfs.o
    0x080057d4   0x0000006c   Code   RO         4114    i.disk_write        usbh_msc_fatfs.o
    0x08005840   0x00000012   Code   RO         4194    i.f_close           ff.o
    0x08005852   0x00000140   Code   RO         4197    i.f_lseek           ff.o
    0x08005992   0x00000002   PAD
    0x08005994   0x00000020   Code   RO         4200    i.f_mount           ff.o
    0x080059b4   0x00000154   Code   RO         4201    i.f_open            ff.o
    0x08005b08   0x00000058   Code   RO         4202    i.f_opendir         ff.o
    0x08005b60   0x00000158   Code   RO         4206    i.f_read            ff.o
    0x08005cb8   0x00000058   Code   RO         4207    i.f_readdir         ff.o
    0x08005d10   0x000000a4   Code   RO         4210    i.f_sync            ff.o
    0x08005db4   0x00000194   Code   RO         4214    i.f_write           ff.o
    0x08005f48   0x00000038   Code   RO         4152    i.ff_convert        ccsbcs.o
    0x08005f80   0x00000024   Code   RO         4153    i.ff_wtoupper       ccsbcs.o
    0x08005fa4   0x0000006c   Code   RO         4215    i.follow_path       ff.o
    0x08006010   0x000000fc   Code   RO          781    i.fputc             lcd_log.o
    0x0800610c   0x00000068   Code   RO         4216    i.gen_numname       ff.o
    0x08006174   0x000000b2   Code   RO         4217    i.get_fat           ff.o
    0x08006226   0x00000004   Code   RO         4450    i.get_fattime       fattime.o
    0x0800622a   0x000000ca   Code   RO         4218    i.get_fileinfo      ff.o
    0x080062f4   0x0000006c   Code   RO         1044    i.lcd_ctrl_port_init  ltm022a69b.o
    0x08006360   0x00000058   Code   RO          400    i.main              main.o
    0x080063b8   0x00000012   Code   RO         4219    i.mem_cpy           ff.o
    0x080063ca   0x0000000e   Code   RO         4220    i.mem_set           ff.o
    0x080063d8   0x0000006a   Code   RO         4221    i.move_window       ff.o
    0x08006442   0x000000e8   Code   RO         4222    i.put_fat           ff.o
    0x0800652a   0x00000062   Code   RO         4223    i.remove_chain      ff.o
    0x0800658c   0x0000001a   Code   RO         4224    i.sum_sfn           ff.o
    0x080065a6   0x000000b8   Code   RO         4225    i.sync              ff.o
    0x0800665e   0x00000020   Code   RO         4226    i.validate          ff.o
    0x0800667e   0x0000013e   Data   RO          481    .constdata          usbh_usr.o
    0x080067bc   0x00000050   Data   RO          701    .constdata          stm32_eval.o
    0x0800680c   0x000011d0   Data   RO         1052    .constdata          ltm022a69b.o
    0x080079dc   0x00000900   Data   RO         1053    .constdata          ltm022a69b.o
    0x080082dc   0x00000900   Data   RO         1054    .constdata          ltm022a69b.o
    0x08008bdc   0x000004c0   Data   RO         4154    .constdata          ccsbcs.o
    0x0800909c   0x000000d2   Data   RO         4228    .constdata          ff.o
    0x0800916e   0x00000002   PAD
    0x08009170   0x00000020   Data   RO         4775    Region$$Table       anon$$obj.o


    Execution Region RW_IRAM1 (Base: 0x20000000, Size: 0x00001a60, Max: 0x00020000, ABSOLUTE)

    Base Addr    Size         Type   Attr      Idx    E Section Name        Object

    0x20000000   0x00000004   Data   RW          219    .data               usb_bsp.o
    0x20000004   0x00000008   Data   RW          484    .data               usbh_usr.o
    0x2000000c   0x00000048   Data   RW          485    .data               usbh_usr.o
    0x20000054   0x00000028   Data   RW          702    .data               stm32_eval.o
    0x2000007c   0x00000012   Data   RW          783    .data               lcd_log.o
    0x2000008e   0x00000002   PAD
    0x20000090   0x00000014   Data   RW         1057    .data               ltm022a69b.o
    0x200000a4   0x00000008   Data   RW         1058    .data               ltm022a69b.o
    0x200000ac   0x00000008   Data   RW         1059    .data               ltm022a69b.o
    0x200000b4   0x00000010   Data   RW         3540    .data               usbh_core.o
    0x200000c4   0x00000001   Data   RW         3990    .data               usbh_msc_scsi.o
    0x200000c5   0x00000003   PAD
    0x200000c8   0x00000010   Data   RW         4037    .data               usbh_msc_bot.o
    0x200000d8   0x00000002   Data   RW         4075    .data               usbh_msc_core.o
    0x200000da   0x00000002   PAD
    0x200000dc   0x00000010   Data   RW         4076    .data               usbh_msc_core.o
    0x200000ec   0x00000001   Data   RW         4115    .data               usbh_msc_fatfs.o
    0x200000ed   0x00000003   PAD
    0x200000f0   0x00000008   Data   RW         4229    .data               ff.o
    0x200000f8   0x00000004   Data   RW         4749    .data               mc_w.l(stdout.o)
    0x200000fc   0x00000534   Zero   RW          401    .bss                main.o
    0x20000630   0x00000924   Zero   RW          479    .bss                usbh_usr.o
    0x20000f54   0x00000270   Zero   RW          782    .bss                lcd_log.o
    0x200011c4   0x00000210   Zero   RW         3988    .bss                usbh_msc_scsi.o
    0x200013d4   0x00000040   Zero   RW         4036    .bss                usbh_msc_bot.o
    0x20001414   0x0000004a   Zero   RW         4074    .bss                usbh_msc_core.o
    0x2000145e   0x00000200   Zero   RW         4227    .bss                ff.o
    0x2000165e   0x00000002   PAD
    0x20001660   0x00000400   Zero   RW          681    STACK               startup_stm32f2xx.o


==============================================================================

Image component sizes


      Code (inc. data)   RO Data    RW Data    ZI Data      Debug   Object Name

        92         14       1216          0          0       2735   ccsbcs.o
         0          0          0          0          0         32   core_cm3.o
         4          0          0          0          0        518   fattime.o
      5674         78        210          8        512      27440   ff.o
       754         32          0         18        624       6489   lcd_log.o
      1720        100       9168         36          0      13857   ltm022a69b.o
        88         12          0          0       1332       2323   main.o
       140         26          0          0          0     244249   misc.o
        36          8        388          0       1024        912   startup_stm32f2xx.o
       284         36         80         40          0       4332   stm32_eval.o
       156         14          0          0          0       2368   stm32f2xx_exti.o
       216          0          0          0          0       3611   stm32f2xx_gpio.o
       144         36          0          0          0       3678   stm32f2xx_rcc.o
       182         12          0          0          0       4359   stm32f2xx_spi.o
        40          6          0          0          0        656   stm32f2xx_syscfg.o
       210         28          0          0          0       5400   stm32f2xx_tim.o
        72         12          0          0          0     300561   stm32fxxx_it.o
       232         30          0          0          0       1557   system_stm32f2xx.o
       538         28          0          4          0       5396   usb_bsp.o
      1738         22          0          0          0      16245   usb_core.o
       160          0          0          0          0       4755   usb_hcd.o
      3602          0          0          0          0      10651   usb_hcd_int.o
      1510         52          0         16          0       6645   usbh_core.o
       232          0          0          0          0       3884   usbh_hcs.o
       282          0          0          0          0       4722   usbh_ioreq.o
       724         66          0         16         64       6581   usbh_msc_bot.o
       636         50          0         18         74       5529   usbh_msc_core.o
       320         46          0          1          0       5102   usbh_msc_fatfs.o
       976         72          0          1        528       6944   usbh_msc_scsi.o
       652          0          0          0          0      32323   usbh_stdreq.o
      2918       1262        318         80       2340      26812   usbh_usr.o

    ----------------------------------------------------------------------
     24374       2042      11414        248       6500     760666   Object Totals
         0          0         32          0          0          0   (incl. Generated)
        42          0          2         10          2          0   (incl. Padding)

    ----------------------------------------------------------------------

      Code (inc. data)   RO Data    RW Data    ZI Data      Debug   Library Member Name

         0          0          0          0          0          0   entry.o
         0          0          0          0          0          0   entry10a.o
         0          0          0          0          0          0   entry11a.o
         8          4          0          0          0          0   entry2.o
         4          0          0          0          0          0   entry5.o
         0          0          0          0          0          0   entry7b.o
         0          0          0          0          0          0   entry8b.o
         8          4          0          0          0          0   entry9a.o
        30          0          0          0          0          0   handlers.o
        36          8          0          0          0         68   init.o
        30          0          0          0          0         68   llshl.o
        32          0          0          0          0         68   llushr.o
        36          0          0          0          0         68   memcpya.o
      1150         54          0          0          0        352   printf8.o
         0          0          0          4          0          0   stdout.o
        36          0          0          0          0         80   strstr.o
        98          0          0          0          0         92   uldiv.o

    ----------------------------------------------------------------------
      1476         70          0          4          0        796   Library Totals
         8          0          0          0          0          0   (incl. Padding)

    ----------------------------------------------------------------------

      Code (inc. data)   RO Data    RW Data    ZI Data      Debug   Library Name

      1468         70          0          4          0        796   mc_w.l

    ----------------------------------------------------------------------
      1476         70          0          4          0        796   Library Totals

    ----------------------------------------------------------------------

==============================================================================


      Code (inc. data)   RO Data    RW Data    ZI Data      Debug   

     25850       2112      11414        252       6500     749346   Grand Totals
     25850       2112      11414        252       6500     749346   ELF Image Totals
     25850       2112      11414        252          0          0   ROM Totals

==============================================================================

    Total RO  Size (Code + RO Data)                37264 (  36.39kB)
    Total RW  Size (RW Data + ZI Data)              6752 (   6.59kB)
    Total ROM Size (Code + RO Data + RW Data)      37516 (  36.64kB)

==============================================================================

